03-17 18:17:41.116  6388  6503 E AndroidRuntime: 	at android.app.ContextImpl$ApplicationContentResolver.acquireUnstableProvider(ContextImpl.java:2479)
03-17 18:17:41.116  6388  6503 E AndroidRuntime: 	at android.content.ContentResolver.acquireUnstableProvider(ContentResolver.java:1784)
03-17 18:17:41.116  6388  6503 E AndroidRuntime: 	at android.content.ContentResolver.query(ContentResolver.java:742)
03-17 18:17:41.116  6388  6503 E AndroidRuntime: 	at android.content.ContentResolver.query(ContentResolver.java:708)
03-17 18:17:41.116  6388  6503 E AndroidRuntime: 	at android.content.ContentResolver.query(ContentResolver.java:666)
03-17 18:17:41.116  6388  6503 E AndroidRuntime: 	at com.google.android.gms.internal.zzctv.zzbco(Unknown Source:14)
03-17 18:17:41.116  6388  6503 E AndroidRuntime: 	at com.google.android.gms.internal.zzctv.zzbcm(Unknown Source:23)
03-17 18:17:41.116  6388  6503 E AndroidRuntime: 	at com.google.android.gms.internal.zzcuj.zzbct(Unknown Source:4)
03-17 18:17:41.116  6388  6503 E AndroidRuntime: 	at com.google.android.gms.internal.zzcui.zza(Unknown Source:10)
03-17 18:17:41.116  6388  6503 E AndroidRuntime: 	at com.google.android.gms.internal.zzcui.zzbcp(Unknown Source:40)
03-17 18:17:41.116  6388  6503 E AndroidRuntime: 	at com.google.android.gms.internal.zzcui.get(Unknown Source:37)
03-17 18:17:41.116  6388  6503 E AndroidRuntime: 	at com.google.android.gms.internal.zzbeu.zzg(Unknown Source:63)
03-17 18:17:41.116  6388  6503 E AndroidRuntime: 	at com.google.android.gms.internal.zzbea.zzbk(Unknown Source:85)
03-17 18:17:41.116  6388  6503 E AndroidRuntime: 	at com.google.android.gms.internal.zzevz.zza(Unknown Source:210)
03-17 18:17:41.116  6388  6503 E AndroidRuntime: 	at com.google.android.gms.internal.zzevz.zzb(Unknown Source:144)
03-17 18:17:41.116  6388  6503 E AndroidRuntime: 	at com.google.android.gms.internal.zzevz.zza(Unknown Source:0)
03-17 18:17:41.116  6388  6503 E AndroidRuntime: 	at com.google.android.gms.internal.zzewb.run(Unknown Source:6)
03-17 18:17:41.116  6388  6503 E AndroidRuntime: 	at java.util.concurrent.ThreadPoolExecutor.runWorker(ThreadPoolExecutor.java:1162)
03-17 18:17:41.116  6388  6503 E AndroidRuntime: 	at java.util.concurrent.ThreadPoolExecutor$Worker.run(ThreadPoolExecutor.java:636)
03-17 18:17:41.116  6388  6503 E AndroidRuntime: 	at java.lang.Thread.run(Thread.java:764)
03-17 18:17:41.121  1544  2421 W ActivityManager:   Force finishing activity com.olacabs.customer.dev/com.olacabs.customer.ui.SplashActivity
03-17 18:17:41.137  1544  1558 W BroadcastQueue: Skipping deliver [background] BroadcastRecord{ac2fde6 u-1 android.net.conn.CONNECTIVITY_CHANGE} to ReceiverList{e49af28 6388 com.olacabs.customer.dev/10082/u0 remote:73b794b}: process crashing
03-17 18:17:41.467  1544  1554 I WindowManager: Failed to capture screenshot of Token{d300b13 ActivityRecord{5517602 u0 com.olacabs.customer.dev/com.olacabs.customer.ui.SplashActivity t11 f}} appWin=Window{e4d829d u0 com.olacabs.customer.dev/com.olacabs.customer.ui.SplashActivity} drawState=1
03-17 18:17:41.565  1544  1559 W Looper  : Dispatch took 384ms on android.ui, h=Handler (android.view.Choreographer$FrameHandler) {221cb6d} cb=android.view.Choreographer$FrameDisplayEventReceiver@7ad03a2 msg=0
03-17 18:17:41.676  1544  1559 W Looper  : Dispatch took 111ms on android.ui, h=Handler (android.view.Choreographer$FrameHandler) {221cb6d} cb=android.view.Choreographer$FrameDisplayEventReceiver@7ad03a2 msg=0
03-17 18:17:41.732  2479  5870 E ActivityThread: Failed to find provider info for com.google.android.apps.gsa.testing.ui.audio.recorded
03-17 18:17:42.006  1544  1555 W ActivityManager: Permission Denial: opening provider com.google.android.gms.phenotype.provider.ConfigurationProvider from ProcessRecord{ebb7367 6388:com.olacabs.customer.dev/u0a82} (pid=6388, uid=10082) that is not exported from UID 10011
03-17 18:17:42.009  1544  2341 W ActivityManager: Permission Denial: opening provider com.google.android.gms.phenotype.provider.ConfigurationProvider from ProcessRecord{ebb7367 6388:com.olacabs.customer.dev/u0a82} (pid=6388, uid=10082) that is not exported from UID 10011
03-17 18:17:42.062  1544  1554 I WindowManager: WIN DEATH: Window{cbb6fb1 u0 com.olacabs.customer.dev/com.olacabs.customer.ui.SplashActivity}
03-17 18:17:42.063  1544  2438 D ConnectivityService: ConnectivityService NetworkRequestInfo binderDied(NetworkRequest [ LISTEN id=12, [ Capabilities: INTERNET&NOT_RESTRICTED&TRUSTED&FOREGROUND] ], android.os.BinderProxy@15945d)
03-17 18:17:42.066  1544  1651 E ConnectivityService: RemoteException caught trying to send a callback msg for NetworkRequest [ LISTEN id=12, [ Capabilities: INTERNET&NOT_RESTRICTED&TRUSTED&FOREGROUND] ]
03-17 18:17:42.067  1544  2438 I ActivityManager: Process com.olacabs.customer.dev (pid 6388) has died
03-17 18:17:42.085  1544  2341 I WindowManager: WIN DEATH: Window{f26b147 u0 com.olacabs.customer.dev/com.olacabs.customer.ui.SplashActivity}
03-17 18:17:42.099  1544  1685 I WindowManager: WIN DEATH: Window{e4d829d u0 com.olacabs.customer.dev/com.olacabs.customer.ui.SplashActivity}
03-17 18:17:42.149  1544  2438 I ActivityManager: Killing 6420:com.android.chrome:sandboxed_process0/u0a82i4 (adj 0): isolated not needed
03-17 18:17:42.149  1544  2421 W ActivityManager: Ignoring remove of inactive process: ProcessRecord{ebb7367 0:com.olacabs.customer.dev/u0a82}
03-17 18:17:42.151  1544  1561 D BatteryStatsService: begin updateExternalStatsSync reason=remove-uid
03-17 18:17:42.152  1544  1561 E KernelCpuSpeedReader: Failed to read cpu-freq: /sys/devices/system/cpu/cpu0/cpufreq/stats/time_in_state (No such file or directory)
03-17 18:17:42.152  1544  1561 E KernelUidCpuTimeReader: Failed to read uid_cputime: /proc/uid_cputime/show_uid_stat (No such file or directory)
03-17 18:17:42.152  1544  1561 D BatteryStatsImpl: Reading cpu stats took 1 ms
03-17 18:17:42.152  1544  1561 E KernelMemoryBandwidthStats: Failed to read memory bandwidth: /sys/kernel/memory_state_time/show_stat (No such file or directory)
03-17 18:17:42.152  1544  1561 D BatteryStatsService: end updateExternalStatsSync
03-17 18:17:42.153  1544  1561 E KernelUidCpuTimeReader: failed to remove uid from uid_cputime module
03-17 18:17:42.153  1544  1561 E KernelUidCpuTimeReader: java.io.FileNotFoundException: /proc/uid_cputime/remove_uid_range (No such file or directory)
03-17 18:17:42.153  1544  1561 E KernelUidCpuTimeReader: 	at java.io.FileOutputStream.open0(Native Method)
03-17 18:17:42.153  1544  1561 E KernelUidCpuTimeReader: 	at java.io.FileOutputStream.open(FileOutputStream.java:287)
03-17 18:17:42.153  1544  1561 E KernelUidCpuTimeReader: 	at java.io.FileOutputStream.<init>(FileOutputStream.java:223)
03-17 18:17:42.153  1544  1561 E KernelUidCpuTimeReader: 	at java.io.FileOutputStream.<init>(FileOutputStream.java:110)
03-17 18:17:42.153  1544  1561 E KernelUidCpuTimeReader: 	at java.io.FileWriter.<init>(FileWriter.java:63)
03-17 18:17:42.153  1544  1561 E KernelUidCpuTimeReader: 	at com.android.internal.os.KernelUidCpuTimeReader.removeUid(KernelUidCpuTimeReader.java:139)
03-17 18:17:42.153  1544  1561 E KernelUidCpuTimeReader: 	at com.android.internal.os.BatteryStatsImpl.removeIsolatedUidLocked(BatteryStatsImpl.java:3346)
03-17 18:17:42.153  1544  1561 E KernelUidCpuTimeReader: 	at com.android.server.am.BatteryStatsService$BatteryStatsHandler.handleMessage(BatteryStatsService.java:144)
03-17 18:17:42.153  1544  1561 E KernelUidCpuTimeReader: 	at android.os.Handler.dispatchMessage(Handler.java:105)
03-17 18:17:42.153  1544  1561 E KernelUidCpuTimeReader: 	at android.os.Looper.loop(Looper.java:164)
03-17 18:17:42.153  1544  1561 E KernelUidCpuTimeReader: 	at android.os.HandlerThread.run(HandlerThread.java:65)
03-17 18:17:42.153  1544  1561 E KernelUidCpuTimeReader: 	at com.android.server.ServiceThread.run(ServiceThread.java:46)
03-17 18:17:42.156  1544  1565 W ActivityManager: setHasOverlayUi called on unknown pid: 6388
03-17 18:17:42.324  1544  1589 W AppOps  : Finishing op nesting under-run: uid 1000 pkg android code 24 time=0 duration=0 nesting=0
03-17 18:17:43.388  1544  1544 I Telecom : DefaultDialerCache: Refreshing default dialer for user 0: now com.google.android.dialer: DDC.oR@AGw
03-17 18:17:43.408  1544  1544 I Telecom : DefaultDialerCache: Refreshing default dialer for user 0: now com.google.android.dialer: DDC.oR@AG0
03-17 18:17:46.859  2479  5870 E ActivityThread: Failed to find provider info for com.google.android.apps.gsa.testing.ui.audio.recorded
03-17 18:17:49.875  1544  1563 E NetdConnector: NDC event {600 Iface linkstate eth0 up} processed too late: 533ms
03-17 18:17:49.886  1544  1563 E NetdConnector: NDC event {600 Iface linkstate eth0 up} processed too late: 573ms
03-17 18:17:50.433  1544  1559 W Looper  : Dispatch took 349ms on android.ui, h=Handler (com.android.server.am.ActivityManagerService$UiHandler) {b012ace} cb=null msg=53
03-17 18:17:50.664  1544  1558 I ActivityManager: Waited long enough for: ServiceRecord{839c9bc u0 com.google.android.gms/.icing.service.IndexWorkerService}
03-17 18:17:53.519  2479  5870 E ActivityThread: Failed to find provider info for com.google.android.apps.gsa.testing.ui.audio.recorded
03-17 18:17:54.362  1544  1874 W WindowManager: Permission Denial: dismissKeyguard from pid=6544, uid=2000 requires android.permission.CONTROL_KEYGUARD
03-17 18:17:58.721  2479  5870 E ActivityThread: Failed to find provider info for com.google.android.apps.gsa.testing.ui.audio.recorded
03-29 22:18:10.076  1544  1544 D ConditionProviders.SCP: onReceive android.intent.action.TIME_SET
03-29 22:18:10.292  1544  1544 D ConditionProviders.SCP: notifyCondition condition://android/schedule?days=6.7&start=23.30&end=10.0&exitAtAlarm=false STATE_FALSE reason=!meetsSchedule
03-29 22:18:10.067  1544  1544 D ConditionProviders.SCP: notifyCondition condition://android/schedule?days=1.2.3.4.5&start=22.0&end=7.0&exitAtAlarm=false STATE_TRUE reason=meetsSchedule
03-29 22:18:10.115  1544  1544 D ConditionProviders.SCP: Scheduling evaluate for Thu Mar 29 23:30:00 GMT+05:30 2018 (1522346400000), in +1h11m49s924ms, now=Thu Mar 29 22:18:10 GMT+05:30 2018 (1522342090076)
03-29 22:18:10.122  1544  1544 D ConditionProviders.SCP: onReceive ScheduleConditionProvider.EVALUATE
03-29 22:18:10.122  1544  1544 D ConditionProviders.SCP: notifyCondition condition://android/schedule?days=6.7&start=23.30&end=10.0&exitAtAlarm=false STATE_FALSE reason=!meetsSchedule
03-29 22:18:10.123  1544  1544 D ConditionProviders.SCP: notifyCondition condition://android/schedule?days=1.2.3.4.5&start=22.0&end=7.0&exitAtAlarm=false STATE_TRUE reason=meetsSchedule
03-29 22:18:10.253  1544  1557 I UsageStatsService: Time changed in UsageStats by 1051210 seconds
03-29 22:18:10.254  1544  1557 I UsageStatsService: User[0] Flushing usage stats to disk
03-29 22:18:10.259  1544  1657 W ActivityManager: Slow operation: 125ms so far, now at getContentProviderImpl: after updateOomAdj
03-29 22:18:10.259  1544  1657 W ActivityManager: Slow operation: 126ms so far, now at getContentProviderImpl: done!
03-29 22:18:10.262  1544  1544 D ConditionProviders.SCP: Scheduling evaluate for Thu Mar 29 23:30:00 GMT+05:30 2018 (1522346400000), in +1h11m49s878ms, now=Thu Mar 29 22:18:10 GMT+05:30 2018 (1522342090122)
03-29 22:18:10.646  1544  1557 I UsageStatsDatabase: Time changed by +12d4h0m10s392ms. files deleted: 0 files moved: 8
03-29 22:18:10.756  1544  1557 I UsageStatsService: User[0] Rollover scheduled @ 2018-03-30 16:25:49(1522427149401)
03-29 22:18:11.310  1544  2422 W ActivityManager: Slow operation: 178ms so far, now at startProcess: returned from zygote!
03-29 22:18:11.310  1544  2422 W ActivityManager: Slow operation: 178ms so far, now at startProcess: done updating battery stats
03-29 22:18:11.312  1544  2422 W ActivityManager: Slow operation: 180ms so far, now at startProcess: building log message
03-29 22:18:11.312  1544  2422 I ActivityManager: Start proc 6571:com.google.android.apps.messaging/u0a65 for broadcast com.google.android.apps.messaging/.shared.analytics.AnalyticsAlarmReceiver
03-29 22:18:11.313  1544  2422 W ActivityManager: Slow operation: 181ms so far, now at startProcess: starting to update pids map
03-29 22:18:11.314  1544  2422 W ActivityManager: Slow operation: 182ms so far, now at startProcess: done updating pids map
03-29 22:18:11.314  1544  2422 W ActivityManager: Slow operation: 184ms so far, now at startProcess: done starting proc!
03-29 22:18:11.452  1544  2438 W ActivityManager: Slow operation: 54ms so far, now at attachApplicationLocked: after sendPendingBroadcastsLocked
03-29 22:18:12.072  1544  2423 D CryptdConnector: SND -> {12 cryptfs getpwtype}
03-29 22:18:12.077  1311  1316 D VoldCryptCmdListener: cryptfs getpwtype
03-29 22:18:12.086  1544  1604 D CryptdConnector: RCV <- {213 12 default}
03-29 22:18:12.624  1544  2422 D MmsServiceBroker: getCarrierConfigValues() by com.google.android.apps.messaging
03-29 22:18:12.896  1544  2341 D MmsServiceBroker: getCarrierConfigValues() by com.google.android.apps.messaging
03-29 22:18:12.933  1544  1685 D MmsServiceBroker: getCarrierConfigValues() by com.google.android.apps.messaging
03-29 22:18:12.975  2601  6606 E ActivityThread: Failed to find provider info for com.google.android.wearable.settings
--------- beginning of main
03-29 22:18:13.550  1451  6385 I DrmHal  : makeDrmFactories: factory instance default is Remote
03-29 22:18:13.583  6571  6611 I ShortcutBadger: Checking if platform supports badge counters, attempt 1/3.
03-29 22:18:13.591  6571  6611 I ShortcutBadger: Checking if platform supports badge counters, attempt 2/3.
03-29 22:18:13.598  6571  6611 I ShortcutBadger: Checking if platform supports badge counters, attempt 3/3.
03-29 22:18:13.602  6571  6611 W ShortcutBadger: Badge counter seems not supported in this platform: unable to resolve intent: Intent { act=android.intent.action.BADGE_COUNT_UPDATE (has extras) }
03-29 22:18:13.624  1359  1359 I qemu-props: start adbd ...
03-29 22:18:13.630  1353  4140 I WVCdm   : CdmEngine::OpenSession
03-29 22:18:13.636  1353  4140 I WVCdm   : CdmEngine::QueryOemCryptoSessionId
03-29 22:18:13.636  1353  6621 I WVCdm   : CdmEngine::CloseSession
03-29 22:18:13.643  1353  6621 I WVCdm   : CdmEngine::GenerateKeyRequest
03-29 22:18:13.644  1353  6621 W WVCdm   : OEMCrypto_GetCurrentSRMVersion fails with 25
03-29 22:18:13.644  1353  6621 D WVCdm   : PrepareKeyRequest: nonce=1778331869
03-29 22:18:13.700  1353  1353 I WVCdm   : CdmEngine::CloseSession
03-29 22:18:13.726  2601  6606 I chatty  : uid=10011(u0_a11) com.google.android.gms expire 17 lines
03-29 22:18:13.762  3610  3624 I chatty  : uid=10011(u0_a11) Profile Saver expire 8 lines
03-29 22:18:14.008  2601  6569 I chatty  : uid=10011(u0_a11) com.google.android.gms expire 3 lines
03-29 22:18:14.131  2479  2479 I chatty  : uid=10029(u0_a29) com.google.android.googlequicksearchbox:search expire 32 lines
03-29 22:18:14.141  2479  6376 I chatty  : uid=10029(u0_a29) com.google.android.googlequicksearchbox:search expire 11 lines
03-29 22:18:14.141  2479  5870 I chatty  : uid=10029(u0_a29) com.google.android.googlequicksearchbox:search expire 25 lines
03-29 22:18:14.149  1446  6639 I chatty  : uid=1041(audioserver) /system/bin/audioserver expire 1 line
03-29 22:18:14.158  1446  1446 I chatty  : uid=1041(audioserver) /system/bin/audioserver expire 15 lines
03-29 22:18:14.171  2479  5870 E ActivityThread: Failed to find provider info for com.google.android.apps.gsa.testing.ui.audio.recorded
03-29 22:18:14.221  2479  2783 I chatty  : uid=10029(u0_a29) HotwordDetector expire 10 lines
03-29 22:18:14.230  2479  6375 I chatty  : uid=10029(u0_a29) com.google.android.googlequicksearchbox:search expire 12 lines
03-29 22:18:14.731  2459  2474 I chatty  : uid=10011(u0_a11) Binder:2459_2 expire 1 line
03-29 22:18:14.741  6571  6598 I BugleRcs: updating RCS availability
03-29 22:18:14.862  2601  6606 E ActivityThread: Failed to find provider info for com.google.android.wearable.settings
03-29 22:18:14.909  6571  6598 D CarrierServices: log_saver cannot be enabled
03-29 22:18:14.909  6571  6571 V BugleRcs: RcsAvailability updated but unchanged: We aren't the default SMS app
03-29 22:18:14.931  3199  6649 D CarrierServices: log_saver cannot be enabled
03-29 22:18:15.191  1544  2423 W ActivityManager: Unable to start service Intent { cmp=com.google.android.gms/.analytics.service.RefreshEnabledStateService } U=0: not found
03-29 22:18:15.482  1447  1447 V EmulatedCamera_Camera: getCameraInfo
03-29 22:18:15.490  1447  1447 V EmulatedCamera_BaseCamera: getCameraInfo
03-29 22:18:15.534  2601  6656 I chatty  : uid=10011(u0_a11) com.google.android.gms expire 2 lines
03-29 22:18:15.616  2357  2368 I chatty  : uid=10011(u0_a11) HeapTaskDaemon expire 1 line
03-29 22:18:15.797  2357  6660 I chatty  : uid=10011(u0_a11) com.google.android.gms.persistent expire 1 line
03-29 22:18:15.808  2357  2357 I chatty  : uid=10011(u0_a11) com.google.android.gms.persistent expire 13 lines
03-29 22:18:15.849  1544  2341 I ActivityManager: Start proc 6662:com.google.android.partnersetup/u0a15 for broadcast com.google.android.partnersetup/.RlzPingBroadcastReceiver
03-29 22:18:15.853  6662  6662 W zygote  : Unexpected CPU variant for X86 using defaults: x86
03-29 22:18:15.905  1544  1557 E memtrack: Couldn't load memtrack module
03-29 22:18:15.905  1544  1557 W android.os.Debug: failed to get memory consumption info: -1
03-29 22:18:16.015  2357  6353 I chatty  : uid=10011(u0_a11) com.google.android.gms.persistent expire 5 lines
03-29 22:18:16.141  2601  6677 I chatty  : uid=10011(u0_a11) com.google.android.gms expire 2 lines
03-29 22:18:16.235  2601  2601 I chatty  : uid=10011(u0_a11) com.google.android.gms expire 2 lines
03-29 22:18:16.240  2601  6684 I chatty  : uid=10011(u0_a11) com.google.android.gms expire 4 lines
03-29 22:18:16.295  6685  6685 I /system/bin/uncrypt: [libfs_mgr]fs_mgr_read_fstab_dt(): failed to read fstab from dt
03-29 22:18:16.339  5627  5647 I PlayCommon: [240] com.google.android.play.a.g.e(202): Preparing logs for uploading
03-29 22:18:16.343  5627  5647 W PlayCommon: [240] com.google.android.play.a.g.a(464): No account for auth token provided
03-29 22:18:16.343  5627  5647 I PlayCommon: [240] com.google.android.play.a.g.a(311): Connecting to server: https://play.googleapis.com/play/log?format=raw&proto_v2=true
03-29 22:18:16.542  2601  6675 I chatty  : uid=10011(u0_a11) com.google.android.gms expire 1 line
03-29 22:18:16.627  2357  6694 I chatty  : uid=10011(u0_a11) com.google.android.gms.persistent expire 7 lines
03-29 22:18:16.720  5627  5647 I PlayCommon: [240] com.google.android.play.a.g.a(368): Successfully uploaded logs.
03-29 22:18:16.724  5627  5647 I PlayCommon: [240] com.google.android.play.a.g.e(202): Preparing logs for uploading
03-29 22:18:16.724  5627  5647 I PlayCommon: [240] com.google.android.play.a.g.e(206): No file ready to send
03-29 22:18:17.284  6685  6685 I /system/bin/uncrypt: [libfs_mgr]fs_mgr_read_fstab_dt(): failed to read fstab from dt
03-29 22:18:17.285  6685  6685 E /system/bin/uncrypt: failed to clear bootloader message: failed to find /misc partition
03-29 22:18:17.286  1544  1869 E RecoverySystemService: uncrypt failed with status: -1
03-29 22:18:17.286  6685  6685 I /system/bin/uncrypt:   received 0, exiting now
03-29 22:18:17.349  2601  6696 I chatty  : uid=10011(u0_a11) com.google.android.gms expire 4 lines
03-29 22:18:17.388  6697  6697 I /system/bin/uncrypt: [libfs_mgr]fs_mgr_read_fstab_dt(): failed to read fstab from dt
03-29 22:18:17.393  6697  6697 I /system/bin/uncrypt: [libfs_mgr]fs_mgr_read_fstab_dt(): failed to read fstab from dt
03-29 22:18:17.394  6697  6697 E /system/bin/uncrypt: failed to clear bootloader message: failed to find /misc partition
03-29 22:18:17.396  6697  6697 I /system/bin/uncrypt:   received 0, exiting now
03-29 22:18:17.420  2601  6682 I Vision  : Registration status ocr_x86.zip: null
03-29 22:18:17.434  2601  6682 I Vision  : Download status ocr_x86.zip: null
03-29 22:18:17.434  2601  6682 I Vision  : Finished download ocr_x86.zip
03-29 22:18:17.454  2601  6682 I Vision  : Unzipping /data/user/0/com.google.android.gms/cache/downloadservice/ocr_x86.zip to /data/user/0/com.google.android.gms/files/com.google.android.gms.vision/ocr
03-29 22:18:18.468  2479  6352 I chatty  : uid=10029(u0_a29) com.google.android.googlequicksearchbox:search expire 12 lines
03-29 22:18:18.620  2601  6682 I Vision  : Time to download ocr: 1052576639
03-29 22:18:18.813  2601  2971 I Icing   : Usage reports 0 indexed 0 rejected 0 imm upload false
03-29 22:18:18.816  2601  2971 I chatty  : uid=10011(u0_a11) lowpool[3] identical 9 lines
03-29 22:18:19.240  2479  2689 I chatty  : uid=10029(u0_a29) com.google.android.googlequicksearchbox:search expire 10 lines
03-29 22:18:19.243  1446  6701 I chatty  : uid=1041(audioserver) /system/bin/audioserver expire 1 line
03-29 22:18:17.396  1544  1869 E RecoverySystemService: uncrypt failed with status: -1
03-29 22:18:19.255  2479  5870 E ActivityThread: Failed to find provider info for com.google.android.apps.gsa.testing.ui.audio.recorded
03-29 22:18:22.731  1818  1818 D ImsResolver: maybeAddedImsService, packageName: com.google.android.gms
03-29 22:18:22.749  1544  1601 I InputReader: Reconfiguring input devices.  changes=0x00000010
03-29 22:18:22.896  1818  1818 D CarrierSvcBindHelper: No carrier app for: 0
03-29 22:18:23.087  1544  1544 I Telecom : DefaultDialerCache: Refreshing default dialer for user 0: now com.google.android.dialer: DDC.oR@AG4
03-29 22:18:23.147  1544  1557 W Binder  : Outgoing transactions from this process must be FLAG_ONEWAY
03-29 22:18:23.147  1544  1557 W Binder  : java.lang.Throwable
03-29 22:18:23.147  1544  1557 W Binder  : 	at android.os.BinderProxy.transact(Binder.java:736)
03-29 22:18:23.147  1544  1557 W Binder  : 	at com.android.internal.location.ILocationProvider$Stub$Proxy.getProperties(ILocationProvider.java:232)
03-29 22:18:23.147  1544  1557 W Binder  : 	at com.android.server.location.LocationProviderProxy$1.run(LocationProviderProxy.java:119)
03-29 22:18:23.147  1544  1557 W Binder  : 	at android.os.Handler.handleCallback(Handler.java:769)
03-29 22:18:23.147  1544  1557 W Binder  : 	at android.os.Handler.dispatchMessage(Handler.java:98)
03-29 22:18:23.147  1544  1557 W Binder  : 	at android.os.Looper.loop(Looper.java:164)
03-29 22:18:23.147  1544  1557 W Binder  : 	at android.os.HandlerThread.run(HandlerThread.java:65)
03-29 22:18:23.148  1544  1557 W Binder  : Outgoing transactions from this process must be FLAG_ONEWAY
03-29 22:18:23.148  1544  1557 W Binder  : java.lang.Throwable
03-29 22:18:23.148  1544  1557 W Binder  : 	at android.os.BinderProxy.transact(Binder.java:736)
03-29 22:18:23.148  1544  1557 W Binder  : 	at com.android.internal.location.ILocationProvider$Stub$Proxy.getProperties(ILocationProvider.java:232)
03-29 22:18:23.148  1544  1557 W Binder  : 	at com.android.server.location.LocationProviderProxy$1.run(LocationProviderProxy.java:119)
03-29 22:18:23.148  1544  1557 W Binder  : 	at android.os.Handler.handleCallback(Handler.java:769)
03-29 22:18:23.148  1544  1557 W Binder  : 	at android.os.Handler.dispatchMessage(Handler.java:98)
03-29 22:18:23.148  1544  1557 W Binder  : 	at android.os.Looper.loop(Looper.java:164)
03-29 22:18:23.148  1544  1557 W Binder  : 	at android.os.HandlerThread.run(HandlerThread.java:65)
03-29 22:18:24.300  1446  6707 I chatty  : uid=1041(audioserver) /system/bin/audioserver expire 1 line
03-29 22:18:24.303  1446  1499 I chatty  : uid=1041(audioserver) Binder:1446_1 expire 12 lines
03-29 22:18:24.313  2479  5870 E ActivityThread: Failed to find provider info for com.google.android.apps.gsa.testing.ui.audio.recorded
03-29 22:18:24.380  1544  1557 E memtrack: Couldn't load memtrack module
03-29 22:18:24.380  1544  1557 W android.os.Debug: failed to get memory consumption info: -1
03-29 22:18:27.134  2345  6618 D DownloadManager: [9] Finished with status SUCCESS
03-29 22:18:27.142  1544  1557 E memtrack: Couldn't load memtrack module
03-29 22:18:27.142  1544  1557 W android.os.Debug: failed to get memory consumption info: -1
03-29 22:18:27.159  5627  5627 I Finsky  : [2] com.google.android.finsky.download.DownloadBroadcastReceiver.a(7): Intent received at DownloadBroadcastReceiver
03-29 22:18:27.162  5627  5627 I Finsky  : [2] com.google.android.finsky.download.y.b(134): com.android.vending: onProgress 14897305/14897305 Status: 200.
03-29 22:18:27.174  5627  5627 I Finsky  : [2] com.google.android.finsky.download.f.a(57): com.android.vending from 2 to 3.
03-29 22:18:27.174  5627  6712 I DynamicModuleDownloader: Phonesky signed with prod certificate. The dynamite downloader request is accepted.
03-29 22:18:27.174  5627  5627 I Finsky  : [2] com.google.android.finsky.download.y.b(168): com.android.vending: onComplete
03-29 22:18:27.174  5627  5627 I Finsky  : [2] com.google.android.finsky.download.y.k(107): Download com.android.vending removed from DownloadQueue
03-29 22:18:27.175  5627  5627 I Finsky  : [2] com.google.android.finsky.selfupdate.a.g.onPostExecute(6): Self-update ready to be installed, waiting for market to close.
03-29 22:18:27.185  5627  6715 W Finsky  : [281] com.google.android.finsky.application.FinskyAppImpl.af(1070): No account configured on this device.
03-29 22:18:27.188  5627  6712 I DynamicModuleDownloader: Loaded Zapp Downloader from phonesky.
03-29 22:18:27.202  2601  2615 I chatty  : uid=10011(u0_a11) Binder:2601_2 expire 1 line
03-29 22:18:29.360  1446  6722 I chatty  : uid=1041(audioserver) /system/bin/audioserver expire 1 line
03-29 22:18:29.363  1361  1385 D hwcomposer: hw_composer sent 495 syncs in 63s
03-29 22:18:29.365  1446  4254 I chatty  : uid=1041(audioserver) Binder:1446_3 expire 12 lines
03-29 22:18:32.989  1544  1557 E memtrack: Couldn't load memtrack module
03-29 22:18:32.989  1544  1557 W android.os.Debug: failed to get memory consumption info: -1
03-29 22:18:34.393  1446  6727 I chatty  : uid=1041(audioserver) /system/bin/audioserver expire 1 line
03-29 22:18:34.403  2479  5870 I chatty  : uid=10029(u0_a29) com.google.android.googlequicksearchbox:search expire 11 lines
03-29 22:18:34.410  2479  2479 I chatty  : uid=10029(u0_a29) com.google.android.googlequicksearchbox:search expire 28 lines
03-29 22:18:29.367  2479  5870 I chatty  : uid=10029(u0_a29) com.google.android.googlequicksearchbox:search identical 1 line
03-29 22:18:34.408  2479  5870 E ActivityThread: Failed to find provider info for com.google.android.apps.gsa.testing.ui.audio.recorded
03-29 22:18:37.489  1544  1588 W NativeHelper: Failure copying native libraries [errorCode=-113]
03-29 22:18:37.491  1544  1588 E PackageInstaller: Commit of session 1678531119 failed: Failed to extract native libraries, res=-113
03-29 22:18:37.499  5627  5627 D AndroidRuntime: Shutting down VM
03-29 22:18:37.500  5627  5627 E AndroidRuntime: FATAL EXCEPTION: main
03-29 22:18:37.500  5627  5627 E AndroidRuntime: Process: com.android.vending, PID: 5627
03-29 22:18:37.500  5627  5627 E AndroidRuntime: java.lang.RuntimeException: Error receiving broadcast Intent { act=com.android.vending.selfupdate.INTENT_PACKAGE_INSTALL_COMMIT.com.android.vending flg=0x10 (has extras) } in com.google.android.finsky.selfupdate.a.m@cacd16a
03-29 22:18:37.500  5627  5627 E AndroidRuntime: 	at android.app.LoadedApk$ReceiverDispatcher$Args.run(LoadedApk.java:1277)
03-29 22:18:37.500  5627  5627 E AndroidRuntime: 	at android.os.Handler.handleCallback(Handler.java:769)
03-29 22:18:37.500  5627  5627 E AndroidRuntime: 	at android.os.Handler.dispatchMessage(Handler.java:98)
03-29 22:18:37.500  5627  5627 E AndroidRuntime: 	at android.os.Looper.loop(Looper.java:164)
03-29 22:18:37.500  5627  5627 E AndroidRuntime: 	at android.app.ActivityThread.main(ActivityThread.java:6535)
03-29 22:18:37.500  5627  5627 E AndroidRuntime: 	at java.lang.reflect.Method.invoke(Native Method)
03-29 22:18:37.500  5627  5627 E AndroidRuntime: 	at com.android.internal.os.Zygote$MethodAndArgsCaller.run(Zygote.java:240)
03-29 22:18:37.500  5627  5627 E AndroidRuntime: 	at com.android.internal.os.ZygoteInit.main(ZygoteInit.java:767)
03-29 22:18:37.500  5627  5627 E AndroidRuntime: Caused by: java.lang.SecurityException: Caller has no access to session 1678531119
03-29 22:18:37.500  5627  5627 E AndroidRuntime: 	at android.os.Parcel.readException(Parcel.java:1936)
03-29 22:18:37.500  5627  5627 E AndroidRuntime: 	at android.os.Parcel.readException(Parcel.java:1882)
03-29 22:18:37.500  5627  5627 E AndroidRuntime: 	at android.content.pm.IPackageInstaller$Stub$Proxy.abandonSession(IPackageInstaller.java:309)
03-29 22:18:37.500  5627  5627 E AndroidRuntime: 	at android.content.pm.PackageInstaller.abandonSession(PackageInstaller.java:392)
03-29 22:18:37.500  5627  5627 E AndroidRuntime: 	at com.google.android.finsky.selfupdate.a.m.onReceive(SourceFile:11)
03-29 22:18:37.500  5627  5627 E AndroidRuntime: 	at android.app.LoadedApk$ReceiverDispatcher$Args.run(LoadedApk.java:1267)
03-29 22:18:37.500  5627  5627 E AndroidRuntime: 	... 7 more
03-29 22:18:37.572  1354  1354 D gralloc_ranchu: gralloc_alloc: Creating ashmem region of size 4096
03-29 22:18:37.577  1354  1354 D gralloc_ranchu: gralloc_alloc: Creating ashmem region of size 4096
03-29 22:18:37.577  1544  4073 I OpenGLRenderer: Initialized EGL, version 1.4
03-29 22:18:37.578  1544  4073 D OpenGLRenderer: Swap behavior 1
03-29 22:18:37.578  1544  4073 W OpenGLRenderer: Failed to choose config with EGL_SWAP_BEHAVIOR_PRESERVED, retrying without...
03-29 22:18:37.578  1544  4073 D OpenGLRenderer: Swap behavior 0
03-29 22:18:37.581  1354  1354 D gralloc_ranchu: gralloc_alloc: Creating ashmem region of size 4096
03-29 22:18:37.581  1544  4073 D EGL_emulation: eglCreateContext: 0x93ecfb20: maj 2 min 0 rcv 2
03-29 22:18:37.584  1354  1354 D gralloc_ranchu: gralloc_alloc: Creating ashmem region of size 4096
03-29 22:18:37.585  1544  4073 D EGL_emulation: eglMakeCurrent: 0x93ecfb20: ver 2 0 (tinfo 0x92a8a820)
03-29 22:18:37.594  1544  4073 D EGL_emulation: eglMakeCurrent: 0x93ecfb20: ver 2 0 (tinfo 0x92a8a820)
03-29 22:18:39.421  2479  6352 I chatty  : uid=10029(u0_a29) com.google.android.googlequicksearchbox:search expire 10 lines
03-29 22:18:39.422  1446  6738 I chatty  : uid=1041(audioserver) /system/bin/audioserver expire 1 line
03-29 22:18:39.432  2479  5870 E ActivityThread: Failed to find provider info for com.google.android.apps.gsa.testing.ui.audio.recorded
03-29 22:18:41.000  1544  1557 E memtrack: Couldn't load memtrack module
03-29 22:18:41.000  1544  1557 W android.os.Debug: failed to get memory consumption info: -1
03-29 22:18:44.407  1544  1557 E memtrack: Couldn't load memtrack module
03-29 22:18:44.407  1544  1557 W android.os.Debug: failed to get memory consumption info: -1
03-29 22:18:44.455  2479  2689 I chatty  : uid=10029(u0_a29) com.google.android.googlequicksearchbox:search expire 5 lines
03-29 22:18:44.456  2479  5870 I chatty  : uid=10029(u0_a29) com.google.android.googlequicksearchbox:search expire 43 lines
03-29 22:18:44.457  1446  6744 I chatty  : uid=1041(audioserver) /system/bin/audioserver expire 1 line
03-29 22:18:47.708  1302  1302 I chatty  : uid=1000(system) hwservicemanage expire 176 lines
03-29 22:18:47.711  1544  1666 I chatty  : uid=1000(system) PhotonicModulat expire 112 lines
03-29 22:18:49.499  1446  6751 I chatty  : uid=1041(audioserver) /system/bin/audioserver expire 1 line
03-29 22:18:49.579  1544  1557 I chatty  : uid=1000(system) android.bg expire 36 lines
03-29 22:18:49.704  2479  6377 I chatty  : uid=10029(u0_a29) com.google.android.googlequicksearchbox:search expire 17 lines
03-29 22:18:49.718  2601  6752 I chatty  : uid=10011(u0_a11) com.google.android.gms expire 2 lines
03-29 22:18:49.790  2357  2733 I chatty  : uid=10011(u0_a11) lowpool[0] expire 14 lines
03-29 22:18:50.602  1451  1476 I DrmHal  : makeDrmFactories: factory instance default is Remote
03-29 22:18:50.604  1353  1353 I WVCdm   : CdmEngine::OpenSession
03-29 22:18:50.604  1353  1353 I WVCdm   : Level3 Library 4464 Apr 13 2017 16:36:25
03-29 22:18:50.607  1353  1353 W WVCdm   : Could not load liboemcrypto.so. Falling back to L3.  dlopen failed: library "liboemcrypto.so" not found
03-29 22:18:50.609  1353  1353 I WVCdm   : CdmEngine::QueryOemCryptoSessionId
03-29 22:18:50.609  1353  4140 I WVCdm   : CdmEngine::GenerateKeyRequest
03-29 22:18:50.610  1353  4140 W WVCdm   : OEMCrypto_GetCurrentSRMVersion fails with 25
03-29 22:18:50.610  1353  4140 D WVCdm   : PrepareKeyRequest: nonce=1846937662
03-29 22:18:50.657  1353  1353 I WVCdm   : CdmEngine::CloseSession
03-29 22:18:51.392  3610  3623 I chatty  : uid=10011(u0_a11) Binder:3610_2 expire 9 lines
03-29 22:18:51.481  3610  3610 I chatty  : uid=10011(u0_a11) com.google.android.gms.unstable expire 7 lines
03-29 22:18:51.825  1451  1476 I DrmHal  : makeDrmFactories: factory instance default is Remote
03-29 22:18:51.828  1353  4140 I WVCdm   : CdmEngine::OpenSession
03-29 22:18:51.829  1353  4140 I WVCdm   : Level3 Library 4464 Apr 13 2017 16:36:25
03-29 22:18:51.831  1353  4140 W WVCdm   : Could not load liboemcrypto.so. Falling back to L3.  dlopen failed: library "liboemcrypto.so" not found
03-29 22:18:51.833  1353  4140 I WVCdm   : CdmEngine::QueryOemCryptoSessionId
03-29 22:18:51.833  1353  1353 I WVCdm   : CdmEngine::GenerateKeyRequest
03-29 22:18:51.834  1353  1353 W WVCdm   : OEMCrypto_GetCurrentSRMVersion fails with 25
03-29 22:18:51.834  1353  1353 D WVCdm   : PrepareKeyRequest: nonce=1846937662
03-29 22:18:51.884  1353  4140 I WVCdm   : CdmEngine::CloseSession
03-29 22:18:51.979  3610  3691 I chatty  : uid=10011(u0_a11) Binder:3610_3 expire 12 lines
03-29 22:18:54.535  1446  6794 I chatty  : uid=1041(audioserver) /system/bin/audioserver expire 1 line
03-29 22:18:54.538  1446  1910 I chatty  : uid=1041(audioserver) Binder:1446_2 expire 12 lines
03-29 22:18:54.544  2479  2479 I chatty  : uid=10029(u0_a29) com.google.android.googlequicksearchbox:search expire 35 lines
03-29 22:18:59.584  1446  6801 I chatty  : uid=1041(audioserver) /system/bin/audioserver expire 1 line
03-29 22:19:04.634  1446  6808 I chatty  : uid=1041(audioserver) /system/bin/audioserver expire 1 line
03-29 22:19:04.653  2479  2783 I chatty  : uid=10029(u0_a29) HotwordDetector expire 10 lines
03-29 22:19:04.664  2479  6375 I chatty  : uid=10029(u0_a29) com.google.android.googlequicksearchbox:search expire 12 lines
03-29 22:18:59.591  2479  5870 I chatty  : uid=10029(u0_a29) com.google.android.googlequicksearchbox:search identical 4 lines
03-29 22:19:04.650  2479  5870 E ActivityThread: Failed to find provider info for com.google.android.apps.gsa.testing.ui.audio.recorded
03-29 22:19:06.506  1544  2421 I ActivityManager: Killing 5627:com.android.vending/u0a22 (adj 900): crash
03-29 22:19:06.514  1544  4073 I chatty  : uid=1000(system) RenderThread expire 8 lines
03-29 22:19:06.517  1351  5573 I chatty  : uid=1041(audioserver) writer expire 14 lines
03-29 22:19:06.715  1544  1589 W AppOps  : Finishing op nesting under-run: uid 1000 pkg android code 24 time=0 duration=0 nesting=0
03-29 22:19:08.137  1686  1971 D EGL_emulation: eglMakeCurrent: 0x925a6a80: ver 2 0 (tinfo 0x9f06db00)
03-29 22:19:08.253  1686  1971 I chatty  : uid=10027(u0_a27) RenderThread identical 25 lines
03-29 22:19:08.263  1686  1971 D EGL_emulation: eglMakeCurrent: 0x925a6a80: ver 2 0 (tinfo 0x9f06db00)
03-29 22:19:09.677  1446  6816 I chatty  : uid=1041(audioserver) /system/bin/audioserver expire 1 line
03-29 22:19:09.684  2479  5870 E ActivityThread: Failed to find provider info for com.google.android.apps.gsa.testing.ui.audio.recorded
03-29 22:19:09.727  1351  1484 I chatty  : uid=1041(audioserver) HwBinder:1351_2 expire 1 line
03-29 22:19:11.261  1686  1686 V DeadZone: consuming errant click: (253.22388,30.84375)
03-29 22:19:12.496  1686  1971 D EGL_emulation: eglMakeCurrent: 0x925a6a80: ver 2 0 (tinfo 0x9f06db00)
03-29 22:19:12.628  1686  1971 D EGL_emulation: eglMakeCurrent: 0x925a6a80: ver 2 0 (tinfo 0x9f06db00)
03-29 22:19:13.632  1359  1359 I qemu-props: start adbd ...
03-29 22:19:14.712  1446  6821 I chatty  : uid=1041(audioserver) /system/bin/audioserver expire 1 line
03-29 22:19:14.713  1446  1499 I chatty  : uid=1041(audioserver) Binder:1446_1 expire 14 lines
03-29 22:19:14.720  2479  5870 E ActivityThread: Failed to find provider info for com.google.android.apps.gsa.testing.ui.audio.recorded
03-29 22:19:14.730  2479  6376 I chatty  : uid=10029(u0_a29) com.google.android.googlequicksearchbox:search expire 13 lines
03-29 22:19:15.407  1351  1351 I chatty  : uid=1041(audioserver) audio@2.0-servi expire 10 lines
03-29 22:19:19.744  1446  6829 I chatty  : uid=1041(audioserver) /system/bin/audioserver expire 1 line
03-29 22:19:19.749  2479  5870 I chatty  : uid=10029(u0_a29) com.google.android.googlequicksearchbox:search expire 23 lines
03-29 22:19:19.763  2479  2479 I chatty  : uid=10029(u0_a29) com.google.android.googlequicksearchbox:search expire 14 lines
03-29 22:19:24.782  1446  6835 I chatty  : uid=1041(audioserver) /system/bin/audioserver expire 1 line
03-29 22:19:29.824  1446  6842 I chatty  : uid=1041(audioserver) /system/bin/audioserver expire 1 line
03-29 22:19:29.834  1361  1385 D hwcomposer: hw_composer sent 359 syncs in 60s
03-29 22:19:29.854  2479  2479 I chatty  : uid=10029(u0_a29) com.google.android.googlequicksearchbox:search expire 11 lines
03-29 22:19:29.854  2479  6377 I chatty  : uid=10029(u0_a29) com.google.android.googlequicksearchbox:search expire 2 lines
03-29 22:19:34.465  6850  6850 D AndroidRuntime: >>>>>> START com.android.internal.os.RuntimeInit uid 2000 <<<<<<
03-29 22:19:34.467  6850  6850 D AndroidRuntime: CheckJNI is ON
03-29 22:19:34.495  6850  6850 D ICU     : No timezone override file found: /data/misc/zoneinfo/current/icu/icu_tzdata.dat
03-29 22:19:34.501  6850  6850 W app_process: Unexpected CPU variant for X86 using defaults: x86
03-29 22:19:34.517  6850  6850 I Radio-JNI: register_android_hardware_Radio DONE
03-29 22:19:34.521  6850  6850 D AndroidRuntime: Calling main entry com.android.commands.pm.Pm
03-29 22:19:34.534  6850  6850 I app_process: System.exit called, status: 0
03-29 22:19:34.535  6850  6850 I AndroidRuntime: VM exiting with result code 0.
03-29 22:19:34.730  6861  6861 D AndroidRuntime: >>>>>> START com.android.internal.os.RuntimeInit uid 2000 <<<<<<
03-29 22:19:34.732  6861  6861 D AndroidRuntime: CheckJNI is ON
03-29 22:19:34.760  6861  6861 D ICU     : No timezone override file found: /data/misc/zoneinfo/current/icu/icu_tzdata.dat
03-29 22:19:34.764  6861  6861 W app_process: Unexpected CPU variant for X86 using defaults: x86
03-29 22:19:34.783  6861  6861 I Radio-JNI: register_android_hardware_Radio DONE
03-29 22:19:34.790  6861  6861 D AndroidRuntime: Calling main entry com.android.commands.pm.Pm
03-29 22:19:34.864  2479  6375 I chatty  : uid=10029(u0_a29) com.google.android.googlequicksearchbox:search expire 5 lines
03-29 22:19:34.870  1446  6880 I chatty  : uid=1041(audioserver) /system/bin/audioserver expire 1 line
03-29 22:19:35.532  6861  6861 I app_process: System.exit called, status: 0
03-29 22:19:35.532  6861  6861 I AndroidRuntime: VM exiting with result code 0.
03-29 22:19:35.738  6882  6882 D AndroidRuntime: >>>>>> START com.android.internal.os.RuntimeInit uid 2000 <<<<<<
03-29 22:19:35.740  6882  6882 D AndroidRuntime: CheckJNI is ON
03-29 22:19:35.771  6882  6882 D ICU     : No timezone override file found: /data/misc/zoneinfo/current/icu/icu_tzdata.dat
03-29 22:19:35.775  6882  6882 W app_process: Unexpected CPU variant for X86 using defaults: x86
03-29 22:19:35.791  6882  6882 I Radio-JNI: register_android_hardware_Radio DONE
03-29 22:19:35.795  6882  6882 D AndroidRuntime: Calling main entry com.android.commands.pm.Pm
03-29 22:19:36.030  1544  1571 I chatty  : uid=1000(system) PackageManager expire 3 lines
03-29 22:19:36.047  6893  6893 W dex2oat : Unexpected CPU variant for X86 using defaults: x86
03-29 22:19:36.048  6893  6893 W dex2oat : Mismatch between dex2oat instruction set features (ISA: X86 Feature string: -ssse3,-sse4.1,-sse4.2,-avx,-avx2,-popcnt) and those of dex2oat executable (ISA: X86 Feature string: ssse3,-sse4.1,-sse4.2,-avx,-avx2,-popcnt) for the command line:
03-29 22:19:36.048  6893  6893 W dex2oat : /system/bin/dex2oat --zip-fd=7 --zip-location=base.apk --input-vdex-fd=-1 --output-vdex-fd=9 --oat-fd=8 --oat-location=/data/app/vmdl503450106.tmp/oat/x86/base.odex --instruction-set=x86 --instruction-set-variant=x86 --instruction-set-features=default --runtime-arg -Xms64m --runtime-arg -Xmx512m --compiler-filter=interpret-only --swap-fd=10 --debuggable --classpath-dir=/data/app/vmdl503450106.tmp
03-29 22:19:36.048  6893  6893 I dex2oat : /system/bin/dex2oat --input-vdex-fd=-1 --output-vdex-fd=9 --compiler-filter=interpret-only --debuggable --classpath-dir=/data/app/vmdl503450106.tmp
03-29 22:19:37.090  6893  6893 I dex2oat : dex2oat took 1.043s (3.444s cpu) (threads: 4) arena alloc=6KB (6384B) java alloc=2MB (2847744B) native alloc=4MB (4600632B) free=3MB (3263688B)
03-29 22:19:37.148  1449  1449 D installd: Applied hard quotas for 10083
03-29 22:19:37.183  1449  1472 E         : Couldn't opendir /data/app/vmdl503450106.tmp: No such file or directory
03-29 22:19:37.184  1449  1472 E installd: Failed to delete /data/app/vmdl503450106.tmp: No such file or directory
03-29 22:19:37.192  6882  6882 I app_process: System.exit called, status: 0
03-29 22:19:37.192  6882  6882 I AndroidRuntime: VM exiting with result code 0.
03-29 22:19:37.198  1544  1601 I chatty  : uid=1000(system) InputReader expire 1 line
03-29 22:19:29.839  2479  5870 I chatty  : uid=10029(u0_a29) com.google.android.googlequicksearchbox:search identical 3 lines
03-29 22:19:34.879  2479  5870 E ActivityThread: Failed to find provider info for com.google.android.apps.gsa.testing.ui.audio.recorded
03-29 22:19:37.211  1544  2423 I ActivityManager: Start proc 6900:com.android.vending/u0a22 for broadcast com.android.vending/com.google.android.finsky.receivers.PackageMonitorReceiver$RegisteredReceiver
03-29 22:19:37.211  6900  6900 W zygote  : Unexpected CPU variant for X86 using defaults: x86
03-29 22:19:37.227  1544  1544 I Telecom : DefaultDialerCache: Refreshing default dialer for user 0: now com.google.android.dialer: DDC.oR@AG8
03-29 22:19:37.242  1818  1818 D CarrierSvcBindHelper: No carrier app for: 0
03-29 22:19:37.243  1818  1818 D ImsResolver: maybeAddedImsService, packageName: com.todo
03-29 22:19:37.244  1818  1818 D CarrierConfigLoader: mHandler: 9 phoneId: 0
03-29 22:19:37.262  6900  6900 W Finsky.CrashDetector: Read crash info cnt=2 ts=1522342117500 cause=RuntimeException.
03-29 22:19:37.262  6900  6900 W Finsky.CrashDetector: Cleanup cache cnt=2 ts=1522342117500 cause=RuntimeException.
03-29 22:19:37.264  6900  6900 W Finsky.CrashDetector: Failed to delete file: /data/user/0/com.android.vending/cache/cache_and_sync_images cnt=2 ts=1522342117500 cause=RuntimeException.
03-29 22:19:37.264  6900  6900 W Finsky.CrashDetector: Failed to delete file: /data/user/0/com.android.vending/cache/hipri cnt=2 ts=1522342117500 cause=RuntimeException.
03-29 22:19:37.273  6900  6900 W Finsky  : [2] com.google.android.finsky.application.FinskyAppImpl.af(1070): No account configured on this device.
03-29 22:19:37.337  6900  6900 I chatty  : uid=10022(u0_a22) identical 48 lines
03-29 22:19:37.337  6900  6900 W Finsky  : [2] com.google.android.finsky.application.FinskyAppImpl.af(1070): No account configured on this device.
03-29 22:19:37.337  6900  6900 I Finsky  : [2] com.google.android.finsky.hygiene.DailyHygiene.a(55): No need to run daily hygiene.
03-29 22:19:37.338  6900  6900 W Finsky  : [2] com.google.android.finsky.application.FinskyAppImpl.af(1070): No account configured on this device.
03-29 22:19:37.344  6900  6900 W Finsky  : [2] com.google.android.finsky.application.FinskyAppImpl.af(1070): No account configured on this device.
03-29 22:19:37.345  6900  6900 W Settings: Setting download_manager_max_bytes_over_mobile has moved from android.provider.Settings.Secure to android.provider.Settings.Global.
03-29 22:19:37.345  6900  6900 W Settings: Setting download_manager_recommended_max_bytes_over_mobile has moved from android.provider.Settings.Secure to android.provider.Settings.Global.
03-29 22:19:37.347  6900  6900 W Finsky  : [2] com.google.android.finsky.application.FinskyAppImpl.af(1070): No account configured on this device.
03-29 22:19:37.368  6900  6900 W Finsky  : [2] com.google.android.finsky.application.FinskyAppImpl.af(1070): No account configured on this device.
03-29 22:19:37.369  6900  6900 I Finsky  : [2] com.google.android.finsky.ai.a.a(51): Enabling bucket experiment: factor=1.000, zeroDelta=0ms, forceNetwork=true
03-29 22:19:37.370  6900  6900 W Finsky  : [2] com.google.android.finsky.application.FinskyAppImpl.af(1070): No account configured on this device.
03-29 22:19:37.371  6900  6900 W Finsky  : [2] com.google.android.finsky.application.FinskyAppImpl.af(1070): No account configured on this device.
03-29 22:19:37.371  6900  6900 W Finsky  : [2] com.google.android.finsky.application.FinskyAppImpl.a(814): No account configured on this device.
03-29 22:19:37.373  6900  6900 W Finsky  : [2] com.google.android.finsky.application.FinskyAppImpl.af(1070): No account configured on this device.
03-29 22:19:37.378  6900  6900 W Finsky  : [2] com.google.android.finsky.application.FinskyAppImpl.af(1070): No account configured on this device.
03-29 22:19:37.383  6900  6940 W Finsky  : [303] com.google.android.finsky.application.FinskyAppImpl.af(1070): No account configured on this device.
03-29 22:19:37.385  6900  6900 W Finsky  : [2] com.google.android.finsky.application.FinskyAppImpl.af(1070): No account configured on this device.
03-29 22:19:37.399  6900  6900 W Finsky  : [2] com.google.android.finsky.application.FinskyAppImpl.af(1070): No account configured on this device.
03-29 22:19:37.400  6900  6900 I Finsky  : [2] com.google.android.finsky.installer.a.f.onPostExecute(31): Attempt recovery of content://downloads/my_downloads/9 200
03-29 22:19:37.400  6900  6900 I Finsky  : [2] com.google.android.finsky.installer.a.f.onPostExecute(33): Releasing content://downloads/my_downloads/9 200
03-29 22:19:37.401  6900  6900 W Finsky  : [2] com.google.android.finsky.application.FinskyAppImpl.af(1070): No account configured on this device.
03-29 22:19:37.401  6900  6900 I Finsky  : [2] com.google.android.finsky.f.a.a.a(14): result=false type=4
03-29 22:19:37.409  1544  2422 W BroadcastQueue: Background execution not allowed: receiving Intent { act=android.intent.action.PACKAGE_ADDED dat=package:com.todo flg=0x4000010 (has extras) } to com.google.android.googlequicksearchbox/com.google.android.apps.gsa.googlequicksearchbox.GelStubAppWatcher
03-29 22:19:37.413  6900  6900 I Finsky  : [2] com.google.android.finsky.utils.PermissionPolicies$PermissionPolicyService.onStartCommand(18): post-install permissions check for com.todo
03-29 22:19:37.413  6900  6900 W Finsky  : [2] com.google.android.finsky.application.FinskyAppImpl.af(1070): No account configured on this device.
03-29 22:19:37.424  2345  4007 V DownloadManager: Deleting /data/data/com.android.providers.downloads/cache/downloadfile.bin via provider delete
03-29 22:19:37.424  6900  6900 W Finsky  : [2] com.google.android.finsky.application.FinskyAppImpl.af(1070): No account configured on this device.
03-29 22:19:37.425  6900  6900 W Finsky  : [2] com.google.android.finsky.application.FinskyAppImpl.af(1070): No account configured on this device.
03-29 22:19:37.426  6900  6900 W Finsky  : [2] com.google.android.finsky.application.FinskyAppImpl.af(1070): No account configured on this device.
03-29 22:19:37.433  6900  6900 I Finsky  : [2] com.google.android.finsky.utils.an.run(11): Package state data is missing for com.todo
03-29 22:19:37.435  6900  6900 W Finsky  : [2] com.google.android.finsky.application.FinskyAppImpl.af(1070): No account configured on this device.
03-29 22:19:37.439  6900  6900 I Finsky  : [2] com.google.android.finsky.setup.bb.b(65): Restore complete with 0 success and 0 failed.
03-29 22:19:37.442  6900  6940 W Finsky  : [303] com.google.android.finsky.application.FinskyAppImpl.af(1070): No account configured on this device.
03-29 22:19:37.444  6900  6940 I chatty  : uid=10022(u0_a22) identical 1 line
03-29 22:19:37.458  6900  6940 W Finsky  : [303] com.google.android.finsky.application.FinskyAppImpl.af(1070): No account configured on this device.
03-29 22:19:37.459  2601  6947 I chatty  : uid=10011(u0_a11) com.google.android.gms expire 1 line
03-29 22:19:37.460  6900  6900 E Finsky  : [2] com.google.android.finsky.wear.bl.a(3): onConnectionFailed: ConnectionResult{statusCode=API_UNAVAILABLE, resolution=null, message=null}
03-29 22:19:37.460  6900  6900 I Finsky  : [2] com.google.android.finsky.wear.aj.run(9): Dropping command=send_installed_apps due to Gms not connected
03-29 22:19:37.462  6900  6900 I Finsky  : [2] com.google.android.finsky.wear.aj.run(9): Dropping command=auto_install due to Gms not connected
03-29 22:19:37.467  6900  6900 I Finsky  : [2] com.google.android.finsky.wear.aj.run(9): Dropping command=send_installed_apps due to Gms not connected
03-29 22:19:37.480  2601  6952 I chatty  : uid=10011(u0_a11) com.google.android.gms expire 2 lines
03-29 22:19:37.496  2601  2927 I chatty  : uid=10011(u0_a11) lowpool[1] expire 2 lines
03-29 22:19:37.717  1544  2422 I ActivityManager: START u0 {flg=0x10000000 cmp=com.todo/.MainActivity} from uid 2000
03-29 22:19:37.734  6963  6963 I chatty  : uid=10083(u0_a83) expire 29 lines
03-29 22:19:37.741  1544  1874 I ActivityManager: Start proc 6963:com.todo/u0a83 for activity com.todo/.MainActivity
03-29 22:19:37.772  1354  1354 D gralloc_ranchu: gralloc_alloc: Creating ashmem region of size 8298496
03-29 22:19:37.820  2479  2748 I chatty  : uid=10029(u0_a29) RenderThread expire 16 lines
