03-29 22:25:11.343  1544  1561 D BatteryStatsService: begin updateExternalStatsSync reason=write
03-29 22:25:11.343  1544  1647 I chatty  : uid=1000(system) WifiStateMachin expire 4 lines
03-29 22:25:11.344  1544  1561 I chatty  : uid=1000(system) batterystats-sy expire 2 lines
03-29 22:25:11.345  1544  1561 E BatteryStatsService: no controller energy info supplied
03-29 22:25:11.349  1544  1561 E KernelCpuSpeedReader: Failed to read cpu-freq: /sys/devices/system/cpu/cpu0/cpufreq/stats/time_in_state (No such file or directory)
03-29 22:25:11.349  1544  1561 E KernelUidCpuTimeReader: Failed to read uid_cputime: /proc/uid_cputime/show_uid_stat (No such file or directory)
03-29 22:25:11.349  1544  1561 D BatteryStatsImpl: Reading cpu stats took 0 ms
03-29 22:25:11.350  1544  1561 E KernelMemoryBandwidthStats: Failed to read memory bandwidth: /sys/kernel/memory_state_time/show_stat (No such file or directory)
03-29 22:25:11.350  1544  1561 E BatteryStatsService: modem info is invalid: ModemActivityInfo{ mTimestamp=0 mSleepTimeMs=0 mIdleTimeMs=0 mTxTimeMs[]=[0, 0, 0, 0, 0] mRxTimeMs=0 mEnergyUsed=0}
03-29 22:25:11.350  1544  1561 D BatteryStatsService: end updateExternalStatsSync
03-29 22:25:11.350  1544  1561 D BatteryStatsService: begin writeAsyncLocked
03-29 22:25:11.354  1544  1561 D BatteryStatsService: end writeAsyncLocked
03-29 22:25:13.654  1359  1359 I qemu-props: start adbd ...
03-29 22:25:29.344  1361  1385 D hwcomposer: hw_composer sent 3152 syncs in 60s
03-29 22:25:35.188  1544  1558 I ProcessStatsService: Prepared write state in 7ms
03-29 22:25:44.313  1302  1302 I chatty  : uid=1000(system) hwservicemanage expire 78 lines
03-29 22:25:44.314  1544  1666 I chatty  : uid=1000(system) PhotonicModulat expire 52 lines
03-29 22:26:13.659  1359  1359 I qemu-props: start adbd ...
03-29 22:26:29.343  1361  1385 D hwcomposer: hw_composer sent 3206 syncs in 60s
03-29 22:26:38.601  1302  1302 I chatty  : uid=1000(system) hwservicemanage expire 84 lines
03-29 22:26:38.603  1544  1666 I chatty  : uid=1000(system) PhotonicModulat expire 56 lines
03-29 22:27:13.663  1359  1359 I qemu-props: start adbd ...
03-29 22:27:29.329  1361  1385 D hwcomposer: hw_composer sent 3197 syncs in 60s
03-29 22:28:00.003  1544  1557 I chatty  : uid=1000(system) android.bg expire 14 lines
03-29 22:28:13.667  1359  1359 I qemu-props: start adbd ...
03-29 22:28:29.340  1361  1385 D hwcomposer: hw_composer sent 3207 syncs in 60s
03-29 22:28:44.743  1302  1302 I chatty  : uid=1000(system) hwservicemanage expire 78 lines
03-29 22:28:44.743  1544  1666 I chatty  : uid=1000(system) PhotonicModulat expire 52 lines
03-29 22:28:44.783  1354  1354 D gralloc_ranchu: gralloc_alloc: Creating ashmem region of size 4096
03-29 22:28:44.786  1354  1354 I chatty  : uid=1000(system) allocator@2.0-s identical 10 lines
03-29 22:28:44.787  1354  1354 D gralloc_ranchu: gralloc_alloc: Creating ashmem region of size 4096
03-29 22:28:44.877  6963  7697 I chatty  : uid=10083(u0_a83) expire 45 lines
03-29 22:28:44.907  6963  7699 I chatty  : uid=10083(u0_a83) expire 2 lines
03-29 22:28:44.927  6963  7702 I chatty  : uid=10083(u0_a83) expire 3 lines
03-29 22:28:44.928  6963  6963 I chatty  : uid=10083(u0_a83) expire 14 lines
03-29 22:28:45.161  6963  7701 I chatty  : uid=10083(u0_a83) expire 2 lines
03-29 22:28:45.188  1361  1361 D SurfaceFlinger: duplicate layer name: changing com.todo/com.todo.MainActivity to com.todo/com.todo.MainActivity#1
03-29 22:28:45.212  1354  1354 D gralloc_ranchu: gralloc_alloc: Creating ashmem region of size 4096
03-29 22:28:45.228  1354  1354 D gralloc_ranchu: gralloc_alloc: Creating ashmem region of size 4096
03-29 22:28:45.254  6963  6989 I chatty  : uid=10083(u0_a83) expire 10 lines
03-29 22:28:54.080  7333  7376 I PlayCommon: [302] com.google.android.play.a.g.e(202): Preparing logs for uploading
03-29 22:28:54.084  7333  7376 W PlayCommon: [302] com.google.android.play.a.g.a(464): No account for auth token provided
03-29 22:28:54.084  7333  7376 I PlayCommon: [302] com.google.android.play.a.g.a(311): Connecting to server: https://play.googleapis.com/play/log?format=raw&proto_v2=true
03-29 22:28:54.093  7333  7376 D NetworkSecurityConfig: No Network Security Config specified, using platform default
03-29 22:28:54.362  7333  7376 I PlayCommon: [302] com.google.android.play.a.g.a(368): Successfully uploaded logs.
03-29 22:29:02.467  1354  1354 D gralloc_ranchu: gralloc_alloc: Creating ashmem region of size 4096
03-29 22:29:02.472  1354  1354 D gralloc_ranchu: gralloc_alloc: Creating ashmem region of size 4096
03-29 22:29:02.576  6963  7732 I chatty  : uid=10083(u0_a83) expire 45 lines
03-29 22:29:02.630  6963  7734 I chatty  : uid=10083(u0_a83) expire 3 lines
03-29 22:29:02.875  6963  7733 I chatty  : uid=10083(u0_a83) expire 3 lines
03-29 22:29:02.918  1361  1361 D SurfaceFlinger: duplicate layer name: changing com.todo/com.todo.MainActivity to com.todo/com.todo.MainActivity#1
03-29 22:29:02.930  1354  1354 D gralloc_ranchu: gralloc_alloc: Creating ashmem region of size 4096
03-29 22:29:02.946  1354  1354 D gralloc_ranchu: gralloc_alloc: Creating ashmem region of size 4096
03-29 22:29:13.672  1359  1359 I qemu-props: start adbd ...
03-29 22:29:29.341  1361  1385 D hwcomposer: hw_composer sent 3221 syncs in 60s
03-29 22:29:40.374  1354  1354 D gralloc_ranchu: gralloc_alloc: Creating ashmem region of size 4096
03-29 22:29:40.378  1354  1354 D gralloc_ranchu: gralloc_alloc: Creating ashmem region of size 4096
03-29 22:29:40.877  6963  7781 I chatty  : uid=10083(u0_a83) expire 45 lines
03-29 22:29:40.916  6963  7783 I chatty  : uid=10083(u0_a83) expire 3 lines
03-29 22:29:40.923  6963  7786 I chatty  : uid=10083(u0_a83) expire 3 lines
03-29 22:29:40.923  6963  6963 I chatty  : uid=10083(u0_a83) expire 21 lines
03-29 22:29:41.163  6963  7785 I chatty  : uid=10083(u0_a83) expire 2 lines
03-29 22:29:41.183  1361  1361 D SurfaceFlinger: duplicate layer name: changing com.todo/com.todo.MainActivity to com.todo/com.todo.MainActivity#1
03-29 22:29:41.194  1354  1354 D gralloc_ranchu: gralloc_alloc: Creating ashmem region of size 4096
03-29 22:29:41.205  1354  1354 I chatty  : uid=1000(system) allocator@2.0-s identical 14 lines
03-29 22:29:41.210  1354  1354 D gralloc_ranchu: gralloc_alloc: Creating ashmem region of size 4096
03-29 22:29:41.231  6963  6989 I chatty  : uid=10083(u0_a83) expire 10 lines
03-29 22:30:01.243  1354  1354 D gralloc_ranchu: gralloc_alloc: Creating ashmem region of size 4096
03-29 22:30:01.250  1354  1354 D gralloc_ranchu: gralloc_alloc: Creating ashmem region of size 4096
03-29 22:30:01.425  6963  7819 I chatty  : uid=10083(u0_a83) expire 45 lines
03-29 22:30:01.463  6963  7821 I chatty  : uid=10083(u0_a83) expire 3 lines
03-29 22:30:01.708  6963  7820 I chatty  : uid=10083(u0_a83) expire 2 lines
03-29 22:30:01.727  1361  1361 D SurfaceFlinger: duplicate layer name: changing com.todo/com.todo.MainActivity to com.todo/com.todo.MainActivity#1
03-29 22:30:01.741  1354  1354 D gralloc_ranchu: gralloc_alloc: Creating ashmem region of size 4096
03-29 22:30:01.757  1354  1354 D gralloc_ranchu: gralloc_alloc: Creating ashmem region of size 4096
03-29 22:30:13.675  1359  1359 I qemu-props: start adbd ...
03-29 22:30:23.407  1354  1354 D gralloc_ranchu: gralloc_alloc: Creating ashmem region of size 4096
03-29 22:30:23.415  1354  1354 D gralloc_ranchu: gralloc_alloc: Creating ashmem region of size 4096
03-29 22:30:23.535  6963  7851 I chatty  : uid=10083(u0_a83) expire 45 lines
03-29 22:30:23.576  6963  7853 I chatty  : uid=10083(u0_a83) expire 3 lines
03-29 22:30:23.815  6963  7852 I chatty  : uid=10083(u0_a83) expire 51 lines
03-29 22:30:26.058  1670  1670 W RichInputMethodSubtype: Can't find emoji subtype
03-29 22:30:26.058  1670  1670 W RichInputMethodSubtype: No input method subtype found; returning dummy subtype: Multi-lingual subtype: android.view.inputmethod.InputMethodSubtype@d78b2ed0, zz
03-29 22:30:26.086  1670  1675 I zygote  : Do partial code cache collection, code=30KB, data=22KB
03-29 22:30:26.087  1670  1675 I zygote  : After code cache collection, code=24KB, data=19KB
03-29 22:30:26.087  1670  1675 I zygote  : Increasing code cache capacity to 128KB
03-29 22:30:26.131  1670  1675 I zygote  : Do partial code cache collection, code=58KB, data=37KB
03-29 22:30:26.133  1670  1675 I zygote  : After code cache collection, code=49KB, data=34KB
03-29 22:30:26.133  1670  1675 I zygote  : Increasing code cache capacity to 256KB
03-29 22:30:26.134  1670  1670 I EmojiCategory: Last Emoji category id is 8
03-29 22:30:26.146  1670  1670 W ViewPager: Requested offscreen page limit 0 too small; defaulting to 1
03-29 22:30:26.156  1670  1670 I LatinIME: Starting input. Cursor position = 0,0
03-29 22:30:26.228  1361  2038 E SurfaceFlinger: ro.sf.lcd_density must be defined as a build property
03-29 22:30:26.229  1686  1971 D EGL_emulation: eglMakeCurrent: 0x925a6a80: ver 2 0 (tinfo 0x9f06db00)
03-29 22:30:26.229  1670  7866 D OpenGLRenderer: HWUI GL Pipeline
03-29 22:30:26.269  1670  7866 D         : HostConnection::get() New Host Connection established 0xa3618bc0, tid 7866
03-29 22:30:26.270  1354  1354 D gralloc_ranchu: gralloc_alloc: Creating ashmem region of size 4096
03-29 22:30:26.272  1670  7866 I OpenGLRenderer: Initialized EGL, version 1.4
03-29 22:30:26.272  1670  7866 D OpenGLRenderer: Swap behavior 1
03-29 22:30:26.272  1670  7866 W OpenGLRenderer: Failed to choose config with EGL_SWAP_BEHAVIOR_PRESERVED, retrying without...
03-29 22:30:26.272  1670  7866 D OpenGLRenderer: Swap behavior 0
03-29 22:30:26.276  1354  1354 D gralloc_ranchu: gralloc_alloc: Creating ashmem region of size 4096
03-29 22:30:26.276  1670  7866 D EGL_emulation: eglCreateContext: 0xa3905a80: maj 2 min 0 rcv 2
03-29 22:30:26.281  1354  1354 D gralloc_ranchu: gralloc_alloc: Creating ashmem region of size 4096
03-29 22:30:26.281  1670  7866 D EGL_emulation: eglMakeCurrent: 0xa3905a80: ver 2 0 (tinfo 0xa3903da0)
03-29 22:30:26.286  1354  1354 D gralloc_ranchu: gralloc_alloc: Creating ashmem region of size 4096
03-29 22:30:26.292  1302  1302 I chatty  : uid=1000(system) hwservicemanage expire 10 lines
03-29 22:30:26.292  1670  7866 W android.hardware.graphics.mapper@2.0::Mapper: getService: found null hwbinder interface
03-29 22:30:26.303  1670  7866 D EGL_emulation: eglMakeCurrent: 0xa3905a80: ver 2 0 (tinfo 0xa3903da0)
03-29 22:30:29.344  1361  1385 D hwcomposer: hw_composer sent 3168 syncs in 60s
03-29 22:30:30.430  1670  1675 I zygote  : Do full code cache collection, code=125KB, data=81KB
03-29 22:30:30.430  1670  1675 I zygote  : After code cache collection, code=99KB, data=60KB
03-29 22:30:31.626  1670  7866 D EGL_emulation: eglMakeCurrent: 0xa3905a80: ver 2 0 (tinfo 0xa3903da0)
03-29 22:30:35.337  6963  6968 I chatty  : uid=10083(u0_a83) expire 5 lines
03-29 22:31:00.013  1686  1971 D EGL_emulation: eglMakeCurrent: 0x925a6a80: ver 2 0 (tinfo 0x9f06db00)
03-29 22:31:13.677  1359  1359 I qemu-props: start adbd ...
03-29 22:31:29.334  1361  1385 D hwcomposer: hw_composer sent 3208 syncs in 60s
03-29 22:31:43.339  1544  1666 I chatty  : uid=1000(system) PhotonicModulat expire 56 lines
03-29 22:31:43.357  1302  1302 I chatty  : uid=1000(system) hwservicemanage expire 78 lines
03-29 22:32:00.006  1544  1557 I chatty  : uid=1000(system) android.bg expire 10 lines
03-29 22:32:13.681  1359  1359 I qemu-props: start adbd ...
03-29 22:32:29.331  1361  1385 D hwcomposer: hw_composer sent 3171 syncs in 60s
03-29 22:33:13.686  1359  1359 I qemu-props: start adbd ...
03-29 22:33:29.337  1361  1385 D hwcomposer: hw_composer sent 3164 syncs in 60s
03-29 22:34:13.691  1359  1359 I qemu-props: start adbd ...
03-29 22:34:29.349  1361  1385 D hwcomposer: hw_composer sent 3164 syncs in 60s
03-29 22:35:13.696  1359  1359 I qemu-props: start adbd ...
03-29 22:35:29.344  1361  1385 D hwcomposer: hw_composer sent 3183 syncs in 60s
03-29 22:36:00.008  1544  1557 I chatty  : uid=1000(system) android.bg expire 18 lines
03-29 22:36:05.931  1544  1557 I UsageStatsService: User[0] Flushing usage stats to disk
03-29 22:36:13.701  1359  1359 I qemu-props: start adbd ...
03-29 22:36:29.337  1361  1385 D hwcomposer: hw_composer sent 3209 syncs in 60s
03-29 22:37:13.703  1359  1359 I qemu-props: start adbd ...
03-29 22:37:29.335  1361  1385 D hwcomposer: hw_composer sent 3213 syncs in 60s
03-29 22:38:13.708  1359  1359 I qemu-props: start adbd ...
03-29 22:38:29.330  1361  1385 D hwcomposer: hw_composer sent 3195 syncs in 60s
03-29 22:39:13.713  1359  1359 I qemu-props: start adbd ...
03-29 22:39:29.345  1361  1385 D hwcomposer: hw_composer sent 3209 syncs in 60s
03-29 22:39:38.168  6900  6917 I PlayCommon: [280] com.google.android.play.a.g.e(202): Preparing logs for uploading
03-29 22:39:38.168  6900  6917 I PlayCommon: [280] com.google.android.play.a.g.e(206): No file ready to send
03-29 22:40:13.715  1359  1359 I qemu-props: start adbd ...
03-29 22:40:29.338  1361  1385 D hwcomposer: hw_composer sent 3208 syncs in 60s
03-29 22:41:13.718  1359  1359 I qemu-props: start adbd ...
03-29 22:41:29.332  1361  1385 D hwcomposer: hw_composer sent 3201 syncs in 60s
03-29 22:41:38.880  1302  1302 I chatty  : uid=1000(system) hwservicemanage expire 87 lines
03-29 22:41:38.881  1544  1666 I chatty  : uid=1000(system) PhotonicModulat expire 58 lines
03-29 22:41:40.233  1354  1354 D gralloc_ranchu: gralloc_alloc: Creating ashmem region of size 4096
03-29 22:41:40.240  1354  1354 D gralloc_ranchu: gralloc_alloc: Creating ashmem region of size 4096
03-29 22:41:40.242  6963  6989 I chatty  : uid=10083(u0_a83) expire 14 lines
03-29 22:41:40.380  6963  8492 I chatty  : uid=10083(u0_a83) expire 45 lines
03-29 22:41:40.442  6963  8494 I chatty  : uid=10083(u0_a83) expire 2 lines
03-29 22:41:40.445  6963  8497 I chatty  : uid=10083(u0_a83) expire 3 lines
03-29 22:41:40.451  6963  6963 I chatty  : uid=10083(u0_a83) expire 14 lines
03-29 22:41:40.677  6963  8496 I chatty  : uid=10083(u0_a83) expire 41 lines
03-29 22:41:42.673  1670  1670 I LatinIME: Starting input. Cursor position = 0,0
03-29 22:41:42.689  1354  1354 D gralloc_ranchu: gralloc_alloc: Creating ashmem region of size 4096
03-29 22:41:42.695  1686  1971 D EGL_emulation: eglMakeCurrent: 0x925a6a80: ver 2 0 (tinfo 0x9f06db00)
03-29 22:41:42.696  1354  1354 D gralloc_ranchu: gralloc_alloc: Creating ashmem region of size 4096
03-29 22:41:42.707  1354  1354 D gralloc_ranchu: gralloc_alloc: Creating ashmem region of size 4096
03-29 22:41:42.718  1670  7866 D EGL_emulation: eglMakeCurrent: 0xa3905a80: ver 2 0 (tinfo 0xa3903da0)
03-29 22:41:44.843  1670  7866 D EGL_emulation: eglMakeCurrent: 0xa3905a80: ver 2 0 (tinfo 0xa3903da0)
03-29 22:42:00.013  1686  1971 D EGL_emulation: eglMakeCurrent: 0x925a6a80: ver 2 0 (tinfo 0x9f06db00)
03-29 22:42:13.723  1359  1359 I qemu-props: start adbd ...
03-29 22:42:18.399  1354  1354 D gralloc_ranchu: gralloc_alloc: Creating ashmem region of size 4096
03-29 22:42:18.405  1354  1354 D gralloc_ranchu: gralloc_alloc: Creating ashmem region of size 4096
03-29 22:42:18.584  6963  8542 I chatty  : uid=10083(u0_a83) expire 45 lines
03-29 22:42:18.622  6963  8544 I chatty  : uid=10083(u0_a83) expire 3 lines
03-29 22:42:18.872  6963  8543 I chatty  : uid=10083(u0_a83) expire 31 lines
03-29 22:42:20.064  1670  1670 I LatinIME: Starting input. Cursor position = 0,0
03-29 22:42:20.080  1354  1354 D gralloc_ranchu: gralloc_alloc: Creating ashmem region of size 4096
03-29 22:42:20.092  1354  1354 D gralloc_ranchu: gralloc_alloc: Creating ashmem region of size 4096
03-29 22:42:20.096  1686  1971 D EGL_emulation: eglMakeCurrent: 0x925a6a80: ver 2 0 (tinfo 0x9f06db00)
03-29 22:42:20.097  1354  1354 D gralloc_ranchu: gralloc_alloc: Creating ashmem region of size 4096
03-29 22:42:20.108  1670  7866 D EGL_emulation: eglMakeCurrent: 0xa3905a80: ver 2 0 (tinfo 0xa3903da0)
03-29 22:42:21.508  1670  7866 D EGL_emulation: eglMakeCurrent: 0xa3905a80: ver 2 0 (tinfo 0xa3903da0)
03-29 22:42:29.342  1361  1385 D hwcomposer: hw_composer sent 3125 syncs in 60s
03-29 22:42:29.651  6963  8543 I chatty  : uid=10083(u0_a83) expire 15 lines
03-29 22:43:00.014  1686  1971 D EGL_emulation: eglMakeCurrent: 0x925a6a80: ver 2 0 (tinfo 0x9f06db00)
03-29 22:43:13.727  1359  1359 I qemu-props: start adbd ...
03-29 22:43:24.201  1302  1302 I chatty  : uid=1000(system) hwservicemanage expire 84 lines
03-29 22:43:24.202  1544  1666 I chatty  : uid=1000(system) PhotonicModulat expire 56 lines
03-29 22:43:29.331  1361  1385 D hwcomposer: hw_composer sent 3190 syncs in 60s
03-29 22:43:54.467  7333  7376 I PlayCommon: [302] com.google.android.play.a.g.e(202): Preparing logs for uploading
03-29 22:43:54.467  7333  7376 I PlayCommon: [302] com.google.android.play.a.g.e(206): No file ready to send
03-29 22:44:13.731  1359  1359 I qemu-props: start adbd ...
03-29 22:44:29.332  1361  1385 D hwcomposer: hw_composer sent 3178 syncs in 60s
03-29 22:44:38.191  6900  6917 I PlayCommon: [280] com.google.android.play.a.g.e(202): Preparing logs for uploading
03-29 22:44:38.191  6900  6917 I PlayCommon: [280] com.google.android.play.a.g.e(206): No file ready to send
03-29 22:44:46.145  1544  1557 I chatty  : uid=1000(system) android.bg expire 10 lines
03-29 22:45:13.740  1359  1359 I qemu-props: start adbd ...
03-29 22:45:29.335  1361  1385 D hwcomposer: hw_composer sent 3194 syncs in 60s
03-29 22:46:13.744  1359  1359 I qemu-props: start adbd ...
03-29 22:46:29.333  1361  1385 D hwcomposer: hw_composer sent 3193 syncs in 60s
03-29 22:47:13.747  1359  1359 I qemu-props: start adbd ...
03-29 22:47:29.332  1361  1385 D hwcomposer: hw_composer sent 3227 syncs in 60s
03-29 22:48:13.750  1359  1359 I qemu-props: start adbd ...
03-29 22:48:29.338  1361  1385 D hwcomposer: hw_composer sent 3234 syncs in 60s
03-29 22:48:46.168  1544  2423 I ActivityManager: Killing 2501:com.android.printspooler/u0a69 (adj 904): empty for 1818s
03-29 22:48:46.169  1544  2423 I ActivityManager: Killing 3361:com.google.android.configupdater/u0a4 (adj 904): empty for 1821s
03-29 22:48:46.170  1544  2423 I ActivityManager: Killing 2791:com.android.providers.calendar/u0a2 (adj 904): empty for 1829s
03-29 22:48:46.170  1544  2423 I ActivityManager: Killing 6662:com.google.android.partnersetup/u0a15 (adj 906): empty for 1830s
03-29 22:48:54.542  7333  7376 I PlayCommon: [302] com.google.android.play.a.g.e(202): Preparing logs for uploading
03-29 22:48:54.542  7333  7376 I PlayCommon: [302] com.google.android.play.a.g.e(206): No file ready to send
03-29 22:49:13.756  1359  1359 I qemu-props: start adbd ...
03-29 22:49:29.341  1361  1385 D hwcomposer: hw_composer sent 3217 syncs in 60s
03-29 22:49:38.293  6900  6917 I PlayCommon: [280] com.google.android.play.a.g.e(202): Preparing logs for uploading
03-29 22:49:38.293  6900  6917 I PlayCommon: [280] com.google.android.play.a.g.e(206): No file ready to send
03-29 22:49:43.940  1544  1555 I ActivityManager: Killing 2292:android.process.acore/u0a1 (adj 904): empty for 1806s
03-29 22:49:43.940  1544  1555 I ActivityManager: Killing 2345:android.process.media/u0a7 (adj 904): empty for 1806s
03-29 22:49:44.008  1544  1555 D CountryDetector: No listener is left
03-29 22:49:46.186  1544  2423 I ActivityManager: Killing 5600:com.android.defcontainer/u0a6 (adj 906): empty for 1800s
03-29 22:50:00.004  1544  1557 I chatty  : uid=1000(system) android.bg expire 10 lines
03-29 22:50:13.761  1359  1359 I qemu-props: start adbd ...
03-29 22:50:29.340  1361  1385 D hwcomposer: hw_composer sent 3201 syncs in 60s
03-29 22:51:13.767  1359  1359 I qemu-props: start adbd ...
03-29 22:51:29.331  1361  1385 D hwcomposer: hw_composer sent 3216 syncs in 60s
03-29 22:51:41.587  2357  9071 I GoogleURLConnFactory: Using platform SSLCertificateSocketFactory
03-29 22:51:41.619  1302  1302 I chatty  : uid=1000(system) hwservicemanage expire 10 lines
03-29 22:51:41.620  1451  1476 I DrmHal  : makeDrmFactories: factory instance default is Remote
03-29 22:51:41.622  1353  4140 I WVCdm   : CdmEngine::OpenSession
03-29 22:51:41.622  1353  4140 I WVCdm   : Level3 Library 4464 Apr 13 2017 16:36:25
03-29 22:51:41.622  1353  4140 W WVCdm   : Could not load liboemcrypto.so. Falling back to L3.  dlopen failed: library "liboemcrypto.so" not found
03-29 22:51:41.625  1353  4140 I WVCdm   : CdmEngine::QueryOemCryptoSessionId
03-29 22:51:41.625  1353  1353 I WVCdm   : CdmEngine::GenerateKeyRequest
03-29 22:51:41.625  1353  1353 W WVCdm   : OEMCrypto_GetCurrentSRMVersion fails with 25
03-29 22:51:41.626  1353  1353 D WVCdm   : PrepareKeyRequest: nonce=1128232805
03-29 22:51:41.672  1353  4140 I WVCdm   : CdmEngine::CloseSession
03-29 22:51:43.313  2357  9071 I GoogleURLConnFactory: Using platform SSLCertificateSocketFactory
03-29 22:51:44.561  3610  3610 W Binder:3610_1: type=1400 audit(0.0:93): avc: denied { read } for name="/" dev="tmpfs" ino=3179 scontext=u:r:priv_app:s0:c512,c768 tcontext=u:object_r:device:s0 tclass=dir permissive=0
03-29 22:51:44.561  3610  3610 W Binder:3610_1: type=1400 audit(0.0:94): avc: denied { read } for name="interrupts" dev="proc" ino=4026531989 scontext=u:r:priv_app:s0:c512,c768 tcontext=u:object_r:proc_interrupts:s0 tclass=file permissive=0
03-29 22:51:44.593  3610  3621 E libc    : Access denied finding property "ro.serialno"
03-29 22:51:44.594  3610  3621 W SystemServiceRegistry: No service published for: persistent_data_block
03-29 22:51:44.581  3610  3610 W Binder:3610_1: type=1400 audit(0.0:95): avc: denied { read } for name="u:object_r:serialno_prop:s0" dev="tmpfs" ino=3206 scontext=u:r:priv_app:s0:c512,c768 tcontext=u:object_r:serialno_prop:s0 tclass=file permissive=0
03-29 22:51:44.605  3610  3621 D         : HostConnection::get() New Host Connection established 0xa3913f80, tid 3621
03-29 22:51:44.607  3610  3621 D EGL_emulation: eglCreateContext: 0xa3905f00: maj 2 min 0 rcv 2
03-29 22:51:44.608  3610  3621 D EGL_emulation: eglMakeCurrent: 0xa3905f00: ver 2 0 (tinfo 0xa3956190)
03-29 22:51:44.633  3610  3621 D EGL_emulation: eglCreateContext: 0xa3906560: maj 2 min 0 rcv 2
03-29 22:51:44.634  3610  3621 D EGL_emulation: eglMakeCurrent: 0xa3906560: ver 2 0 (tinfo 0xa3956190)
03-29 22:51:44.683  3610  3621 D EGL_emulation: eglCreateContext: 0xa3906c20: maj 2 min 0 rcv 2
03-29 22:51:44.684  3610  3621 D EGL_emulation: eglMakeCurrent: 0xa3906c20: ver 2 0 (tinfo 0xa3956190)
03-29 22:51:44.711  3610  3621 D EGL_emulation: eglCreateContext: 0xa3906fe0: maj 2 min 0 rcv 2
03-29 22:51:44.712  3610  3621 D EGL_emulation: eglMakeCurrent: 0xa3906fe0: ver 2 0 (tinfo 0xa3956190)
03-29 22:51:46.227  2357  2787 W Conscrypt: Could not set socket write timeout:
03-29 22:51:46.227  2357  2787 W Conscrypt:    java.lang.reflect.Method.invoke(Native Method)
03-29 22:51:46.227  2357  2787 W Conscrypt:    xjf.a(:com.google.android.gms:173)
03-29 22:51:46.594  2357  2787 W Conscrypt: Could not set socket write timeout:
03-29 22:51:46.594  2357  2787 W Conscrypt:    java.lang.reflect.Method.invoke(Native Method)
03-29 22:51:46.594  2357  2787 W Conscrypt:    xjf.a(:com.google.android.gms:173)
03-29 22:51:46.970  2357  2787 W GLSUser : [AppCertManager] IOException while requesting key: 
03-29 22:51:46.970  2357  2787 W GLSUser : java.io.IOException: Invalid device key response.
03-29 22:51:46.970  2357  2787 W GLSUser : 	at exa.a(:com.google.android.gms:274)
03-29 22:51:46.970  2357  2787 W GLSUser : 	at exa.a(:com.google.android.gms:9221)
03-29 22:51:46.970  2357  2787 W GLSUser : 	at ewz.a(:com.google.android.gms:45)
03-29 22:51:46.970  2357  2787 W GLSUser : 	at ewt.a(:com.google.android.gms:50)
03-29 22:51:46.970  2357  2787 W GLSUser : 	at ews.a(:com.google.android.gms:104)
03-29 22:51:46.970  2357  2787 W GLSUser : 	at com.google.android.gms.auth.account.be.legacy.AuthCronChimeraService.b(:com.google.android.gms:3049)
03-29 22:51:46.970  2357  2787 W GLSUser : 	at eee.call(:com.google.android.gms:2041)
03-29 22:51:46.970  2357  2787 W GLSUser : 	at java.util.concurrent.FutureTask.run(FutureTask.java:266)
03-29 22:51:46.970  2357  2787 W GLSUser : 	at lpq.run(:com.google.android.gms:451)
03-29 22:51:46.970  2357  2787 W GLSUser : 	at java.util.concurrent.ThreadPoolExecutor.runWorker(ThreadPoolExecutor.java:1162)
03-29 22:51:46.970  2357  2787 W GLSUser : 	at java.util.concurrent.ThreadPoolExecutor$Worker.run(ThreadPoolExecutor.java:636)
03-29 22:51:46.970  2357  2787 W GLSUser : 	at lun.run(:com.google.android.gms:17)
03-29 22:51:46.970  2357  2787 W GLSUser : 	at java.lang.Thread.run(Thread.java:764)
03-29 22:51:46.996  2601  9088 I EventLogChimeraService: Aggregate from 1522342092805 (log), 1522342091861 (data)
03-29 22:52:12.005  2357  2357 I GoogleURLConnFactory: Using platform SSLCertificateSocketFactory
03-29 22:52:12.079  2357  9111 W HeterodyneSyncCore: No account for auth token provided
03-29 22:52:12.139  2357  7401 W Conscrypt: Could not set socket write timeout:
03-29 22:52:12.139  2357  7401 W Conscrypt:    java.lang.reflect.Method.invoke(Native Method)
03-29 22:52:12.140  2357  7401 W Conscrypt:    xjf.a(:com.google.android.gms:173)
03-29 22:52:12.796  2357  7401 W Conscrypt: Could not set socket write timeout:
03-29 22:52:12.796  2357  7401 W Conscrypt:    java.lang.reflect.Method.invoke(Native Method)
03-29 22:52:12.796  2357  7401 W Conscrypt:    xjf.a(:com.google.android.gms:173)
03-29 22:52:13.305  2357  9111 I HeterodyneSyncScheduler: Scheduling a periodic sync task every 86400 seconds, with flex of 1800 seconds
03-29 22:52:13.320  2357  9111 I HeterodyneSyncScheduler: Scheduling adaptive one off task with window [14400, 604800] in seconds
03-29 22:52:13.394  2357  9113 E GcmPushIntentOperation: Failed to subscribe to GCM: com.google.android.gms.settings.platform
03-29 22:52:13.394  2357  9113 E GcmPushIntentOperation: java.io.IOException: TOO_MANY_SUBSCRIBERS
03-29 22:52:13.394  2357  9113 E GcmPushIntentOperation: 	at tqg.b(:com.google.android.gms:900)
03-29 22:52:13.394  2357  9113 E GcmPushIntentOperation: 	at tqg.a(:com.google.android.gms:862)
03-29 22:52:13.394  2357  9113 E GcmPushIntentOperation: 	at tqd.c(:com.google.android.gms:524)
03-29 22:52:13.394  2357  9113 E GcmPushIntentOperation: 	at tqd.b(:com.google.android.gms:487)
03-29 22:52:13.394  2357  9113 E GcmPushIntentOperation: 	at com.google.android.gms.phenotype.gcmpush.GcmPushIntentOperation.a(:com.google.android.gms:2097)
03-29 22:52:13.394  2357  9113 E GcmPushIntentOperation: 	at com.google.android.gms.phenotype.gcmpush.GcmPushIntentOperation.onHandleIntent(:com.google.android.gms:1200)
03-29 22:52:13.394  2357  9113 E GcmPushIntentOperation: 	at com.google.android.chimera.IntentOperation.onHandleIntent(:com.google.android.gms:118)
03-29 22:52:13.394  2357  9113 E GcmPushIntentOperation: 	at caz.run(:com.google.android.gms:10864)
03-29 22:52:13.394  2357  9113 E GcmPushIntentOperation: 	at caw.run(:com.google.android.gms:1143)
03-29 22:52:13.394  2357  9113 E GcmPushIntentOperation: 	at java.util.concurrent.ThreadPoolExecutor.runWorker(ThreadPoolExecutor.java:1162)
03-29 22:52:13.394  2357  9113 E GcmPushIntentOperation: 	at java.util.concurrent.ThreadPoolExecutor$Worker.run(ThreadPoolExecutor.java:636)
03-29 22:52:13.394  2357  9113 E GcmPushIntentOperation: 	at java.lang.Thread.run(Thread.java:764)
03-29 22:52:13.768  1359  1359 I qemu-props: start adbd ...
03-29 22:52:17.471  1544  1557 I chatty  : uid=1000(system) android.bg expire 18 lines
03-29 22:52:20.281  2357  9117 E GcmPushIntentOperation: Failed to subscribe to GCM: com.google.android.gms.settings.platform
03-29 22:52:20.281  2357  9117 E GcmPushIntentOperation: java.io.IOException: TOO_MANY_SUBSCRIBERS
03-29 22:52:20.281  2357  9117 E GcmPushIntentOperation: 	at tqg.b(:com.google.android.gms:900)
03-29 22:52:20.281  2357  9117 E GcmPushIntentOperation: 	at tqg.a(:com.google.android.gms:862)
03-29 22:52:20.281  2357  9117 E GcmPushIntentOperation: 	at tqd.c(:com.google.android.gms:524)
03-29 22:52:20.281  2357  9117 E GcmPushIntentOperation: 	at tqd.b(:com.google.android.gms:487)
03-29 22:52:20.281  2357  9117 E GcmPushIntentOperation: 	at com.google.android.gms.phenotype.gcmpush.GcmPushIntentOperation.a(:com.google.android.gms:2097)
03-29 22:52:20.281  2357  9117 E GcmPushIntentOperation: 	at com.google.android.gms.phenotype.gcmpush.GcmPushIntentOperation.a(:com.google.android.gms:230)
03-29 22:52:20.281  2357  9117 E GcmPushIntentOperation: 	at com.google.android.gms.phenotype.gcmpush.GcmPushIntentOperation.onHandleIntent(:com.google.android.gms:3224)
03-29 22:52:20.281  2357  9117 E GcmPushIntentOperation: 	at com.google.android.chimera.IntentOperation.onHandleIntent(:com.google.android.gms:118)
03-29 22:52:20.281  2357  9117 E GcmPushIntentOperation: 	at caz.run(:com.google.android.gms:10864)
03-29 22:52:20.281  2357  9117 E GcmPushIntentOperation: 	at caw.run(:com.google.android.gms:1143)
03-29 22:52:20.281  2357  9117 E GcmPushIntentOperation: 	at java.util.concurrent.ThreadPoolExecutor.runWorker(ThreadPoolExecutor.java:1162)
03-29 22:52:20.281  2357  9117 E GcmPushIntentOperation: 	at java.util.concurrent.ThreadPoolExecutor$Worker.run(ThreadPoolExecutor.java:636)
03-29 22:52:20.281  2357  9117 E GcmPushIntentOperation: 	at java.lang.Thread.run(Thread.java:764)
03-29 22:52:21.038  2357  9117 E GcmPushIntentOperation: Failed to subscribe to GCM: com.google.android.gms.phenotype
03-29 22:52:21.038  2357  9117 E GcmPushIntentOperation: java.io.IOException: TOO_MANY_SUBSCRIBERS
03-29 22:52:21.038  2357  9117 E GcmPushIntentOperation: 	at tqg.b(:com.google.android.gms:900)
03-29 22:52:21.038  2357  9117 E GcmPushIntentOperation: 	at tqg.a(:com.google.android.gms:862)
03-29 22:52:21.038  2357  9117 E GcmPushIntentOperation: 	at tqd.c(:com.google.android.gms:524)
03-29 22:52:21.038  2357  9117 E GcmPushIntentOperation: 	at tqd.b(:com.google.android.gms:487)
03-29 22:52:21.038  2357  9117 E GcmPushIntentOperation: 	at com.google.android.gms.phenotype.gcmpush.GcmPushIntentOperation.a(:com.google.android.gms:2097)
03-29 22:52:21.038  2357  9117 E GcmPushIntentOperation: 	at com.google.android.gms.phenotype.gcmpush.GcmPushIntentOperation.a(:com.google.android.gms:230)
03-29 22:52:21.038  2357  9117 E GcmPushIntentOperation: 	at com.google.android.gms.phenotype.gcmpush.GcmPushIntentOperation.onHandleIntent(:com.google.android.gms:3224)
03-29 22:52:21.038  2357  9117 E GcmPushIntentOperation: 	at com.google.android.chimera.IntentOperation.onHandleIntent(:com.google.android.gms:118)
03-29 22:52:21.038  2357  9117 E GcmPushIntentOperation: 	at caz.run(:com.google.android.gms:10864)
03-29 22:52:21.038  2357  9117 E GcmPushIntentOperation: 	at caw.run(:com.google.android.gms:1143)
03-29 22:52:21.038  2357  9117 E GcmPushIntentOperation: 	at java.util.concurrent.ThreadPoolExecutor.runWorker(ThreadPoolExecutor.java:1162)
03-29 22:52:21.038  2357  9117 E GcmPushIntentOperation: 	at java.util.concurrent.ThreadPoolExecutor$Worker.run(ThreadPoolExecutor.java:636)
03-29 22:52:21.038  2357  9117 E GcmPushIntentOperation: 	at java.lang.Thread.run(Thread.java:764)
03-29 22:52:27.100  1544  2423 D ConnectivityService: reportNetworkConnectivity(100, false) by 10011
03-29 22:52:27.543  1544  9138 I chatty  : uid=1000 system_server expire 2 lines
03-29 22:52:27.572  1544  9139 I chatty  : uid=1000 system_server expire 2 lines
03-29 22:52:29.258  1544  1651 D ConnectivityService: NetworkAgentInfo [MOBILE (LTE) - 100] validation passed
03-29 22:52:29.334  1361  1385 D hwcomposer: hw_composer sent 3213 syncs in 60s
03-29 22:53:13.773  1359  1359 I qemu-props: start adbd ...
03-29 22:53:29.344  1361  1385 D hwcomposer: hw_composer sent 3194 syncs in 60s
03-29 22:53:54.645  7333  7376 I PlayCommon: [302] com.google.android.play.a.g.e(202): Preparing logs for uploading
03-29 22:53:54.645  7333  7376 I PlayCommon: [302] com.google.android.play.a.g.e(206): No file ready to send
03-29 22:54:13.777  1359  1359 I qemu-props: start adbd ...
03-29 22:54:29.346  1361  1385 D hwcomposer: hw_composer sent 3195 syncs in 60s
03-29 22:54:38.298  6900  6917 I PlayCommon: [280] com.google.android.play.a.g.e(202): Preparing logs for uploading
03-29 22:54:38.298  6900  6917 I PlayCommon: [280] com.google.android.play.a.g.e(206): No file ready to send
03-29 22:54:38.333  1544  1666 I chatty  : uid=1000(system) PhotonicModulat expire 56 lines
03-29 22:54:38.363  1302  1302 I chatty  : uid=1000(system) hwservicemanage expire 78 lines
03-29 22:54:38.517  1354  1354 D gralloc_ranchu: gralloc_alloc: Creating ashmem region of size 4096
03-29 22:54:38.521  1354  1354 I chatty  : uid=1000(system) allocator@2.0-s identical 17 lines
03-29 22:54:38.522  1354  1354 D gralloc_ranchu: gralloc_alloc: Creating ashmem region of size 4096
03-29 22:54:38.737  6963  9267 I chatty  : uid=10083(u0_a83) expire 45 lines
03-29 22:54:38.791  6963  9272 I chatty  : uid=10083(u0_a83) expire 3 lines
03-29 22:54:38.792  6963  6963 I chatty  : uid=10083(u0_a83) expire 12 lines
03-29 22:54:38.793  6963  9269 I chatty  : uid=10083(u0_a83) expire 1 line
03-29 22:54:38.963  6963  9271 I chatty  : uid=10083(u0_a83) expire 2 lines
03-29 22:54:38.983  1361  1361 D SurfaceFlinger: duplicate layer name: changing com.todo/com.todo.MainActivity to com.todo/com.todo.MainActivity#1
03-29 22:54:38.992  1354  1354 D gralloc_ranchu: gralloc_alloc: Creating ashmem region of size 4096
03-29 22:54:39.007  1354  1354 D gralloc_ranchu: gralloc_alloc: Creating ashmem region of size 4096
03-29 22:55:10.168  1354  1354 D gralloc_ranchu: gralloc_alloc: Creating ashmem region of size 4096
03-29 22:55:10.171  1354  1354 D gralloc_ranchu: gralloc_alloc: Creating ashmem region of size 4096
03-29 22:55:10.227  6963  9306 I chatty  : uid=10083(u0_a83) expire 45 lines
03-29 22:55:10.259  6963  9308 I chatty  : uid=10083(u0_a83) expire 1 line
03-29 22:55:10.281  6963  9311 I chatty  : uid=10083(u0_a83) expire 3 lines
03-29 22:55:10.467  6963  9310 I chatty  : uid=10083(u0_a83) expire 6 lines
03-29 22:55:11.338  1544  1561 D BatteryStatsService: begin updateExternalStatsSync reason=write
03-29 22:55:11.341  1544  1561 E BatteryStatsService: no controller energy info supplied
03-29 22:55:11.343  1544  1561 E KernelCpuSpeedReader: Failed to read cpu-freq: /sys/devices/system/cpu/cpu0/cpufreq/stats/time_in_state (No such file or directory)
03-29 22:55:11.343  1544  1561 E KernelUidCpuTimeReader: Failed to read uid_cputime: /proc/uid_cputime/show_uid_stat (No such file or directory)
03-29 22:55:11.343  1544  1561 D BatteryStatsImpl: Reading cpu stats took 0 ms
03-29 22:55:11.344  1544  1561 E KernelMemoryBandwidthStats: Failed to read memory bandwidth: /sys/kernel/memory_state_time/show_stat (No such file or directory)
03-29 22:55:11.344  1544  1561 E BatteryStatsService: modem info is invalid: ModemActivityInfo{ mTimestamp=0 mSleepTimeMs=0 mIdleTimeMs=0 mTxTimeMs[]=[0, 0, 0, 0, 0] mRxTimeMs=0 mEnergyUsed=0}
03-29 22:55:11.344  1544  1561 D BatteryStatsService: end updateExternalStatsSync
03-29 22:55:11.344  1544  1561 D BatteryStatsService: begin writeAsyncLocked
03-29 22:55:11.348  1544  1561 D BatteryStatsService: end writeAsyncLocked
03-29 22:55:13.781  1359  1359 I qemu-props: start adbd ...
03-29 22:55:25.553  1544  2422 I ActivityManager: Setting hasTopUi=true for pid=1686
03-29 22:55:25.566  1686  1971 D EGL_emulation: eglMakeCurrent: 0x925a6a80: ver 2 0 (tinfo 0x9f06db00)
03-29 22:55:25.568  1354  1354 D gralloc_ranchu: gralloc_alloc: Creating ashmem region of size 4096
03-29 22:55:25.575  1686  1971 D EGL_emulation: eglMakeCurrent: 0x925a6a80: ver 2 0 (tinfo 0x9f06db00)
03-29 22:55:25.576  1686  1686 D StatusBar: disable: < expand icons alerts system_info back home recent clock search quick_settings >
03-29 22:55:25.600  1354  1354 D gralloc_ranchu: gralloc_alloc: Creating ashmem region of size 4096
03-29 22:55:25.692  1354  1354 D gralloc_ranchu: gralloc_alloc: Creating ashmem region of size 4096
03-29 22:55:25.700  1686  1686 D StatusBar: disable: < expand icons alerts system_info back home recent clock search quick_settings >
03-29 22:55:27.195  1544  2341 I ActivityManager: Setting hasTopUi=false for pid=1686
03-29 22:55:27.136  1686  1686 D StatusBar: disable: < expand icons alerts system_info back home recent clock search quick_settings >
03-29 22:55:27.234  1686  1971 D EGL_emulation: eglMakeCurrent: 0x925a6a80: ver 2 0 (tinfo 0x9f06db00)
03-29 22:55:27.236  1354  1354 D gralloc_ranchu: gralloc_alloc: Creating ashmem region of size 4096
03-29 22:55:27.238  1686  1971 D EGL_emulation: eglMakeCurrent: 0x925a6a80: ver 2 0 (tinfo 0x9f06db00)
03-29 22:55:27.239  1686  1686 D StatusBar: disable: < expand icons alerts system_info back home recent clock search quick_settings >
03-29 22:55:27.251  1354  1354 D gralloc_ranchu: gralloc_alloc: Creating ashmem region of size 4096
03-29 22:55:27.258  1354  1354 D gralloc_ranchu: gralloc_alloc: Creating ashmem region of size 4096
03-29 22:55:29.338  1361  1385 D hwcomposer: hw_composer sent 3214 syncs in 60s
03-29 22:55:47.026  1544  1558 I ProcessStatsService: Prepared write state in 5ms
03-29 22:55:47.027  1544  1557 I chatty  : uid=1000(system) android.bg expire 12 lines
03-29 22:56:13.783  1359  1359 I qemu-props: start adbd ...
03-29 22:56:19.965  1302  1302 I chatty  : uid=1000(system) hwservicemanage expire 87 lines
03-29 22:56:19.967  1544  1666 I chatty  : uid=1000(system) PhotonicModulat expire 58 lines
03-29 22:56:29.335  1361  1385 D hwcomposer: hw_composer sent 3201 syncs in 60s
03-29 22:57:13.785  1359  1359 I qemu-props: start adbd ...
03-29 22:57:29.342  1361  1385 D hwcomposer: hw_composer sent 3206 syncs in 60s
03-29 22:57:47.043  9459  9459 W zygote  : Unexpected CPU variant for X86 using defaults: x86
03-29 22:57:47.048  1544  1544 I ActivityManager: Start proc 9459:com.google.android.partnersetup/u0a15 for service com.google.android.partnersetup/.InstalledAppJobService
03-29 22:57:47.069  9478  9478 W zygote  : Unexpected CPU variant for X86 using defaults: x86
03-29 22:57:47.076  1544  3358 I ActivityManager: Start proc 9478:com.google.android.configupdater/u0a4 for broadcast com.google.android.configupdater/.SmsShortCodes.SmsShortCodesUpdateRequestReceiver
03-29 22:57:47.083  9491  9491 W zygote  : Unexpected CPU variant for X86 using defaults: x86
03-29 22:57:47.091  1544  2438 I ActivityManager: Start proc 9491:com.google.android.talk/u0a55 for service com.google.android.talk/com.google.android.apps.hangouts.concurrent.impl.GcmTriggeredNotifier
03-29 22:57:47.118  9478  9511 I ConfigUpdater: Update started
03-29 22:57:47.123  9513  9513 W zygote  : Unexpected CPU variant for X86 using defaults: x86
03-29 22:57:47.130  1544  3358 I ActivityManager: Start proc 9513:android.process.media/u0a7 for content provider com.android.providers.downloads/.DownloadProvider
03-29 22:57:47.147  9513  9513 D ApplicationLoaders: ignored Vulkan layer search path /system/priv-app/MediaProvider/lib/x86:/system/lib:/system/vendor/lib for namespace 0xb11a3090
03-29 22:57:47.222  1544  2332 I ActivityManager: Killing 6900:com.android.vending/u0a22 (adj 906): empty for 2274s
03-29 22:57:47.226  9513  9533 D DownloadManager: [10] Starting
03-29 22:57:47.236  9513  9533 D NetworkSecurityConfig: No Network Security Config specified, using platform default
03-29 22:57:47.237  9513  9533 D NetworkSecurityConfig: No Network Security Config specified, using platform default
03-29 22:57:47.257  9491  9491 I Babel_telephony: TeleModule.onApplicationCreate
03-29 22:57:47.258  9491  9540 I Babel_SMS: MmsConfig: mnc/mcc: 310/260
03-29 22:57:47.258  9491  9540 I Babel_SMS: MmsConfig.loadMmsSettings
03-29 22:57:47.259  9491  9540 I Babel_SMS: MmsConfig.loadDeviceMmsSettings from API: userAgent=, uaProfUrl=
03-29 22:57:47.259  9491  9540 I Babel_SMS: MmsConfig.loadFromDatabase
03-29 22:57:47.261  9491  9491 I Babel_App: Startup - clean
03-29 22:57:47.265  9491  9540 E SQLiteLog: (1) no such table: mmsconfig
03-29 22:57:47.266  9491  9540 I Babel_SMS: MmsConfig: no mmsconfig table android.database.sqlite.SQLiteException: no such table: mmsconfig (code 1): , while compiling: SELECT key, value, type FROM mmsconfig WHERE numeric=?
03-29 22:57:47.266  9491  9540 I Babel_SMS: MmsConfig.loadFromResources
03-29 22:57:47.267  9491  9540 E Babel_SMS: canonicalizeMccMnc: invalid mccmnc nullnull
03-29 22:57:47.267  9491  9540 W Babel_SMS: MmsConfig: invalid key=userAgent or type=string
03-29 22:57:47.268  9491  9540 W Babel_SMS: MmsConfig: invalid key=uaProfUrl or type=string
03-29 22:57:47.270  9491  9540 I Babel_SMS: MmsConfig.loadMmsSettings: userAgent=Hangouts/18.0.151661346, uaProfUrl=https://ssl.gstatic.com/android/hangouts/hangouts_mms_ua_profile.xml
03-29 22:57:47.273  9491  9491 D Babel_SmsDep: not disabled
03-29 22:57:47.282  1544  2438 D CryptdConnector: SND -> {13 cryptfs getpwtype}
03-29 22:57:47.283  1311  1316 D VoldCryptCmdListener: cryptfs getpwtype
03-29 22:57:47.284  1544  1604 D CryptdConnector: RCV <- {213 13 default}
03-29 22:57:47.292  9491  9491 D Babel_AcctMgr: created account SMS => Redacted-3-chars
03-29 22:57:47.292  9491  9491 D Babel_SmsDep: no force
03-29 22:57:47.292  9491  9491 D Babel_SmsDep: not disabled
03-29 22:57:47.314  9491  9491 I Babel_ConcService: Binding ConcurrentService
03-29 22:57:47.324  9491  9553 I Babel_ConcService: Scheduling delay with GcmNetworkManager of 269182 s for task fspaccount_reg_renewal_25577_6 and tag network_connectivity_wakeup:persisted
03-29 22:57:47.326  9491  9556 I Babel_ConcService: Acquired partial wake lock to keep ConcurrentService alive
03-29 22:57:47.326  9491  9556 I Babel_ConcService: Released partial wake lock as ConcurrentService became idle
03-29 22:57:47.327  9491  9555 I Babel_ConcService: Acquired partial wake lock to keep ConcurrentService alive
03-29 22:57:47.328  9491  9555 I Babel_ConcService: Released partial wake lock as ConcurrentService became idle
03-29 22:57:47.331  1544  3358 I ActivityManager: Killing 7307:com.google.android.gms.ui/u0a11 (adj 906): empty for 2033s
03-29 22:57:47.370  9513  9533 D DownloadManager: [10] Finished with status SUCCESS
03-29 22:57:47.436  9513  9567 D DownloadManager: [11] Starting
03-29 22:57:47.451  9513  9567 D NetworkSecurityConfig: No Network Security Config specified, using platform default
03-29 22:57:47.458  2357  9558 I GoogleURLConnFactory: Using platform SSLCertificateSocketFactory
03-29 22:57:47.460  2357  9558 I GoogleURLConnFactory: Using platform SSLCertificateSocketFactory
03-29 22:57:47.573  9513  9567 D DownloadManager: [11] Finished with status SUCCESS
03-29 22:57:47.594  9478  9578 I ConfigUpdater: Update downloaded, starting installation
03-29 22:57:47.605  9478  9578 I ConfigUpdater: doneInstall
03-29 22:57:47.612  9513  9563 V DownloadManager: Deleting /data/data/com.android.providers.downloads/cache/10242017-sms-blacklist.metadata.txt via provider delete
03-29 22:57:47.613  9513  9563 V DownloadManager: Deleting /data/data/com.android.providers.downloads/cache/10242017-sms-blacklist.txt via provider delete
03-29 22:57:47.627  1544  9579 I chatty  : uid=1000 system_server expire 1 line
03-29 22:57:47.629  1544  9579 I ConfigUpdateInstallReceiver: Couldn't find current metadata, assuming first update
03-29 22:57:47.629  1544  9579 I ConfigUpdateInstallReceiver: Failed to read current content, assuming first update!
03-29 22:57:47.629  1544  9579 I ConfigUpdateInstallReceiver: Found new update, installing...
03-29 22:57:47.633  1544  9579 I ConfigUpdateInstallReceiver: Installation successful
03-29 22:57:47.739  2357  9558 I GoogleURLConnFactory: Using platform SSLCertificateSocketFactory
03-29 22:58:00.008  1544  1557 I chatty  : uid=1000(system) android.bg expire 14 lines
03-29 22:58:00.030  1354  1354 D gralloc_ranchu: gralloc_alloc: Creating ashmem region of size 4096
03-29 22:58:02.269  9491  9491 D Babel_SmsDep: no force
03-29 22:58:02.269  9491  9491 D Babel_SmsDep: not disabled
03-29 22:58:02.272  9491  9553 I Babel_ConcService: Scheduling delay with GcmNetworkManager of 3599 s for task fvvDB_CLEANUP_3770937_1 and tag timed_wakeup
03-29 22:58:02.273  9491  9594 I Babel_ConcService: Acquired partial wake lock to keep ConcurrentService alive
03-29 22:58:02.274  9491  9594 I Babel_ConcService: Released partial wake lock as ConcurrentService became idle
03-29 22:58:02.385  9491  9595 D ApplicationLoaders: ignored Vulkan layer search path /system/priv-app/PrebuiltGmsCore/lib/x86:/system/fake-libs:/system/priv-app/PrebuiltGmsCore/PrebuiltGmsCore.apk!/lib/x86:/system/lib:/system/vendor/lib for namespace 0xb11a3090
03-29 22:58:02.392  9491  9595 V NativeCrypto: Registering com/google/android/gms/org/conscrypt/NativeCrypto's 258 native methods...
03-29 22:58:02.399  9491  9595 D NetworkSecurityConfig: No Network Security Config specified, using platform default
03-29 22:58:02.399  9491  9595 I ProviderInstaller: Installed default security provider GmsCore_OpenSSL
03-29 22:58:02.532  9491  9595 I Babel   : connection state changed from UNKNOWN to CONNECTED
03-29 22:58:13.790  1359  1359 I qemu-props: start adbd ...
03-29 22:58:17.267  1544  2423 I Telecom : PhoneAccountRegistrar: SimCallManager queried, returning: null: TSI.gSCM@AHA
03-29 22:58:17.272  9491  9491 I Babel_telephony: TeleModule.updateConnectionManagerRegistration, registration preference changed from false to false
03-29 22:58:17.272  9491  9491 W Babel_AcctMgr: gBA: invalid account id: -1
03-29 22:58:17.272  9491  9491 W Babel_AcctMgr: gBA: invalid account id: -1
03-29 22:58:17.272  9491  9491 I Babel_telephony: TeleModule.updateIncomingCallRegistration, preferred account for incoming calls changed from: null to null
03-29 22:58:17.275  1544  1554 I Telecom : PhoneAccountRegistrar: SimCallManager queried, returning: null: TSI.gSCM@AHI
03-29 22:58:21.345  1302  1302 I chatty  : uid=1000(system) hwservicemanage expire 84 lines
03-29 22:58:21.346  1544  1666 I chatty  : uid=1000(system) PhotonicModulat expire 56 lines
03-29 22:58:21.552  1354  1354 D gralloc_ranchu: gralloc_alloc: Creating ashmem region of size 4096
03-29 22:58:21.557  1354  1354 D gralloc_ranchu: gralloc_alloc: Creating ashmem region of size 4096
03-29 22:58:21.560  6963  6989 I chatty  : uid=10083(u0_a83) expire 12 lines
03-29 22:58:21.627  6963  6963 I chatty  : uid=10083(u0_a83) expire 11 lines
03-29 22:58:21.628  6963  9624 I chatty  : uid=10083(u0_a83) expire 45 lines
03-29 22:58:21.657  6963  9626 I chatty  : uid=10083(u0_a83) expire 1 line
03-29 22:58:21.668  6963  9629 I chatty  : uid=10083(u0_a83) expire 3 lines
03-29 22:58:21.777  6963  9628 I chatty  : uid=10083(u0_a83) expire 2 lines
03-29 22:58:21.801  1361  1361 D SurfaceFlinger: duplicate layer name: changing com.todo/com.todo.MainActivity to com.todo/com.todo.MainActivity#1
03-29 22:58:21.821  1354  1354 D gralloc_ranchu: gralloc_alloc: Creating ashmem region of size 4096
03-29 22:58:21.836  1354  1354 D gralloc_ranchu: gralloc_alloc: Creating ashmem region of size 4096
03-29 22:58:29.341  1361  1385 D hwcomposer: hw_composer sent 3216 syncs in 60s
03-29 22:58:32.270  1544  1685 I ActivityManager: Killing 7333:com.android.vending:instant_app_installer/u0a22 (adj 906): empty for 2078s
03-29 22:58:32.271  1544  1685 I ActivityManager: Killing 6571:com.google.android.apps.messaging/u0a65 (adj 906): empty for 2078s
03-29 22:58:56.950  1354  1354 D gralloc_ranchu: gralloc_alloc: Creating ashmem region of size 4096
03-29 22:58:56.954  1354  1354 D gralloc_ranchu: gralloc_alloc: Creating ashmem region of size 4096
03-29 22:58:57.030  6963  9671 I chatty  : uid=10083(u0_a83) expire 45 lines
03-29 22:58:57.040  6963  9670 I chatty  : uid=10083(u0_a83) expire 2 lines
03-29 22:58:57.064  6963  9674 I chatty  : uid=10083(u0_a83) expire 3 lines
03-29 22:58:57.065  6963  6963 I chatty  : uid=10083(u0_a83) expire 7 lines
03-29 22:58:57.183  6963  9673 I chatty  : uid=10083(u0_a83) expire 2 lines
03-29 22:58:57.201  1361  1361 D SurfaceFlinger: duplicate layer name: changing com.todo/com.todo.MainActivity to com.todo/com.todo.MainActivity#1
03-29 22:58:57.217  1354  1354 D gralloc_ranchu: gralloc_alloc: Creating ashmem region of size 4096
03-29 22:58:57.233  1354  1354 D gralloc_ranchu: gralloc_alloc: Creating ashmem region of size 4096
03-29 22:59:13.792  1359  1359 I qemu-props: start adbd ...
03-29 22:59:19.245  1354  1354 D gralloc_ranchu: gralloc_alloc: Creating ashmem region of size 4096
03-29 22:59:19.249  1354  1354 D gralloc_ranchu: gralloc_alloc: Creating ashmem region of size 4096
03-29 22:59:19.313  6963  6989 I chatty  : uid=10083(u0_a83) expire 1 line
03-29 22:59:19.313  6963  9699 I chatty  : uid=10083(u0_a83) expire 38 lines
03-29 22:59:19.340  6963  9699 W unknown:ViewManagerPropertyUpdater: Could not find generated setter for class com.facebook.react.views.viewpager.ReactViewPagerManager
03-29 22:59:19.340  6963  9699 W unknown:ViewManagerPropertyUpdater: Could not find generated setter for class com.facebook.react.views.text.ReactVirtualTextViewManager
03-29 22:59:19.341  6963  9699 W unknown:ViewManagerPropertyUpdater: Could not find generated setter for class com.facebook.react.views.text.ReactVirtualTextShadowNode
03-29 22:59:19.342  6963  9699 D ReactNative: Initializing React Xplat Bridge.
03-29 22:59:19.344  6963  9699 D ReactNative: Initializing React Xplat Bridge before initializeBridge
03-29 22:59:19.346  6963  9699 D ReactNative: Initializing React Xplat Bridge after initializeBridge
03-29 22:59:19.346  6963  9699 D ReactNative: CatalystInstanceImpl.runJSBundle()
03-29 22:59:19.347  6963  9701 D ReactNative: ReactInstanceManager.setupReactContext()
03-29 22:59:19.347  6963  9701 D ReactNative: CatalystInstanceImpl.initialize()
03-29 22:59:19.347  6963  6963 W unknown:ReactNative: Packager connection already open, nooping.
03-29 22:59:19.348  6963  9701 D ReactNative: ReactInstanceManager.attachRootViewToInstance()
03-29 22:59:19.532  6963  9700 I ReactNativeJS: action %cpersist/PERSIST %c@ 22:59:19.530
