--------- beginning of system
03-17 17:55:02.030  1311  1311 I vold    : Vold 3.0 (the awakening) firing up
03-17 17:55:02.031  1311  1311 V vold    : Detected support for: ext4 vfat
03-17 17:55:02.034  1311  1311 I vold    : [libfs_mgr]fs_mgr_read_fstab_dt(): failed to read fstab from dt
03-17 17:55:02.047  1311  1316 D vold    : e4crypt_init_user0
03-17 17:55:02.047  1311  1316 D vold    : e4crypt_prepare_user_storage for volume null, user 0, serial 0, flags 1
03-17 17:55:02.047  1311  1316 D vold    : Preparing: /data/system/users/0
03-17 17:55:02.047  1311  1316 E vold    : Failed to prepare /data/system/users/0: No such file or directory
03-17 17:55:02.047  1311  1316 E vold    : Failed to prepare user 0 storage
03-17 17:55:02.052  1311  1314 D vold    : Recognized experimental block major ID 253 as virtio-blk (emulator's virtual SD card device)
03-17 17:55:02.052  1311  1314 V vold    : /system/bin/sgdisk
03-17 17:55:02.052  1311  1314 V vold    :     --android-dump
03-17 17:55:02.052  1311  1314 V vold    :     /dev/block/vold/disk:253,64
03-17 17:55:02.062  1311  1314 V vold    : DISK mbr
03-17 17:55:02.062  1311  1314 V vold    : 
03-17 17:55:02.063  1311  1314 W vold    : disk:253,64 has unknown partition table; trying entire device
03-17 17:55:02.063  1311  1314 V vold    : /system/bin/blkid
03-17 17:55:02.063  1311  1314 V vold    :     -c
03-17 17:55:02.063  1311  1314 V vold    :     /dev/null
03-17 17:55:02.063  1311  1314 V vold    :     -s
03-17 17:55:02.063  1311  1314 V vold    :     TYPE
03-17 17:55:02.063  1311  1314 V vold    :     -s
03-17 17:55:02.063  1311  1314 V vold    :     UUID
03-17 17:55:02.063  1311  1314 V vold    :     -s
03-17 17:55:02.063  1311  1314 V vold    :     LABEL
03-17 17:55:02.063  1311  1314 V vold    :     /dev/block/vold/disk:253,64
03-17 17:55:02.071  1311  1314 V vold    : /dev/block/vold/disk:253,64: LABEL="SDCARD" UUID="10EA-1F17" TYPE="vfat" 
03-17 17:55:02.071  1311  1314 V vold    : 
03-17 17:55:02.148  1311  1368 E Cryptfs : Bad magic for real block device /dev/block/vdd
03-17 17:55:02.152  1311  1368 D Cryptfs : Just asked init to shut down class main
03-17 17:55:02.152  1311  1368 W vold    : emulated unmount requires state mounted
03-17 17:55:02.152  1311  1368 W vold    : public:253,64 unmount requires state mounted
03-17 17:55:02.155  1311  1368 D Cryptfs : Just triggered post_fs_data
03-17 17:55:02.169  1311  1316 D vold    : e4crypt_init_user0
03-17 17:55:02.169  1311  1316 D vold    : e4crypt_prepare_user_storage for volume null, user 0, serial 0, flags 1
03-17 17:55:02.169  1311  1316 D vold    : Preparing: /data/system/users/0
03-17 17:55:02.169  1311  1316 D vold    : Preparing: /data/misc/profiles/cur/0
03-17 17:55:02.170  1311  1316 D vold    : Preparing: /data/system_de/0
03-17 17:55:02.170  1311  1316 D vold    : Preparing: /data/misc_de/0
03-17 17:55:02.170  1311  1316 D vold    : Preparing: /data/user_de/0
03-17 17:55:02.170  1311  1316 D vold    : e4crypt_unlock_user_key 0 serial=0 token_present=0
03-17 17:55:02.170  1311  1316 E vold    : Failed to chmod /data/system_ce/0: No such file or directory
03-17 17:55:02.170  1311  1316 E vold    : Failed to chmod /data/misc_ce/0: No such file or directory
03-17 17:55:02.170  1311  1316 E vold    : Failed to chmod /data/media/0: No such file or directory
03-17 17:55:02.186  1311  1368 D Cryptfs : post_fs_data done
03-17 17:55:04.189  1311  1368 I Cryptfs : Using scrypt for cryptfs KDF
03-17 17:55:04.512  1311  1368 I Cryptfs : Using scrypt for cryptfs KDF
03-17 17:55:04.652  1311  1368 I Cryptfs : Enabling support for allow_discards in dmcrypt.
03-17 17:55:04.676  1311  1314 D vold    : Disk at 252:0 changed
03-17 17:55:04.676  1311  1368 I Cryptfs : Encrypting ext4 filesystem in place...
03-17 17:55:04.676  1311  1368 I Cryptfs : Encrypting group 0
03-17 17:55:04.676  1311  1368 I Cryptfs : Encrypting from sector 0
03-17 17:55:04.791  1311  1368 I Cryptfs : Encrypting group 1
03-17 17:55:04.791  1311  1368 I Cryptfs : Encrypted to sector 5199360
03-17 17:55:04.791  1311  1368 I Cryptfs : Encrypting from sector 16777216
03-17 17:55:04.813  1311  1368 I Cryptfs : Encrypting group 2
03-17 17:55:04.814  1311  1368 I Cryptfs : Encrypted to sector 17106432
03-17 17:55:04.814  1311  1368 I Cryptfs : Encrypting from sector 33554432
03-17 17:55:04.830  1311  1368 I Cryptfs : Encrypting group 3
03-17 17:55:04.831  1311  1368 I Cryptfs : Encrypted to sector 33817600
03-17 17:55:04.831  1311  1368 I Cryptfs : Encrypting from sector 50331648
03-17 17:55:04.850  1311  1368 I Cryptfs : Encrypting group 4
03-17 17:55:04.852  1311  1368 I Cryptfs : Encrypted to sector 50660864
03-17 17:55:04.852  1311  1368 I Cryptfs : Encrypting from sector 67108864
03-17 17:55:04.866  1311  1368 I Cryptfs : Encrypting group 5
03-17 17:55:04.866  1311  1368 I Cryptfs : Encrypted to sector 67372032
03-17 17:55:04.866  1311  1368 I Cryptfs : Encrypting from sector 83886080
03-17 17:55:04.877  1311  1368 I Cryptfs : Encrypting group 6
03-17 17:55:04.877  1311  1368 I Cryptfs : Encrypted to sector 84215296
03-17 17:55:04.877  1311  1368 I Cryptfs : Encrypting from sector 100663296
03-17 17:55:04.889  1311  1368 I Cryptfs : Encrypting group 7
03-17 17:55:04.889  1311  1368 I Cryptfs : Encrypted to sector 100926464
03-17 17:55:04.889  1311  1368 I Cryptfs : Encrypting from sector 117440512
03-17 17:55:04.908  1311  1368 I Cryptfs : Encrypting group 8
03-17 17:55:04.909  1311  1368 I Cryptfs : Encrypted to sector 117769728
03-17 17:55:04.909  1311  1368 I Cryptfs : Encrypting from sector 134217728
03-17 17:55:04.926  1311  1368 I Cryptfs : Encrypting group 9
03-17 17:55:04.927  1311  1368 I Cryptfs : Encrypted to sector 134480896
03-17 17:55:04.927  1311  1368 I Cryptfs : Encrypting from sector 150994944
03-17 17:55:04.944  1311  1368 I Cryptfs : Encrypting group 10
03-17 17:55:04.945  1311  1368 I Cryptfs : Encrypted to sector 151324160
03-17 17:55:04.945  1311  1368 I Cryptfs : Encrypting from sector 167772160
03-17 17:55:04.960  1311  1368 I Cryptfs : Encrypting group 11
03-17 17:55:04.962  1311  1368 I Cryptfs : Encrypted to sector 168035328
03-17 17:55:04.962  1311  1368 I Cryptfs : Encrypting from sector 184549376
03-17 17:55:04.968  1311  1368 I Cryptfs : Encrypting group 12
03-17 17:55:04.969  1311  1368 I Cryptfs : Encrypted to sector 184812544
03-17 17:55:04.969  1311  1368 I Cryptfs : Encrypting from sector 201326592
03-17 17:55:04.977  1311  1368 I Cryptfs : Encrypting group 13
03-17 17:55:04.977  1311  1368 I Cryptfs : Encrypted to sector 201589760
03-17 17:55:04.977  1311  1368 I Cryptfs : Encrypting from sector 218103808
03-17 17:55:04.988  1311  1368 I Cryptfs : Encrypting group 14
03-17 17:55:04.988  1311  1368 I Cryptfs : Encrypted to sector 218366976
03-17 17:55:04.988  1311  1368 I Cryptfs : Encrypting from sector 234881024
03-17 17:55:05.013  1311  1368 I Cryptfs : Encrypting group 15
03-17 17:55:05.015  1311  1368 I Cryptfs : Encrypted to sector 235144192
03-17 17:55:05.015  1311  1368 I Cryptfs : Encrypting from sector 251658240
03-17 17:55:05.044  1311  1368 I Cryptfs : Encrypted to sector 251921408
03-17 17:55:05.459  1311  1368 I Cryptfs : cryptfs_check_passwd
03-17 17:55:05.459  1311  1368 D Cryptfs : crypt_ftr->fs_size = 4194304
03-17 17:55:05.459  1311  1368 I Cryptfs : Using scrypt for cryptfs KDF
03-17 17:55:05.621  1311  1368 I Cryptfs : Enabling support for allow_discards in dmcrypt.
03-17 17:55:05.624  1311  1314 D vold    : Disk at 252:0 changed
03-17 17:55:05.758  1311  1368 I Cryptfs : Password matches
03-17 17:55:05.758  1311  1368 D Cryptfs : test_mount_encrypted_fs(): Master key saved
03-17 17:55:05.759  1311  1368 D Cryptfs : Just asked init to shut down class main
03-17 17:55:07.791  1311  1368 D Cryptfs : unmounting /data succeeded
03-17 17:55:07.792  1311  1368 I vold    : [libfs_mgr]Invalid ext4 magic:0x8c06,/dev/block/vdc
03-17 17:55:07.798  1311  1368 I vold    : [libfs_mgr]__mount(source=/dev/block/dm-0,target=/data,type=ext4)=0
03-17 17:55:07.799  1311  1368 D Cryptfs : Just triggered post_fs_data
03-17 17:55:07.811  1311  1316 D vold    : e4crypt_init_user0
03-17 17:55:07.811  1311  1316 D vold    : e4crypt_prepare_user_storage for volume null, user 0, serial 0, flags 1
03-17 17:55:07.811  1311  1316 D vold    : Preparing: /data/system/users/0
03-17 17:55:07.811  1311  1316 D vold    : Preparing: /data/misc/profiles/cur/0
03-17 17:55:07.811  1311  1316 D vold    : Preparing: /data/system_de/0
03-17 17:55:07.811  1311  1316 D vold    : Preparing: /data/misc_de/0
03-17 17:55:07.811  1311  1316 D vold    : Preparing: /data/user_de/0
03-17 17:55:07.811  1311  1316 D vold    : e4crypt_unlock_user_key 0 serial=0 token_present=0
03-17 17:55:07.811  1311  1316 E vold    : Failed to chmod /data/system_ce/0: No such file or directory
03-17 17:55:07.811  1311  1316 E vold    : Failed to chmod /data/misc_ce/0: No such file or directory
03-17 17:55:07.811  1311  1316 E vold    : Failed to chmod /data/media/0: No such file or directory
03-17 17:55:07.822  1311  1368 D Cryptfs : post_fs_data done
03-17 17:55:07.825  1311  1368 D Cryptfs : Just triggered restart_framework
03-17 17:55:07.912  1449  1449 I installd: installd firing up
03-17 17:55:07.912  1449  1449 D installd: Assuming that device has multi-user storage layout; upgrade no longer supported
03-17 17:55:07.912  1449  1449 D installd: Upgrading to /data/misc/user directories
03-17 17:55:08.021  1456  1494 I /system/bin/storaged: storaged: Start
03-17 17:55:10.615  1544  1544 I SystemServer: InitBeforeStartServices
03-17 17:55:10.615  1544  1544 W SystemServer: Timezone not set; setting to GMT.
03-17 17:55:10.619  1544  1544 I SystemServer: Entered the Android system server!
03-17 17:55:10.713  1544  1544 I SystemServer: StartServices
03-17 17:55:10.713  1544  1544 I SystemServer: Reading configuration...
03-17 17:55:10.713  1544  1544 I SystemServer: ReadingSystemConfig
03-17 17:55:10.714  1544  1544 I SystemServer: StartInstaller
03-17 17:55:10.715  1544  1544 I SystemServiceManager: Starting com.android.server.pm.Installer
03-17 17:55:10.717  1544  1544 I SystemServer: DeviceIdentifiersPolicyService
03-17 17:55:10.718  1544  1544 I SystemServiceManager: Starting com.android.server.os.DeviceIdentifiersPolicyService
03-17 17:55:10.719  1544  1544 I SystemServer: StartActivityManager
03-17 17:55:10.719  1544  1544 I SystemServiceManager: Starting com.android.server.am.ActivityManagerService$Lifecycle
03-17 17:55:10.737  1544  1544 I ActivityManager: Memory class: 384
03-17 17:55:10.756  1544  1544 D BatteryStatsImpl: Reading daily items from /data/system/batterystats-daily.xml
03-17 17:55:10.756  1544  1561 D BatteryStatsService: begin updateExternalStatsSync reason=write
03-17 17:55:10.756  1544  1561 D BatteryStatsService: end updateExternalStatsSync
03-17 17:55:10.756  1544  1561 D BatteryStatsService: begin writeAsyncLocked
03-17 17:55:10.757  1544  1561 D BatteryStatsService: end writeAsyncLocked
03-17 17:55:10.778  1544  1544 I AppOps  : No existing app ops /data/system/appops.xml; starting empty
03-17 17:55:10.787  1544  1544 I IntentFirewall: Read new rules (A:0 B:0 S:0)
03-17 17:55:10.794  1544  1544 D AppOps  : AppOpsService published
03-17 17:55:10.794  1544  1544 I SystemServer: StartPowerManager
03-17 17:55:10.794  1544  1544 I SystemServiceManager: Starting com.android.server.power.PowerManagerService
03-17 17:55:10.803  1544  1544 I SystemServer: InitPowerManagement
03-17 17:55:10.804  1544  1544 I SystemServer: StartRecoverySystemService
03-17 17:55:10.804  1544  1544 I SystemServiceManager: Starting com.android.server.RecoverySystemService
03-17 17:55:10.805  1544  1544 W RescueParty: Noticed 1 events for UID 0 in last 10 sec
03-17 17:55:10.805  1544  1544 I SystemServer: StartLightsService
03-17 17:55:10.805  1544  1544 I SystemServiceManager: Starting com.android.server.lights.LightsService
03-17 17:55:10.807  1544  1544 I SystemServer: StartDisplayManager
03-17 17:55:10.807  1544  1544 I SystemServiceManager: Starting com.android.server.display.DisplayManagerService
03-17 17:55:10.809  1544  1544 I SystemServer: WaitForDisplay
03-17 17:55:10.809  1544  1544 I SystemServiceManager: Starting phase 100
03-17 17:55:10.811  1544  1565 E LocalDisplayAdapter: Default and active color mode is no longer available! Reverting to first available mode.
03-17 17:55:10.813  1544  1565 I DisplayManagerService: Display device added: DisplayDeviceInfo{"Built-in Screen": uniqueId="local:0", 1080 x 1920, modeId 1, defaultModeId 1, supportedModes [{id=1, width=1080, height=1920, fps=60.000004}], colorMode -22, supportedColorModes [-22], HdrCapabilities android.view.Display$HdrCapabilities@1d6308, density 420, 420.0 x 420.0 dpi, appVsyncOff 1000000, presDeadline 16666666, touch INTERNAL, rotation 0, type BUILT_IN, state UNKNOWN, FLAG_DEFAULT_DISPLAY, FLAG_ROTATES_WITH_CONTENT, FLAG_SECURE, FLAG_SUPPORTS_PROTECTED_BUFFERS}
03-17 17:55:10.814  1544  1565 I DisplayManagerService: Display device changed state: "Built-in Screen", ON
03-17 17:55:10.814  1544  1544 I SystemServer: StartPackageManagerService
03-17 17:55:10.828  1544  1544 W FileUtils: Failed to chmod(/data/system/packages.list): android.system.ErrnoException: chmod failed: ENOENT (No such file or directory)
03-17 17:55:10.839  1544  1544 D SELinuxMMAC: Using policy file /system/etc/selinux/plat_mac_permissions.xml
03-17 17:55:10.840  1544  1544 D SELinuxMMAC: Using policy file /vendor/etc/selinux/nonplat_mac_permissions.xml
03-17 17:55:10.841  1544  1544 I PackageManager: No settings file; creating initial state
03-17 17:55:10.848  1544  1544 W PackageManager: Failed to parse /system/framework/oat: Missing base APK in /system/framework/oat
03-17 17:55:10.848  1544  1544 W PackageManager: Failed to parse /system/framework/x86: Missing base APK in /system/framework/x86
03-17 17:55:10.877  1544  1544 I PackageManager: /system/framework/framework-res.apk changed; collecting certs
03-17 17:55:11.020  1544  1544 E PackageManager: Adding duplicate shared id: 1000 name=android
03-17 17:55:11.033  1544  1544 I PackageManager: /system/priv-app/BackupRestoreConfirmation changed; collecting certs
03-17 17:55:11.039  1544  1544 I PackageManager: /system/priv-app/BlockedNumberProvider changed; collecting certs
03-17 17:55:11.043  1544  1544 E PackageManager: Adding duplicate user id: 10001 name=com.android.providers.blockednumber
03-17 17:55:11.045  1544  1544 I PackageManager: /system/priv-app/CalendarProvider changed; collecting certs
03-17 17:55:11.048  1544  1544 E PackageManager: Adding duplicate user id: 10002 name=com.android.providers.calendar
03-17 17:55:11.050  1544  1544 I PackageManager: /system/priv-app/CellBroadcastReceiver changed; collecting certs
03-17 17:55:11.055  1544  1576 W PackageParser: No actions in intent filter at /system/priv-app/Contacts/Contacts.apk Binary XML file line #443
03-17 17:55:11.076  1544  1544 I PackageManager: /system/priv-app/ConfigUpdater changed; collecting certs
03-17 17:55:11.086  1544  1544 I PackageManager: /system/priv-app/ContactsProvider changed; collecting certs
03-17 17:55:11.098  1544  1544 E PackageManager: Adding duplicate user id: 10001 name=com.android.providers.contacts
03-17 17:55:11.100  1544  1544 I PackageManager: /system/priv-app/CtsShimPrivPrebuilt changed; collecting certs
03-17 17:55:11.107  1544  1544 I PackageManager: /system/priv-app/DefaultContainerService changed; collecting certs
03-17 17:55:11.113  1544  1544 I PackageManager: /system/priv-app/DownloadProvider changed; collecting certs
03-17 17:55:11.118  1544  1544 E PackageManager: Adding duplicate user id: 10007 name=com.android.providers.downloads
03-17 17:55:11.120  1544  1544 W PackageManager: Permission android.permission.DOWNLOAD_WITHOUT_NOTIFICATION from package com.android.providers.downloads in an unknown group android.permission-group.NETWORK
03-17 17:55:11.120  1544  1544 I PackageManager: /system/priv-app/ExternalStorageProvider changed; collecting certs
03-17 17:55:11.129  1544  1544 I PackageManager: /system/priv-app/Contacts changed; collecting certs
03-17 17:55:11.162  1544  1544 I PackageManager: /system/priv-app/DocumentsUI changed; collecting certs
03-17 17:55:11.172  1544  1544 I PackageManager: /system/priv-app/GoogleBackupTransport changed; collecting certs
03-17 17:55:11.173  1544  1544 E PackageManager: Adding duplicate user id: 10011 name=com.google.android.backuptransport
03-17 17:55:11.174  1544  1544 I PackageManager: /system/priv-app/FusedLocation changed; collecting certs
03-17 17:55:11.176  1544  1544 E PackageManager: Adding duplicate shared id: 1000 name=com.android.location.fused
03-17 17:55:11.183  1544  1544 I PackageManager: /system/priv-app/GoogleExtServices changed; collecting certs
03-17 17:55:11.188  1544  1544 I PackageManager: /system/priv-app/GoogleOneTimeInitializer changed; collecting certs
03-17 17:55:11.193  1544  1544 I PackageManager: /system/priv-app/GoogleFeedback changed; collecting certs
03-17 17:55:11.199  1544  1544 I PackageManager: /system/priv-app/GooglePartnerSetup changed; collecting certs
03-17 17:55:11.208  1544  1544 I PackageManager: /system/priv-app/InputDevices changed; collecting certs
03-17 17:55:11.213  1544  1544 E PackageManager: Adding duplicate shared id: 1000 name=com.android.inputdevices
03-17 17:55:11.215  1544  1544 I PackageManager: /system/priv-app/GoogleServicesFramework changed; collecting certs
03-17 17:55:11.246  1544  1544 E PackageManager: Adding duplicate user id: 10011 name=com.google.android.gsf
03-17 17:55:11.247  1544  1544 I PackageManager: /system/priv-app/GoogleDialer changed; collecting certs
03-17 17:55:11.317  1544  1544 I PackageManager: /system/priv-app/MediaProvider changed; collecting certs
03-17 17:55:11.325  1544  1544 E PackageManager: Adding duplicate user id: 10007 name=com.android.providers.media
03-17 17:55:11.325  1544  1577 W PackageParser: Ignoring duplicate uses-permissions/uses-permissions-sdk-m: android.permission.INSTALL_GRANT_RUNTIME_PERMISSIONS in package: com.android.shell at: Binary XML file line #105
03-17 17:55:11.325  1544  1544 I PackageManager: /system/priv-app/ManagedProvisioning changed; collecting certs
03-17 17:55:11.331  1544  1544 I PackageManager: /system/priv-app/MmsService changed; collecting certs
03-17 17:55:11.332  1544  1544 E PackageManager: Adding duplicate shared id: 1001 name=com.android.mms.service
03-17 17:55:11.333  1544  1544 I PackageManager: /system/priv-app/MtpDocumentsProvider changed; collecting certs
03-17 17:55:11.336  1544  1544 E PackageManager: Adding duplicate user id: 10007 name=com.android.mtp
03-17 17:55:11.339  1544  1544 I PackageManager: /system/priv-app/NexusLauncherPrebuilt changed; collecting certs
03-17 17:55:11.349  1544  1576 W PackageParser: Ignoring duplicate uses-permissions/uses-permissions-sdk-m: android.permission.CONFIGURE_WIFI_DISPLAY in package: com.android.systemui at: Binary XML file line #121
03-17 17:55:11.351  1544  1544 W PackageManager: Permission com.google.android.apps.nexuslauncher.permission.READ_SETTINGS from package com.google.android.apps.nexuslauncher in an unknown group android.permission-group.SYSTEM_TOOLS
03-17 17:55:11.351  1544  1544 W PackageManager: Permission com.google.android.apps.nexuslauncher.permission.WRITE_SETTINGS from package com.google.android.apps.nexuslauncher in an unknown group android.permission-group.SYSTEM_TOOLS
03-17 17:55:11.351  1544  1544 W PackageManager: Permission com.google.android.apps.nexuslauncher.permission.QSB from package com.google.android.apps.nexuslauncher in an unknown group android.permission-group.SYSTEM_TOOLS
03-17 17:55:11.351  1544  1544 W PackageManager: Permission com.android.launcher.permission.INSTALL_SHORTCUT from package com.google.android.apps.nexuslauncher in an unknown group android.permission-group.SYSTEM_TOOLS
03-17 17:55:11.351  1544  1544 I PackageManager: /system/priv-app/PackageInstaller changed; collecting certs
03-17 17:55:11.368  1544  1544 I PackageManager: /system/priv-app/ProxyHandler changed; collecting certs
03-17 17:55:11.372  1544  1544 I PackageManager: /system/priv-app/SdkSetup changed; collecting certs
03-17 17:55:11.374  1544  1544 I PackageManager: /system/priv-app/SettingsProvider changed; collecting certs
03-17 17:55:11.377  1544  1544 E PackageManager: Adding duplicate shared id: 1000 name=com.android.providers.settings
03-17 17:55:11.378  1544  1544 I PackageManager: /system/priv-app/Phonesky changed; collecting certs
03-17 17:55:11.398  1544  1575 W PackageParser: Ignoring duplicate uses-permissions/uses-permissions-sdk-m: android.permission.READ_PHONE_STATE in package: com.google.android.googlequicksearchbox at: Binary XML file line #228
03-17 17:55:11.398  1544  1575 W PackageParser: Ignoring duplicate uses-permissions/uses-permissions-sdk-m: android.permission.CAMERA in package: com.google.android.googlequicksearchbox at: Binary XML file line #264
03-17 17:55:11.477  1544  1544 W PackageManager: Permission com.android.vending.appdiscoveryservice.permission.ACCESS_APP_DISCOVERY_SERVICE from package com.android.vending in an unknown group android.permission-group.NETWORK
03-17 17:55:11.477  1544  1544 W PackageManager: Permission com.android.vending.CHECK_LICENSE from package com.android.vending in an unknown group android.permission-group.NETWORK
03-17 17:55:11.477  1544  1544 W PackageManager: Permission com.android.vending.BILLING from package com.android.vending in an unknown group android.permission-group.NETWORK
03-17 17:55:11.477  1544  1544 I PackageManager: /system/priv-app/SetupWizard changed; collecting certs
03-17 17:55:11.496  1544  1544 I PackageManager: /system/priv-app/SharedStorageBackup changed; collecting certs
03-17 17:55:11.498  1544  1544 I PackageManager: /system/priv-app/Settings changed; collecting certs
03-17 17:55:11.602  1544  1544 E PackageManager: Adding duplicate shared id: 1000 name=com.android.settings
03-17 17:55:11.604  1544  1544 I PackageManager: /system/priv-app/PrebuiltGmsCore changed; collecting certs
03-17 17:55:11.820  1544  1544 E PackageManager: Adding duplicate user id: 10011 name=com.google.android.gms
03-17 17:55:11.823  1544  1544 W PackageManager: Permission com.google.android.gms.permission.ACTIVITY_RECOGNITION from package com.google.android.gms in an unknown group android.permission-group.PERSONAL_INFO
03-17 17:55:11.823  1544  1544 I PackageManager: /system/priv-app/StorageManager changed; collecting certs
03-17 17:55:11.837  1544  1544 I PackageManager: /system/priv-app/StatementService changed; collecting certs
03-17 17:55:11.838  1544  1544 I PackageManager: /system/priv-app/Shell changed; collecting certs
03-17 17:55:11.840  1544  1544 E PackageManager: Adding duplicate shared id: 2000 name=com.android.shell
03-17 17:55:11.841  1544  1544 I PackageManager: /system/priv-app/TeleService changed; collecting certs
03-17 17:55:11.859  1544  1544 E PackageManager: Adding duplicate shared id: 1001 name=com.android.phone
03-17 17:55:11.860  1544  1544 I PackageManager: /system/priv-app/SystemUIGoogle changed; collecting certs
03-17 17:55:11.908  1544  1544 E PackageManager: Adding duplicate user id: 10027 name=com.android.systemui
03-17 17:55:11.908  1544  1544 I PackageManager: /system/priv-app/Telecom changed; collecting certs
03-17 17:55:11.919  1544  1544 E PackageManager: Adding duplicate shared id: 1000 name=com.android.server.telecom
03-17 17:55:11.919  1544  1544 I PackageManager: /system/priv-app/TelephonyProvider changed; collecting certs
03-17 17:55:11.922  1544  1544 E PackageManager: Adding duplicate shared id: 1001 name=com.android.providers.telephony
03-17 17:55:11.922  1544  1544 I PackageManager: /system/priv-app/VpnDialogs changed; collecting certs
03-17 17:55:11.925  1544  1544 I PackageManager: /system/priv-app/Velvet changed; collecting certs
03-17 17:55:12.123  1544  1544 W PackageManager: Permission com.google.android.launcher.permission.READ_SETTINGS from package com.google.android.googlequicksearchbox in an unknown group android.permission-group.SYSTEM_TOOLS
03-17 17:55:12.123  1544  1544 W PackageManager: Permission com.google.android.launcher.permission.WRITE_SETTINGS from package com.google.android.googlequicksearchbox in an unknown group android.permission-group.SYSTEM_TOOLS
03-17 17:55:12.123  1544  1544 W PackageManager: Permission com.android.launcher.permission.INSTALL_SHORTCUT from package com.google.android.googlequicksearchbox in an unknown group android.permission-group.SYSTEM_TOOLS
03-17 17:55:12.128  1544  1544 I PackageManager: /system/app/BookmarkProvider changed; collecting certs
03-17 17:55:12.131  1544  1544 I PackageManager: /system/app/BasicDreams changed; collecting certs
03-17 17:55:12.133  1544  1544 I PackageManager: /system/app/Browser2 changed; collecting certs
03-17 17:55:12.135  1544  1544 I PackageManager: /system/app/BuiltInPrintService changed; collecting certs
03-17 17:55:12.140  1544  1544 I PackageManager: /system/app/CaptivePortalLogin changed; collecting certs
03-17 17:55:12.143  1544  1544 I PackageManager: /system/app/CertInstaller changed; collecting certs
03-17 17:55:12.148  1544  1544 I PackageManager: /system/app/Camera2 changed; collecting certs
03-17 17:55:12.193  1544  1582 W PackageParser: Ignoring duplicate uses-permissions/uses-permissions-sdk-m: android.permission.GET_ACCOUNTS in package: com.google.android.apps.tachyon at: Binary XML file line #58
03-17 17:55:12.221  1544  1544 I PackageManager: /system/app/CompanionDeviceManager changed; collecting certs
03-17 17:55:12.223  1544  1544 I PackageManager: /system/app/CtsShimPrebuilt changed; collecting certs
03-17 17:55:12.225  1544  1544 W PackageManager: Non-privileged app; cap priority to 0; package: com.android.cts.ctsshim activity: com.android.cts.ctsshim.InstallPriority origPrio: 100
03-17 17:55:12.225  1544  1544 I chatty  : uid=1000 system_server identical 3 lines
03-17 17:55:12.225  1544  1544 W PackageManager: Non-privileged app; cap priority to 0; package: com.android.cts.ctsshim activity: com.android.cts.ctsshim.InstallPriority origPrio: 100
03-17 17:55:12.225  1544  1544 I PackageManager: /system/app/CubeLiveWallpapers changed; collecting certs
03-17 17:55:12.228  1544  1544 I PackageManager: /system/app/CustomLocale changed; collecting certs
03-17 17:55:12.230  1544  1544 I PackageManager: /system/app/Development changed; collecting certs
03-17 17:55:12.241  1544  1544 I PackageManager: /system/app/DownloadProviderUi changed; collecting certs
03-17 17:55:12.243  1544  1544 E PackageManager: Adding duplicate user id: 10007 name=com.android.providers.downloads.ui
03-17 17:55:12.244  1544  1544 I PackageManager: /system/app/DeskClock changed; collecting certs
03-17 17:55:12.260  1544  1544 I PackageManager: /system/app/CalendarGooglePrebuilt changed; collecting certs
03-17 17:55:12.387  1544  1544 E PackageManager: Adding duplicate user id: 10043 name=com.google.android.calendar
03-17 17:55:12.389  1544  1544 W PackageManager: Non-privileged app; cap priority to 0; package: com.google.android.calendar activity: com.android.calendar.event.LaunchInfoActivity origPrio: 50
03-17 17:55:12.389  1544  1544 W PackageManager: Non-privileged app; cap priority to 0; package: com.google.android.calendar activity: com.android.calendar.event.LaunchInfoActivity origPrio: 50
03-17 17:55:12.389  1544  1544 I PackageManager: /system/app/Chrome changed; collecting certs
03-17 17:55:13.007  1544  1544 W PackageManager: Permission com.android.chrome.permission.DEBUG from package com.android.chrome in an unknown group android.permission-group.DEVELOPMENT_TOOLS
03-17 17:55:13.007  1544  1544 I PackageManager: /system/app/EmulatorSmokeTests changed; collecting certs
03-17 17:55:13.009  1544  1544 I PackageManager: /system/app/EasterEgg changed; collecting certs
03-17 17:55:13.012  1544  1544 I PackageManager: /system/app/ExactCalculator changed; collecting certs
03-17 17:55:13.015  1544  1544 I PackageManager: /system/app/Duo changed; collecting certs
03-17 17:55:13.033  1544  1581 W PackageParser: Ignoring duplicate uses-permissions/uses-permissions-sdk-m: android.permission.WAKE_LOCK in package: com.google.android.apps.maps at: Binary XML file line #160
03-17 17:55:13.153  1544  1544 I PackageManager: /system/app/Drive changed; collecting certs
03-17 17:55:13.260  1544  1544 W PackageManager: Permission com.google.android.apps.docs.permission.READ_MY_DATA from package com.google.android.apps.docs in an unknown group android.permission-group.PERSONAL_INFO
03-17 17:55:13.260  1544  1544 W PackageManager: Permission com.google.android.apps.docs.permission.SYNC_STATUS from package com.google.android.apps.docs in an unknown group android.permission-group.PERSONAL_INFO
03-17 17:55:13.260  1544  1544 I PackageManager: /system/app/Fallback changed; collecting certs
03-17 17:55:13.262  1544  1544 I PackageManager: /system/app/GoogleExtShared changed; collecting certs
03-17 17:55:13.266  1544  1544 I PackageManager: /system/app/GoogleContactsSyncAdapter changed; collecting certs
03-17 17:55:13.275  1544  1544 I PackageManager: /system/app/HTMLViewer changed; collecting certs
03-17 17:55:13.279  1544  1544 I PackageManager: /system/app/GoogleTTS changed; collecting certs
03-17 17:55:13.290  1544  1581 W PackageParser: Unknown element under <manifest>: meta-data at /system/app/PrebuiltBugle/PrebuiltBugle.apk Binary XML file line #89
03-17 17:55:13.307  1544  1580 W PackageParser: No actions in intent filter at /system/app/PrebuiltGmail/PrebuiltGmail.apk Binary XML file line #281
03-17 17:55:13.397  1544  1544 I PackageManager: /system/app/KeyChain changed; collecting certs
03-17 17:55:13.398  1544  1544 E PackageManager: Adding duplicate shared id: 1000 name=com.android.keychain
03-17 17:55:13.399  1544  1544 I PackageManager: /system/app/Hangouts changed; collecting certs
03-17 17:55:13.578  1544  1544 W PackageManager: Non-privileged app; cap priority to 0; package: com.google.android.talk activity: com.google.android.apps.hangouts.phone.BabelHomeActivity origPrio: 999
03-17 17:55:13.578  1544  1544 W PackageManager: Non-privileged app; cap priority to 0; package: com.google.android.talk activity: com.google.android.apps.hangouts.phone.HangoutUrlHandlerActivity origPrio: 999
03-17 17:55:13.578  1544  1544 W PackageManager: Non-privileged app; cap priority to 0; package: com.google.android.talk activity: com.google.android.apps.hangouts.phone.HangoutUrlHandlerActivity origPrio: 999
03-17 17:55:13.579  1544  1544 W PackageManager: Non-privileged app; cap priority to 0; package: com.google.android.talk activity: com.google.android.apps.hangouts.phone.ConversationUrlHandlerActivity origPrio: 999
03-17 17:55:13.579  1544  1544 W PackageManager: Non-privileged app; cap priority to 0; package: com.google.android.talk activity: com.google.android.apps.hangouts.phone.ConversationUrlHandlerActivity origPrio: 999
03-17 17:55:13.579  1544  1544 I PackageManager: /system/app/LatinIME changed; collecting certs
03-17 17:55:13.672  1544  1544 I PackageManager: /system/app/LiveWallpapersPicker changed; collecting certs
03-17 17:55:13.679  1544  1544 I PackageManager: /system/app/NexusWallpapersStubPrebuilt changed; collecting certs
03-17 17:55:13.791  1544  1544 I PackageManager: /system/app/OpenWnn changed; collecting certs
03-17 17:55:13.802  1544  1544 I PackageManager: /system/app/Music2 changed; collecting certs
03-17 17:55:13.865  1544  1544 I PackageManager: /system/app/Maps changed; collecting certs
03-17 17:55:14.000  1544  1544 E PackageManager: Adding duplicate user id: 10061 name=com.google.android.apps.maps
03-17 17:55:14.002  1544  1544 I PackageManager: /system/app/PacProcessor changed; collecting certs
03-17 17:55:14.005  1544  1544 I PackageManager: /system/app/PartnerBookmarksProvider changed; collecting certs
03-17 17:55:14.008  1544  1544 I PackageManager: /system/app/PrintRecommendationService changed; collecting certs
03-17 17:55:14.011  1544  1544 I PackageManager: /system/app/PrebuiltBugle changed; collecting certs
03-17 17:55:14.024  1544  1580 W PackageParser: Ignoring duplicate uses-permissions/uses-permissions-sdk-m: android.permission.READ_CONTACTS in package: com.google.android.youtube at: Binary XML file line #171
03-17 17:55:14.025  1544  1580 W PackageParser: Ignoring duplicate uses-permissions/uses-permissions-sdk-m: android.permission.RECORD_AUDIO in package: com.google.android.youtube at: Binary XML file line #174
03-17 17:55:14.111  1544  1544 I PackageManager: /system/app/Photos changed; collecting certs
03-17 17:55:14.347  1544  1544 I PackageManager: /system/app/PrebuiltGmail changed; collecting certs
03-17 17:55:14.435  1544  1544 W PackageManager: Permission com.google.android.gm.email.permission.READ_ATTACHMENT from package com.google.android.gm in an unknown group android.permission-group.MESSAGES
03-17 17:55:14.435  1544  1544 W PackageManager: Permission com.google.android.gm.permission.READ_GMAIL from package com.google.android.gm in an unknown group android.permission-group.MESSAGES
03-17 17:55:14.435  1544  1544 W PackageManager: Permission com.google.android.gm.permission.WRITE_GMAIL from package com.google.android.gm in an unknown group android.permission-group.MESSAGES
03-17 17:55:14.435  1544  1544 W PackageManager: Permission com.google.android.gm.permission.AUTO_SEND from package com.google.android.gm in an unknown group android.permission-group.MESSAGES
03-17 17:55:14.435  1544  1544 W PackageManager: Permission com.google.android.gm.permission.READ_CONTENT_PROVIDER from package com.google.android.gm in an unknown group android.permission-group.MESSAGES
03-17 17:55:14.435  1544  1544 I PackageManager: /system/app/Protips changed; collecting certs
03-17 17:55:14.438  1544  1544 I PackageManager: /system/app/PrintSpooler changed; collecting certs
03-17 17:55:14.441  1544  1544 I PackageManager: /system/app/SoftKeyboard changed; collecting certs
03-17 17:55:14.443  1544  1544 I PackageManager: /system/app/UserDictionaryProvider changed; collecting certs
03-17 17:55:14.445  1544  1544 E PackageManager: Adding duplicate user id: 10001 name=com.android.providers.userdictionary
03-17 17:55:14.445  1544  1544 I PackageManager: /system/app/Videos changed; collecting certs
03-17 17:55:14.507  1544  1544 I PackageManager: /system/app/WallpaperBackup changed; collecting certs
03-17 17:55:14.509  1544  1544 E PackageManager: Adding duplicate shared id: 1000 name=com.android.wallpaperbackup
03-17 17:55:14.509  1544  1544 I PackageManager: /system/app/WallpaperPickerGooglePrebuilt changed; collecting certs
03-17 17:55:14.521  1544  1544 I PackageManager: /system/app/WallpapersBReel changed; collecting certs
03-17 17:55:14.976  1544  1544 I PackageManager: /system/app/WallpapersUsTwo changed; collecting certs
03-17 17:55:15.006  1544  1544 I PackageManager: /system/app/WidgetPreview changed; collecting certs
03-17 17:55:15.007  1544  1544 I PackageManager: /system/app/WebViewGoogle changed; collecting certs
03-17 17:55:15.441  1544  1544 I PackageManager: /system/app/YouTube changed; collecting certs
03-17 17:55:15.623  1544  1544 I PackageManager: /data/app/SmokeTest changed; collecting certs
03-17 17:55:15.625  1544  1544 I PackageManager: /data/app/GestureBuilder changed; collecting certs
03-17 17:55:15.628  1544  1544 I PackageManager: /data/app/SmokeTestApp changed; collecting certs
03-17 17:55:15.638  1544  1583 W PackageParser: No actions in intent filter at /data/app/ApiDemos/ApiDemos.apk Binary XML file line #3162
03-17 17:55:15.638  1544  1583 W PackageParser: No actions in intent filter at /data/app/ApiDemos/ApiDemos.apk Binary XML file line #3168
03-17 17:55:15.648  1544  1544 I PackageManager: /data/app/ApiDemos changed; collecting certs
03-17 17:55:15.695  1544  1544 W PackageManager: Protected action; cap priority to 0; package: com.android.cts.priv.ctsshim activity: com.android.cts.priv.ctsshim.InstallPriority origPrio: 100
03-17 17:55:15.695  1544  1544 I chatty  : uid=1000 system_server identical 2 lines
03-17 17:55:15.695  1544  1544 W PackageManager: Protected action; cap priority to 0; package: com.android.cts.priv.ctsshim activity: com.android.cts.priv.ctsshim.InstallPriority origPrio: 100
03-17 17:55:15.695  1544  1544 W PackageManager: Protected action; cap priority to 0; package: com.android.packageinstaller activity: com.android.packageinstaller.InstallStart origPrio: 1
03-17 17:55:15.695  1544  1544 W PackageManager: Protected action; cap priority to 0; package: com.google.android.gms activity: com.google.android.gms.appinvite.AppInviteAcceptInvitationActivity origPrio: 900
03-17 17:55:15.695  1544  1544 W PackageManager: Protected action; cap priority to 0; package: com.google.android.gms activity: com.google.android.gms.appinvite.AppInviteAcceptInvitationActivity origPrio: 900
03-17 17:55:15.695  1544  1544 W PackageManager: Protected action; cap priority to 0; package: com.google.android.gms activity: com.google.android.gms.matchstick.ui.EntryActivity origPrio: 999
03-17 17:55:15.695  1544  1544 W PackageManager: Protected action; cap priority to 0; package: com.google.android.gms activity: com.google.android.gms.tapandpay.tokenization.AddNewCardThroughBrowserActivity origPrio: 999
03-17 17:55:15.695  1544  1544 W PackageManager: Protected action; cap priority to 0; package: com.google.android.gms activity: com.google.android.gms.walletp2p.feature.transfer.TransferMoneyActivity origPrio: 900
03-17 17:55:15.695  1544  1544 E PackageManager: updateAllSharedLibrariesLPw failed: Package com.google.android.dialer requires unavailable shared library com.google.android.dialer.support; failing!
03-17 17:55:15.695  1544  1544 W PackageManager: Package com.google.android.gms desires unavailable shared library com.google.android.ble; ignoring!
03-17 17:55:15.695  1544  1544 W PackageManager: Package com.google.android.videos desires unavailable shared library com.google.widevine.software.drm; ignoring!
03-17 17:55:15.695  1544  1544 W PackageManager: Package com.example.android.apis desires unavailable shared library com.example.will.never.exist; ignoring!
03-17 17:55:15.695  1544  1544 I PackageManager: Adjusting ABI for com.google.android.backuptransport to x86 (requirer=Package{ccb1b5b com.google.android.gms}, scannedPackage=null)
03-17 17:55:15.696  1544  1544 I PackageManager: Adjusting ABI for com.google.android.gsf to x86 (requirer=Package{ccb1b5b com.google.android.gms}, scannedPackage=null)
03-17 17:55:15.697  1544  1544 I PackageManager: Time to scan packages: 4.854 seconds
03-17 17:55:15.697  1544  1544 W PackageManager: Not granting permission android.permission.MANAGE_DOCUMENTS to package com.google.android.youtube (protectionLevel=2 flags=0x385bbe45)
03-17 17:55:15.697  1544  1544 W PackageManager: Unknown permission com.sec.android.provider.badge.permission.READ in package com.google.android.youtube
03-17 17:55:15.697  1544  1544 W PackageManager: Unknown permission com.sec.android.provider.badge.permission.WRITE in package com.google.android.youtube
03-17 17:55:15.697  1544  1544 W PackageManager: Unknown permission com.htc.launcher.permission.READ_SETTINGS in package com.google.android.youtube
03-17 17:55:15.697  1544  1544 W PackageManager: Unknown permission com.htc.launcher.permission.UPDATE_SHORTCUT in package com.google.android.youtube
03-17 17:55:15.697  1544  1544 W PackageManager: Unknown permission com.sonyericsson.home.permission.BROADCAST_BADGE in package com.google.android.youtube
03-17 17:55:15.697  1544  1544 W PackageManager: Unknown permission com.sonymobile.home.permission.PROVIDER_INSERT_BADGE in package com.google.android.youtube
03-17 17:55:15.697  1544  1544 W PackageManager: Unknown permission com.google.android.launcher.permission.CONTENT_REDIRECT in package com.google.android.googlequicksearchbox
03-17 17:55:15.697  1544  1544 W PackageManager: Unknown permission com.google.android.voicesearch.SHORTCUTS_ACCESS in package com.google.android.googlequicksearchbox
03-17 17:55:15.697  1544  1544 W PackageManager: Unknown permission com.google.android.voicesearch.ACCESS_SETTINGS in package com.google.android.googlequicksearchbox
03-17 17:55:15.697  1544  1544 W PackageManager: Unknown permission com.android.browser.permission.PRELOAD in package com.google.android.googlequicksearchbox
03-17 17:55:15.697  1544  1544 W PackageManager: Unknown permission com.google.android.ears.permission.WRITE in package com.google.android.googlequicksearchbox
03-17 17:55:15.697  1544  1544 W PackageManager: Unknown permission com.google.googlenav.friend.permission.OPT_IN in package com.google.android.googlequicksearchbox
03-17 17:55:15.697  1544  1544 W PackageManager: Unknown permission com.google.android.apps.googlevoice.permission.AUTO_SEND in package com.google.android.googlequicksearchbox
03-17 17:55:15.697  1544  1544 W PackageManager: Unknown permission com.android.chrome.PRERENDER_URL in package com.google.android.googlequicksearchbox
03-17 17:55:15.697  1544  1544 W PackageManager: Not granting permission com.google.android.googleapps.permission.GOOGLE_AUTH to package com.android.providers.calendar (protectionLevel=2 flags=0x30083e45)
03-17 17:55:15.697  1544  1544 W PackageManager: Not granting permission com.google.android.googleapps.permission.GOOGLE_AUTH.cl to package com.android.providers.calendar (protectionLevel=2 flags=0x30083e45)
03-17 17:55:15.697  1544  1544 W PackageManager: Unknown permission com.google.android.ims.providers.ACCESS_DATA in package com.google.android.apps.messaging
03-17 17:55:15.697  1544  1544 W PackageManager: Unknown permission com.google.android.ims.LOG_ACCESS in package com.google.android.apps.messaging
03-17 17:55:15.697  1544  1544 W PackageManager: Unknown permission com.sec.android.provider.badge.permission.READ in package com.google.android.apps.messaging
03-17 17:55:15.697  1544  1544 W PackageManager: Unknown permission com.sec.android.provider.badge.permission.WRITE in package com.google.android.apps.messaging
03-17 17:55:15.697  1544  1544 W PackageManager: Unknown permission com.htc.launcher.permission.READ_SETTINGS in package com.google.android.apps.messaging
03-17 17:55:15.697  1544  1544 W PackageManager: Unknown permission com.htc.launcher.permission.UPDATE_SHORTCUT in package com.google.android.apps.messaging
03-17 17:55:15.697  1544  1544 W PackageManager: Unknown permission com.sonyericsson.home.permission.BROADCAST_BADGE in package com.google.android.apps.messaging
03-17 17:55:15.697  1544  1544 W PackageManager: Unknown permission com.sonymobile.home.permission.PROVIDER_INSERT_BADGE in package com.google.android.apps.messaging
03-17 17:55:15.697  1544  1544 W PackageManager: Unknown permission com.anddoes.launcher.permission.UPDATE_COUNT in package com.google.android.apps.messaging
03-17 17:55:15.697  1544  1544 W PackageManager: Unknown permission com.majeur.launcher.permission.UPDATE_BADGE in package com.google.android.apps.messaging
03-17 17:55:15.697  1544  1544 W PackageManager: Unknown permission com.huawei.android.launcher.permission.CHANGE_BADGE in package com.google.android.apps.messaging
03-17 17:55:15.697  1544  1544 W PackageManager: Unknown permission com.huawei.android.launcher.permission.READ_SETTINGS in package com.google.android.apps.messaging
03-17 17:55:15.697  1544  1544 W PackageManager: Unknown permission com.huawei.android.launcher.permission.WRITE_SETTINGS in package com.google.android.apps.messaging
03-17 17:55:15.697  1544  1544 W PackageManager: Unknown permission android.permission.READ_APP_BADGE in package com.google.android.apps.messaging
03-17 17:55:15.697  1544  1544 W PackageManager: Unknown permission com.oppo.launcher.permission.READ_SETTINGS in package com.google.android.apps.messaging
03-17 17:55:15.697  1544  1544 W PackageManager: Unknown permission com.oppo.launcher.permission.WRITE_SETTINGS in package com.google.android.apps.messaging
03-17 17:55:15.698  1544  1544 W PackageManager: Not granting permission android.permission.SEND_DOWNLOAD_COMPLETED_INTENTS to package com.android.vending (protectionLevel=2 flags=0x384abe45)
03-17 17:55:15.698  1544  1544 W PackageManager: Not granting permission android.permission.INSTALL_GRANT_RUNTIME_PERMISSIONS to package com.android.vending (protectionLevel=770 flags=0x384abe45)
03-17 17:55:15.698  1544  1544 W PackageManager: Not granting permission android.permission.GRANT_RUNTIME_PERMISSIONS to package com.android.vending (protectionLevel=770 flags=0x384abe45)
03-17 17:55:15.698  1544  1544 W PackageManager: Not granting permission android.permission.REVOKE_RUNTIME_PERMISSIONS to package com.android.vending (protectionLevel=770 flags=0x384abe45)
03-17 17:55:15.698  1544  1544 W PackageManager: Not granting permission android.permission.SET_PREFERRED_APPLICATIONS to package com.android.vending (protectionLevel=514 flags=0x384abe45)
03-17 17:55:15.698  1544  1544 W PackageManager: Not granting permission android.permission.INTERACT_ACROSS_USERS_FULL to package com.android.vending (protectionLevel=258 flags=0x384abe45)
03-17 17:55:15.698  1544  1544 W PackageManager: Not granting permission android.permission.ACCESS_INSTANT_APPS to package com.android.vending (protectionLevel=770 flags=0x384abe45)
03-17 17:55:15.698  1544  1544 W PackageManager: Not granting permission android.permission.BIND_WALLPAPER to package com.android.camera2 (protectionLevel=18 flags=0x3058bc45)
03-17 17:55:15.698  1544  1544 W PackageManager: Unknown permission com.google.android.email.permission.ACCESS_PROVIDER in package com.google.android.gm
03-17 17:55:15.698  1544  1544 W PackageManager: Unknown permission com.google.android.gm.exchange.BIND in package com.google.android.gm
03-17 17:55:15.698  1544  1544 W PackageManager: Unknown permission com.android.email.partnerprovider.PARTNER_PROVIDER in package com.google.android.gm
03-17 17:55:15.698  1544  1544 W PackageManager: Unknown permission com.samsung.android.providers.context.permission.WRITE_USE_APP_FEATURE_SURVEY in package com.google.android.music
03-17 17:55:15.698  1544  1544 W PackageManager: Unknown permission com.cequint.ecid.CALLER_ID_LOOKUP in package com.google.android.dialer
03-17 17:55:15.698  1544  1544 W PackageManager: Unknown permission android.permission.WRITE_SYNC_STATS in package com.google.android.apps.docs
03-17 17:55:15.698  1544  1544 W PackageManager: Not granting permission android.permission.INTERACT_ACROSS_USERS to package com.google.android.syncadapters.contacts (protectionLevel=50 flags=0x38083e45)
03-17 17:55:15.698  1544  1544 W PackageManager: Unknown permission com.google.android.syncadapters.contacts.permission.GAL_SEARCH in package com.google.android.syncadapters.contacts
03-17 17:55:15.699  1544  1544 W PackageManager: Unknown permission com.chrome.permission.DEVICE_EXTRAS in package com.android.chrome
03-17 17:55:15.699  1544  1544 W PackageManager: Unknown permission com.sec.enterprise.knox.MDM_CONTENT_PROVIDER in package com.android.chrome
03-17 17:55:15.699  1544  1544 W PackageManager: Unknown permission com.google.android.apps.enterprise.dmagent.permission.AutoSyncPermission in package com.google.android.gms
03-17 17:55:15.699  1544  1544 W PackageManager: Unknown permission com.google.android.wearable.READ_SETTINGS in package com.google.android.gms
03-17 17:55:15.699  1544  1544 W PackageManager: Unknown permission com.google.android.googleapps.permission.ACCESS_GOOGLE_PASSWORD in package com.google.android.gsf
03-17 17:55:15.699  1544  1544 W PackageManager: Unknown permission com.google.android.googleapps.permission.GOOGLE_MAIL_SWITCH in package com.google.android.gsf
03-17 17:55:15.699  1544  1544 W PackageManager: Unknown permission com.android.launcher.permission.PRELOAD_WORKSPACE in package com.google.android.partnersetup
03-17 17:55:15.699  1544  1544 W PackageManager: Unknown permission com.google.android.permission.INSTALL_WEARABLE_PACKAGES in package com.android.packageinstaller
03-17 17:55:15.699  1544  1544 W PackageManager: Not granting permission com.google.android.googleapps.permission.GOOGLE_AUTH to package com.google.android.videos (protectionLevel=2 flags=0x385bbe45)
03-17 17:55:15.699  1544  1544 W PackageManager: Unknown permission com.android.launcher.permission.READ_SETTINGS in package com.google.android.apps.nexuslauncher
03-17 17:55:15.699  1544  1544 W PackageManager: Unknown permission android.permission.RUN_INSTRUMENTATION in package org.chromium.webview_shell
03-17 17:55:15.699  1544  1544 W PackageManager: Not granting permission android.permission.WRITE_MEDIA_STORAGE to package com.google.android.apps.photos (protectionLevel=18 flags=0x3859be45)
03-17 17:55:15.700  1544  1544 W PackageManager: Unknown permission com.google.android.gm.exchange.BIND in package com.google.android.calendar
03-17 17:55:15.700  1544  1544 W PackageManager: Unknown permission com.android.launcher.permission.READ_SETTINGS in package com.android.settings
03-17 17:55:15.700  1544  1544 W PackageManager: Unknown permission com.android.launcher.permission.WRITE_SETTINGS in package com.android.settings
03-17 17:55:15.700  1544  1544 W PackageManager: Unknown permission com.android.smspush.WAPPUSH_MANAGER_BIND in package com.android.phone
03-17 17:55:15.701  1544  1544 W PackageManager: Unknown permission android.car.permission.CAR_CONTROL_AUDIO_VOLUME in package com.android.systemui
03-17 17:55:15.701  1544  1544 W PackageManager: Unknown permission com.google.android.googleapps.permission.ACCESS_GOOGLE_PASSWORD in package com.android.development
03-17 17:55:15.701  1544  1544 W PackageManager: Not granting permission android.permission.BIND_APPWIDGET to package com.android.widgetpreview (protectionLevel=18 flags=0x3808be45)
