03-17 17:55:17.065  1311  1315 W vold    : Skipping due to root namespace
03-17 17:55:17.065  1311  1315 D vold    : Found matching PID 1462
03-17 17:55:17.065  1311  1315 W vold    : Skipping due to root namespace
03-17 17:55:17.065  1311  1315 D vold    : Found matching PID 1464
03-17 17:55:17.065  1311  1315 W vold    : Skipping due to root namespace
03-17 17:55:17.065  1311  1315 D vold    : Found matching PID 1544
03-17 17:55:17.142  1544  1603 D VoldConnector: RCV <- {200 6 Command succeeded}
03-17 17:55:17.142  1544  1544 D VoldConnector: SND -> {7 volume remount_uid 1000 none}
03-17 17:55:17.143  1311  1315 D vold    : Remounting 1000 as mode none
03-17 17:55:17.143  1311  1315 D vold    : Found matching PID 1301
03-17 17:55:17.143  1311  1315 W vold    : Skipping due to root namespace
03-17 17:55:17.143  1311  1315 D vold    : Found matching PID 1302
03-17 17:55:17.143  1311  1315 W vold    : Skipping due to root namespace
03-17 17:55:17.143  1311  1315 D vold    : Found matching PID 1304
03-17 17:55:17.143  1311  1315 W vold    : Skipping due to root namespace
03-17 17:55:17.143  1311  1315 D vold    : Found matching PID 1310
03-17 17:55:17.143  1311  1315 W vold    : Skipping due to root namespace
03-17 17:55:17.143  1311  1315 D vold    : Found matching PID 1350
03-17 17:55:17.143  1311  1315 W vold    : Skipping due to root namespace
03-17 17:55:17.143  1311  1315 D vold    : Found matching PID 1352
03-17 17:55:17.143  1311  1315 W vold    : Skipping due to root namespace
03-17 17:55:17.143  1311  1315 D vold    : Found matching PID 1354
03-17 17:55:17.143  1311  1315 W vold    : Skipping due to root namespace
03-17 17:55:17.143  1311  1315 D vold    : Found matching PID 1355
03-17 17:55:17.143  1311  1315 W vold    : Skipping due to root namespace
03-17 17:55:17.143  1311  1315 D vold    : Found matching PID 1361
03-17 17:55:17.143  1311  1315 W vold    : Skipping due to root namespace
03-17 17:55:17.144  1311  1315 D vold    : Found matching PID 1457
03-17 17:55:17.144  1311  1315 W vold    : Skipping due to root namespace
03-17 17:55:17.144  1311  1315 D vold    : Found matching PID 1459
03-17 17:55:17.144  1311  1315 W vold    : Skipping due to root namespace
03-17 17:55:17.144  1311  1315 D vold    : Found matching PID 1462
03-17 17:55:17.144  1311  1315 W vold    : Skipping due to root namespace
03-17 17:55:17.144  1311  1315 D vold    : Found matching PID 1464
03-17 17:55:17.144  1311  1315 W vold    : Skipping due to root namespace
03-17 17:55:17.144  1311  1315 D vold    : Found matching PID 1544
03-17 17:55:17.144  1544  1603 D VoldConnector: RCV <- {200 7 Command succeeded}
03-17 17:55:17.149  1544  1544 D VoldConnector: SND -> {8 volume remount_uid 2000 none}
03-17 17:55:17.150  1311  1315 D vold    : Remounting 2000 as mode none
03-17 17:55:17.151  1544  1603 D VoldConnector: RCV <- {200 8 Command succeeded}
03-17 17:55:17.151  1544  1544 D VoldConnector: SND -> {9 volume remount_uid 2000 none}
03-17 17:55:17.151  1311  1315 D vold    : Remounting 2000 as mode none
03-17 17:55:17.152  1544  1603 D VoldConnector: RCV <- {200 9 Command succeeded}
03-17 17:55:17.153  1544  1544 D VoldConnector: SND -> {10 volume remount_uid 10027 none}
03-17 17:55:17.153  1311  1315 D vold    : Remounting 10027 as mode none
03-17 17:55:17.154  1544  1603 D VoldConnector: RCV <- {200 10 Command succeeded}
03-17 17:55:17.154  1544  1544 D VoldConnector: SND -> {11 volume remount_uid 10027 none}
03-17 17:55:17.154  1311  1315 D vold    : Remounting 10027 as mode none
03-17 17:55:17.155  1544  1603 D VoldConnector: RCV <- {200 11 Command succeeded}
03-17 17:55:17.163  1544  1544 I SyncManager: No initial accounts
03-17 17:55:17.163  1544  1544 I SyncManager: No initial status
03-17 17:55:17.163  1544  1544 I SyncManager: No initial statistics
03-17 17:55:17.182  1544  1544 D VoldConnector: SND -> {12 volume remount_uid 10019 none}
03-17 17:55:17.182  1311  1315 D vold    : Remounting 10019 as mode none
03-17 17:55:17.183  1544  1603 D VoldConnector: RCV <- {200 12 Command succeeded}
03-17 17:55:17.183  1544  1544 D VoldConnector: SND -> {13 volume remount_uid 10022 none}
03-17 17:55:17.183  1311  1315 D vold    : Remounting 10022 as mode none
03-17 17:55:17.184  1544  1603 D VoldConnector: RCV <- {200 13 Command succeeded}
03-17 17:55:17.184  1544  1544 D VoldConnector: SND -> {14 volume remount_uid 10022 none}
03-17 17:55:17.185  1311  1315 D vold    : Remounting 10022 as mode none
03-17 17:55:17.186  1544  1603 D VoldConnector: RCV <- {200 14 Command succeeded}
03-17 17:55:17.188  1544  1544 D VoldConnector: SND -> {15 volume remount_uid 10036 none}
03-17 17:55:17.188  1311  1315 D vold    : Remounting 10036 as mode none
03-17 17:55:17.189  1544  1603 D VoldConnector: RCV <- {200 15 Command succeeded}
03-17 17:55:17.189  1544  1544 D VoldConnector: SND -> {16 volume remount_uid 10036 none}
03-17 17:55:17.189  1311  1315 D vold    : Remounting 10036 as mode none
03-17 17:55:17.190  1544  1603 D VoldConnector: RCV <- {200 16 Command succeeded}
03-17 17:55:17.190  1544  1544 D VoldConnector: SND -> {17 volume remount_uid 10007 none}
03-17 17:55:17.191  1311  1315 D vold    : Remounting 10007 as mode none
03-17 17:55:17.191  1544  1603 D VoldConnector: RCV <- {200 17 Command succeeded}
03-17 17:55:17.191  1544  1544 D VoldConnector: SND -> {18 volume remount_uid 10007 none}
03-17 17:55:17.192  1311  1315 D vold    : Remounting 10007 as mode none
03-17 17:55:17.192  1544  1603 D VoldConnector: RCV <- {200 18 Command succeeded}
03-17 17:55:17.192  1544  1544 D VoldConnector: SND -> {19 volume remount_uid 10008 none}
03-17 17:55:17.193  1311  1315 D vold    : Remounting 10008 as mode none
03-17 17:55:17.193  1544  1603 D VoldConnector: RCV <- {200 19 Command succeeded}
03-17 17:55:17.194  1544  1544 D VoldConnector: SND -> {20 volume remount_uid 10008 none}
03-17 17:55:17.194  1311  1315 D vold    : Remounting 10008 as mode none
03-17 17:55:17.194  1544  1603 D VoldConnector: RCV <- {200 20 Command succeeded}
03-17 17:55:17.198  1544  1544 D VoldConnector: SND -> {21 volume remount_uid 10002 none}
03-17 17:55:17.199  1311  1315 D vold    : Remounting 10002 as mode none
03-17 17:55:17.199  1544  1603 D VoldConnector: RCV <- {200 21 Command succeeded}
03-17 17:55:17.200  1544  1544 D VoldConnector: SND -> {22 volume remount_uid 10002 none}
03-17 17:55:17.200  1311  1315 D vold    : Remounting 10002 as mode none
03-17 17:55:17.201  1544  1603 D VoldConnector: RCV <- {200 22 Command succeeded}
03-17 17:55:17.204  1544  1544 D VoldConnector: SND -> {23 volume remount_uid 10066 none}
03-17 17:55:17.204  1311  1315 D vold    : Remounting 10066 as mode none
03-17 17:55:17.205  1544  1603 D VoldConnector: RCV <- {200 23 Command succeeded}
03-17 17:55:17.205  1544  1544 D VoldConnector: SND -> {24 volume remount_uid 10066 none}
03-17 17:55:17.205  1311  1315 D vold    : Remounting 10066 as mode none
03-17 17:55:17.206  1544  1603 D VoldConnector: RCV <- {200 24 Command succeeded}
03-17 17:55:17.209  1544  1544 D VoldConnector: SND -> {25 volume remount_uid 10011 none}
03-17 17:55:17.210  1311  1315 D vold    : Remounting 10011 as mode none
03-17 17:55:17.210  1544  1603 D VoldConnector: RCV <- {200 25 Command succeeded}
03-17 17:55:17.211  1544  1544 D VoldConnector: SND -> {26 volume remount_uid 10011 none}
03-17 17:55:17.211  1311  1315 D vold    : Remounting 10011 as mode none
03-17 17:55:17.212  1544  1603 D VoldConnector: RCV <- {200 26 Command succeeded}
03-17 17:55:17.212  1544  1544 D VoldConnector: SND -> {27 volume remount_uid 10060 none}
03-17 17:55:17.212  1311  1315 D vold    : Remounting 10060 as mode none
03-17 17:55:17.213  1544  1603 D VoldConnector: RCV <- {200 27 Command succeeded}
03-17 17:55:17.213  1544  1544 D VoldConnector: SND -> {28 volume remount_uid 10060 none}
03-17 17:55:17.213  1311  1315 D vold    : Remounting 10060 as mode none
03-17 17:55:17.214  1544  1603 D VoldConnector: RCV <- {200 28 Command succeeded}
03-17 17:55:17.214  1544  1544 D VoldConnector: SND -> {29 volume remount_uid 10025 none}
03-17 17:55:17.215  1311  1315 D vold    : Remounting 10025 as mode none
03-17 17:55:17.215  1544  1603 D VoldConnector: RCV <- {200 29 Command succeeded}
03-17 17:55:17.216  1544  1544 D VoldConnector: SND -> {30 volume remount_uid 10025 none}
03-17 17:55:17.216  1311  1315 D vold    : Remounting 10025 as mode none
03-17 17:55:17.216  1544  1603 D VoldConnector: RCV <- {200 30 Command succeeded}
03-17 17:55:17.219  1544  1544 V UserDataPreparer: Found /data/user_de/0 with serial number -1
03-17 17:55:17.219  1544  1544 D UserDataPreparer: Serial number missing on /data/user_de/0; assuming current is valid
03-17 17:55:17.219  1544  1544 V UserDataPreparer: Found /data/user/0 with serial number -1
03-17 17:55:17.219  1544  1544 D UserDataPreparer: Serial number missing on /data/user/0; assuming current is valid
03-17 17:55:17.219  1544  1544 V UserDataPreparer: Found /data/system_de/0 with serial number -1
03-17 17:55:17.219  1544  1544 D UserDataPreparer: Serial number missing on /data/system_de/0; assuming current is valid
03-17 17:55:17.220  1544  1544 I SystemServer: MakeDisplayManagerServiceReady
03-17 17:55:17.220  1544  1544 I ActivityManager: System now ready
03-17 17:55:17.222  1544  1544 I SystemServer: Making services ready
03-17 17:55:17.222  1544  1544 I SystemServer: StartActivityManagerReadyPhase
03-17 17:55:17.222  1544  1544 I SystemServiceManager: Starting phase 550
03-17 17:55:17.266  1544  1544 I ActivityManager: Start proc 1670:com.android.inputmethod.latin/u0a56 for service com.android.inputmethod.latin/.LatinIME
03-17 17:55:17.267  1544  1602 D StorageManagerService: Thinking about init, mSystemReady=true, mDaemonConnected=true
03-17 17:55:17.267  1544  1602 D StorageManagerService: Setting up emulation state, initlocked=false
03-17 17:55:17.267  1544  1602 D CryptdConnector: SND -> {1 cryptfs unlock_user_key 0 0 ! !}
03-17 17:55:17.267  1311  1316 D vold    : e4crypt_unlock_user_key 0 serial=0 token_present=0
03-17 17:55:17.267  1311  1316 E vold    : Failed to chmod /data/system_ce/0: No such file or directory
03-17 17:55:17.268  1311  1316 E vold    : Failed to chmod /data/misc_ce/0: No such file or directory
03-17 17:55:17.268  1311  1316 E vold    : Failed to chmod /data/media/0: No such file or directory
03-17 17:55:17.268  1544  1604 D CryptdConnector: RCV <- {200 1 Command succeeded}
03-17 17:55:17.268  1544  1602 D StorageManagerService: Thinking about reset, mSystemReady=true, mDaemonConnected=true
03-17 17:55:17.268  1544  1602 D VoldConnector: SND -> {31 volume reset}
03-17 17:55:17.268  1544  1603 D VoldConnector: RCV <- {651 emulated 7}
03-17 17:55:17.268  1311  1315 D vold    : Recognized experimental block major ID 253 as virtio-blk (emulator's virtual SD card device)
03-17 17:55:17.268  1311  1315 V vold    : /system/bin/sgdisk
03-17 17:55:17.268  1311  1315 V vold    :     --android-dump
03-17 17:55:17.268  1311  1315 V vold    :     /dev/block/vold/disk:253,64
03-17 17:55:17.268  1544  1603 D VoldConnector: RCV <- {659 emulated}
03-17 17:55:17.268  1544  1558 I ActivityManager: Force stopping com.android.providers.media appid=10007 user=-1: vold reset
03-17 17:55:17.268  1544  1603 D VoldConnector: RCV <- {650 emulated 2 "" ""}
03-17 17:55:17.268  1544  1603 D VoldConnector: RCV <- {651 emulated 0}
03-17 17:55:17.268  1544  1603 D VoldConnector: RCV <- {651 public:253,64 7}
03-17 17:55:17.268  1544  1603 D VoldConnector: RCV <- {659 public:253,64}
03-17 17:55:17.269  1544  1544 D UsbAlsaManager: Adding ALSA device AlsaDevice: [card: 0, device: 0, type: 1]
03-17 17:55:17.269  1544  1544 D UsbAlsaManager: Adding ALSA device AlsaDevice: [card: 0, device: 0, type: 2]
03-17 17:55:17.269  1544  1544 I SystemServer: StartObservingNativeCrashes
03-17 17:55:17.270  1544  1603 D VoldConnector: RCV <- {649 disk:253,64}
03-17 17:55:17.271  1544  1603 D VoldConnector: RCV <- {640 disk:253,64 5}
03-17 17:55:17.271  1544  1603 D VoldConnector: RCV <- {641 disk:253,64 104857600}
03-17 17:55:17.271  1544  1563 V StorageManagerService: Found primary storage at VolumeInfo{emulated}:
03-17 17:55:17.271  1544  1563 V StorageManagerService:     type=EMULATED diskId=null partGuid=null mountFlags=0 mountUserId=-1 
03-17 17:55:17.271  1544  1563 V StorageManagerService:     state=UNMOUNTED 
03-17 17:55:17.271  1544  1563 V StorageManagerService:     fsType=null fsUuid=null fsLabel=null 
03-17 17:55:17.271  1544  1563 V StorageManagerService:     path=null internalPath=null 
03-17 17:55:17.272  1544  1603 D VoldConnector: RCV <- {642 disk:253,64 Virtual}
03-17 17:55:17.273  1544  1603 D VoldConnector: RCV <- {644 disk:253,64 /sys//devices/pci0000:00/0000:00:07.0/virtio4/block/vde}
03-17 17:55:17.273  1544  1544 I SystemServer: StartSystemUI
03-17 17:55:17.273  1544  1591 I SystemServer: WebViewFactoryPreparation
03-17 17:55:17.281  1311  1315 V vold    : DISK mbr
03-17 17:55:17.281  1311  1315 V vold    : 
03-17 17:55:17.282  1311  1315 W vold    : disk:253,64 has unknown partition table; trying entire device
03-17 17:55:17.282  1311  1315 V vold    : /system/bin/blkid
03-17 17:55:17.282  1311  1315 V vold    :     -c
03-17 17:55:17.282  1311  1315 V vold    :     /dev/null
03-17 17:55:17.282  1311  1315 V vold    :     -s
03-17 17:55:17.282  1311  1315 V vold    :     TYPE
03-17 17:55:17.282  1311  1315 V vold    :     -s
03-17 17:55:17.282  1311  1315 V vold    :     UUID
03-17 17:55:17.282  1311  1315 V vold    :     -s
03-17 17:55:17.282  1311  1315 V vold    :     LABEL
03-17 17:55:17.282  1311  1315 V vold    :     /dev/block/vold/disk:253,64
03-17 17:55:17.285  1544  1544 I ActivityManager: Start proc 1686:com.android.systemui/u0a27 for service com.android.systemui/.SystemUIService
03-17 17:55:17.285  1544  1544 I SystemServer: MakeNetworkScoreReady
03-17 17:55:17.287  1544  1557 D AccessibilityManagerService: Ignoring non-encryption-aware service ComponentInfo{com.example.android.apis/com.example.android.apis.accessibility.ClockBackService}
03-17 17:55:17.287  1544  1557 D AccessibilityManagerService: Ignoring non-encryption-aware service ComponentInfo{com.example.android.apis/com.example.android.apis.accessibility.MagnificationService}
03-17 17:55:17.287  1544  1557 D AccessibilityManagerService: Ignoring non-encryption-aware service ComponentInfo{com.example.android.apis/com.example.android.apis.accessibility.TaskBackService}
03-17 17:55:17.290  1544  1544 I SystemServer: MakeNetworkManagementServiceReady
03-17 17:55:17.291  1544  1544 D NetworkManagement: enabling bandwidth control
03-17 17:55:17.293  1544  1591 I ActivityManager: Start proc 1705:WebViewLoader-x86/1037 [android.webkit.WebViewFactory$RelroFileCreator] for 
03-17 17:55:17.296  1311  1315 V vold    : /dev/block/vold/disk:253,64: LABEL="SDCARD" UUID="10EA-1F17" TYPE="vfat" 
03-17 17:55:17.296  1311  1315 V vold    : 
03-17 17:55:17.296  1544  1603 D VoldConnector: RCV <- {650 public:253,64 0 "disk:253,64" ""}
03-17 17:55:17.297  1544  1603 D VoldConnector: RCV <- {651 public:253,64 0}
03-17 17:55:17.297  1544  1603 D VoldConnector: RCV <- {643 disk:253,64}
03-17 17:55:17.297  1544  1603 D VoldConnector: RCV <- {200 31 Command succeeded}
03-17 17:55:17.297  1544  1602 D VoldConnector: SND -> {32 volume user_added 0 0}
03-17 17:55:17.298  1544  1603 D VoldConnector: RCV <- {200 32 Command succeeded}
03-17 17:55:17.299  1544  1602 D VoldConnector: SND -> {33 volume mount emulated 3 -1}
03-17 17:55:17.299  1544  1603 D VoldConnector: RCV <- {651 emulated 1}
03-17 17:55:17.299  1544  1603 D VoldConnector: RCV <- {656 emulated /data/media}
03-17 17:55:17.299  1544  1603 D VoldConnector: RCV <- {655 emulated /storage/emulated}
03-17 17:55:17.299  1311  1315 V vold    : Waiting for FUSE to spin up...
03-17 17:55:17.302  1544  1544 I SystemServer: MakeIpSecServiceReady
03-17 17:55:17.306  1544  1644 D NetworkPolicy: setRestrictBackgroundUL(): false
03-17 17:55:17.310  1544  1544 D IpSecService: IpSecService is ready
03-17 17:55:17.310  1544  1544 I SystemServer: MakeNetworkStatsServiceReady
03-17 17:55:17.350  1544  1603 D VoldConnector: RCV <- {651 emulated 2}
03-17 17:55:17.350  1544  1603 D VoldConnector: RCV <- {200 33 Command succeeded}
03-17 17:55:17.351  1544  1602 D VoldConnector: SND -> {34 volume mount public:253,64 2 0}
03-17 17:55:17.351  1311  1315 V vold    : /system/bin/blkid
03-17 17:55:17.351  1544  1603 D VoldConnector: RCV <- {651 public:253,64 1}
03-17 17:55:17.351  1311  1315 V vold    :     -c
03-17 17:55:17.351  1311  1315 V vold    :     /dev/null
03-17 17:55:17.351  1311  1315 V vold    :     -s
03-17 17:55:17.351  1311  1315 V vold    :     TYPE
03-17 17:55:17.351  1311  1315 V vold    :     -s
03-17 17:55:17.351  1311  1315 V vold    :     UUID
03-17 17:55:17.351  1311  1315 V vold    :     -s
03-17 17:55:17.351  1311  1315 V vold    :     LABEL
03-17 17:55:17.351  1311  1315 V vold    :     /dev/block/vold/public:253,64
03-17 17:55:17.362  1311  1315 V vold    : /dev/block/vold/public:253,64: LABEL="SDCARD" UUID="10EA-1F17" TYPE="vfat" 
03-17 17:55:17.362  1311  1315 V vold    : 
03-17 17:55:17.363  1544  1603 D VoldConnector: RCV <- {652 public:253,64 vfat}
03-17 17:55:17.363  1311  1315 V vold    : /system/bin/fsck_msdos
03-17 17:55:17.363  1311  1315 V vold    :     -p
03-17 17:55:17.363  1311  1315 V vold    :     -f
03-17 17:55:17.363  1311  1315 V vold    :     /dev/block/vold/public:253,64
03-17 17:55:17.363  1544  1603 D VoldConnector: RCV <- {653 public:253,64 10EA-1F17}
03-17 17:55:17.363  1544  1603 D VoldConnector: RCV <- {654 public:253,64 SDCARD}
03-17 17:55:17.374  1670  1758 E ActivityThread: Failed to find provider info for user_dictionary
03-17 17:55:17.377  1544  1544 I SystemServer: MakeConnectivityServiceReady
03-17 17:55:17.386  1544  1544 I SystemServer: MakeNetworkPolicyServiceReady
03-17 17:55:17.414  1311  1315 I Vold    : Filesystem check completed OK
03-17 17:55:17.415  1544  1603 D VoldConnector: RCV <- {656 public:253,64 /mnt/media_rw/10EA-1F17}
03-17 17:55:17.415  1544  1603 D VoldConnector: RCV <- {655 public:253,64 /storage/10EA-1F17}
03-17 17:55:17.417  1311  1315 V vold    : Waiting for FUSE to spin up...
03-17 17:55:17.450  1544  1544 I SystemServer: StartWatchdog
03-17 17:55:17.450  1544  1544 I SystemServer: PhaseThirdPartyAppsCanStart
03-17 17:55:17.450  1544  1544 I SystemServiceManager: Starting phase 600
03-17 17:55:17.450  1544  1544 V NotificationListeners: enabling notification listener for 0: ComponentInfo{com.google.android.apps.nexuslauncher/com.android.launcher3.notification.NotificationListener}
03-17 17:55:17.451  1544  1544 W ActivityManager: Unable to start service Intent { act=android.service.notification.NotificationListenerService cmp=com.google.android.apps.nexuslauncher/com.android.launcher3.notification.NotificationListener } U=0: not found
03-17 17:55:17.451  1544  1544 W NotificationListeners: Unable to bind notification listener service: Intent { act=android.service.notification.NotificationListenerService cmp=com.google.android.apps.nexuslauncher/com.android.launcher3.notification.NotificationListener (has extras) }
03-17 17:55:17.452  1544  1544 V WallpaperManagerService: bindWallpaperComponentLocked: componentName=null
03-17 17:55:17.452  1544  1544 V WallpaperManagerService: No default component; using image wallpaper
03-17 17:55:17.456  1544  1544 I SystemServer: MakeLocationServiceReady
03-17 17:55:17.467  1544  1544 W LocationProviderProxy-network: Odd, no component found for service com.android.location.service.v3.NetworkLocationProvider
03-17 17:55:17.468  1544  1603 D VoldConnector: RCV <- {651 public:253,64 2}
03-17 17:55:17.468  1544  1603 D VoldConnector: RCV <- {200 34 Command succeeded}
03-17 17:55:17.471  1544  1544 W GeocoderProxy: Odd, no component found for service com.android.location.service.GeocodeProvider
03-17 17:55:17.471  1544  1544 D LocationManagerService: FLP HAL not supported
03-17 17:55:17.472  1544  1544 W GeofenceProxy: Odd, no component found for service com.android.location.service.GeofenceProvider
03-17 17:55:17.472  1544  1544 D LocationManagerService: Hardware Activity-Recognition not supported.
03-17 17:55:17.472  1544  1544 W ActivityRecognitionProxy: Odd, no component found for service com.android.location.service.ActivityRecognitionProvider
03-17 17:55:17.473  1544  1544 I SystemServer: MakeCountryDetectionServiceReady
03-17 17:55:17.473  1544  1544 I SystemServer: MakeNetworkTimeUpdateReady
03-17 17:55:17.474  1544  1544 I SystemServer: MakeCommonTimeManagementServiceReady
03-17 17:55:17.478  1544  1544 I SystemServer: MakeInputManagerServiceReady
03-17 17:55:17.478  1544  1544 I SystemServer: MakeTelephonyRegistryReady
03-17 17:55:17.478  1544  1544 I SystemServer: MakeMediaRouterServiceReady
03-17 17:55:17.478  1544  1544 I SystemServer: MakeMmsServiceReady
03-17 17:55:17.478  1544  1544 I MmsServiceBroker: Delay connecting to MmsService until an API is called
03-17 17:55:17.478  1544  1544 I SystemServer: MakeNetworkScoreServiceReady
03-17 17:55:17.478  1544  1544 I SystemServer: IncidentDaemonReady
03-17 17:55:17.491  1544  1544 I ActivityManager: Start proc 1818:com.android.phone/1001 for added application com.android.phone
03-17 17:55:17.492  1544  1544 I ActivityManager: START u0 {act=android.intent.action.MAIN cat=[android.intent.category.HOME] flg=0x10000100 cmp=com.android.settings/.CryptKeeper} from uid 0
03-17 17:55:17.502  1544  1544 I ActivityManager: Loaded persisted task ids for user 0
03-17 17:55:17.517  1544  1544 I ActivityManager: Start proc 1849:com.android.settings:CryptKeeper/1000 for activity com.android.settings/.CryptKeeper
03-17 17:55:17.520  1544  1544 D SystemServerInitThreadPool: Shutdown successful
03-17 17:55:17.530  1544  1557 W LocationProviderProxy-network: Odd, no component found for service com.android.location.service.v3.NetworkLocationProvider
03-17 17:55:17.530  1544  1557 W GeocoderProxy: Odd, no component found for service com.android.location.service.GeocodeProvider
03-17 17:55:17.530  1544  1557 W GeofenceProxy: Odd, no component found for service com.android.location.service.GeofenceProvider
03-17 17:55:17.531  1544  1544 D ConditionProviders.SCP: onConnected
03-17 17:55:17.531  1544  1557 W ActivityRecognitionProxy: Odd, no component found for service com.android.location.service.ActivityRecognitionProvider
03-17 17:55:17.541  1544  1544 D ConditionProviders: Subscribing to condition://android/schedule?days=6.7&start=23.30&end=10.0&exitAtAlarm=false with ComponentInfo{android/com.android.server.notification.ScheduleConditionProvider}
03-17 17:55:17.541  1544  1544 D ConditionProviders: Subscribing to condition://android/event?userId=-10000&calendar=&reply=1 with ComponentInfo{android/com.android.server.notification.EventConditionProvider}
03-17 17:55:17.541  1544  1544 D ConditionProviders: Subscribing to condition://android/schedule?days=1.2.3.4.5&start=22.0&end=7.0&exitAtAlarm=false with ComponentInfo{android/com.android.server.notification.ScheduleConditionProvider}
03-17 17:55:17.561  1544  1685 I ActivityManager: START u0 {act=android.intent.action.MAIN cat=[android.intent.category.HOME] flg=0x10000100 cmp=com.google.android.setupwizard/.SetupWizardActivity} from uid 0
03-17 17:55:17.575  1544  1685 I ActivityManager: Start proc 1904:com.google.android.setupwizard/u0a23 for activity com.google.android.setupwizard/.SetupWizardActivity
03-17 17:55:17.619  1904  1904 E ActivityThread: Failed to find provider info for com.google.settings
03-17 17:55:17.647  1544  1555 I ActivityManager: START u0 {act=android.intent.action.MAIN cat=[android.intent.category.HOME] flg=0x10000100 cmp=com.android.settings/.FallbackHome} from uid 0
03-17 17:55:17.660  1544  1555 I ActivityManager: Start proc 1978:com.android.settings/1000 for activity com.android.settings/.FallbackHome
03-17 17:55:17.665  1544  1544 W ContextImpl: Calling a method in the system process without a qualified user: android.app.ContextImpl.startService:1449 com.android.server.content.SyncManager$13.run:659 android.os.Handler.handleCallback:769 android.os.Handler.dispatchMessage:98 android.os.Looper.loop:164 
03-17 17:55:17.709  1544  2031 I Telecom : BluetoothRouteManager: getBluetoothAudioConnectedDevice: no headset service available.
03-17 17:55:17.717  1544  1544 I Telecom : SystemStateProvider: Registering car mode receiver: android.content.IntentFilter@e0a1129: TS.init@AAA
03-17 17:55:17.736  1544  2039 I Telecom : Logging.Events: Non-call EVENT: AUDIO_ROUTE, Entering state QuiescentEarpieceRoute
03-17 17:55:17.737  1544  1554 I StatusBarManagerService: registerStatusBar bar=com.android.internal.statusbar.IStatusBar$Stub$Proxy@c9e816a
03-17 17:55:17.745  1544  2043 I Telecom : CallAudioModeStateMachine: Message received: null.: TS.init->CAMSM.pM_1@AAA
03-17 17:55:17.747  1544  1544 I Telecom : MissedCallNotifierImpl: Boot not yet complete -- call log db may not be available. Deferring loading until boot complete.: TS.init@AAA
03-17 17:55:17.755  1544  1544 I Telecom : Class: TelecomSystem.INSTANCE being set
03-17 17:55:17.764  1544  1685 I ActivityManager: user 0 is still locked. Cannot load recents
03-17 17:55:17.793  1544  1544 V WiredAccessoryManager: notifyWiredAccessoryChanged: when=0 bits= mask=54
03-17 17:55:17.793  1544  1544 V WiredAccessoryManager: newName=h2w newState=0 headsetState=0 prev headsetState=0
03-17 17:55:17.793  1544  1544 V WiredAccessoryManager: init()
03-17 17:55:17.805  1544  1589 W LocalDisplayAdapter: Unable to find color mode 0, ignoring request.
03-17 17:55:17.810  1544  1558 W KeyguardServiceDelegate: onScreenTurningOn(): no keyguard service!
03-17 17:55:17.816  1544  1544 D ConditionProviders.SCP: onSubscribe condition://android/schedule?days=6.7&start=23.30&end=10.0&exitAtAlarm=false
03-17 17:55:17.817  1544  1544 D ConditionProviders.SCP: setRegistered true
03-17 17:55:17.817  1544  1544 D ConditionProviders.SCP: notifyCondition condition://android/schedule?days=6.7&start=23.30&end=10.0&exitAtAlarm=false STATE_FALSE reason=!meetsSchedule
03-17 17:55:17.819  1544  1544 D ConditionProviders.SCP: Scheduling evaluate for Sat Mar 17 23:30:00 GMT+00:00 2018 (1521329400000), in +11h4m42s183ms, now=Sat Mar 17 12:25:17 GMT+00:00 2018 (1521289517817)
03-17 17:55:17.819  1544  1544 D ConditionProviders.SCP: onSubscribe condition://android/schedule?days=1.2.3.4.5&start=22.0&end=7.0&exitAtAlarm=false
03-17 17:55:17.819  1544  1544 D ConditionProviders.SCP: notifyCondition condition://android/schedule?days=6.7&start=23.30&end=10.0&exitAtAlarm=false STATE_FALSE reason=!meetsSchedule
03-17 17:55:17.819  1544  1544 D ConditionProviders.SCP: notifyCondition condition://android/schedule?days=1.2.3.4.5&start=22.0&end=7.0&exitAtAlarm=false STATE_FALSE reason=!meetsSchedule
03-17 17:55:17.821  1544  1544 D ConditionProviders.SCP: Scheduling evaluate for Sat Mar 17 22:00:00 GMT+00:00 2018 (1521324000000), in +9h34m42s181ms, now=Sat Mar 17 12:25:17 GMT+00:00 2018 (1521289517819)
03-17 17:55:17.823  1544  1657 E ActivityThread: Failed to find provider info for com.android.calendar
03-17 17:55:17.824  1544  1657 E ActivityThread: Failed to find provider info for com.android.calendar
03-17 17:55:17.824  1904  2076 E ActivityThread: Failed to find provider info for com.google.android.gsf.gservices
03-17 17:55:17.832  1544  1544 I Telecom : WiredHeadsetManager: ACTION_HEADSET_PLUG event, plugged in: false, : WHC.oADA@AAE
03-17 17:55:17.877  1544  1544 I Telecom : PhoneAccountRegistrar: SimCallManager queried, returning: null: TSI.gSCM@AAM
03-17 17:55:17.884  1544  1544 D AccessibilityManagerService: Ignoring non-encryption-aware service ComponentInfo{com.example.android.apis/com.example.android.apis.accessibility.ClockBackService}
03-17 17:55:17.884  1544  1544 D AccessibilityManagerService: Ignoring non-encryption-aware service ComponentInfo{com.example.android.apis/com.example.android.apis.accessibility.MagnificationService}
03-17 17:55:17.884  1544  1544 D AccessibilityManagerService: Ignoring non-encryption-aware service ComponentInfo{com.example.android.apis/com.example.android.apis.accessibility.TaskBackService}
03-17 17:55:17.885  1544  1557 I RetailDemoModeService: Deleting contents of /data/preloads
03-17 17:55:17.888  1544  1544 D AutofillManagerService: Restriction not changed for user 0: [Bundle with 1 extras: no_record_audio=false]
03-17 17:55:17.889  1544  1557 I SyncManager: Got SyncJobService instance.
03-17 17:55:17.898  1544  1544 I DevicePolicyManager: Set ro.device_owner property to false
03-17 17:55:18.003  1544  1651 D ConnectivityService: Got NetworkFactory Messenger for PhoneSwitcherNetworkRequstListener
03-17 17:55:18.012  1544  1651 D ConnectivityService: Got NetworkFactory Messenger for TelephonyNetworkFactory[0]
03-17 17:55:18.014  1544  1869 W WallpaperManagerService: no current wallpaper -- first boot?
03-17 17:55:18.020  1818  2190 E ActivityThread: Failed to find provider info for com.android.contacts
03-17 17:55:18.030  1818  1818 I TelecomFramework: TtyManager: updateUiTtyMode -1 -> 0
03-17 17:55:18.047  1544  1544 D ConditionProviders.SCP: onReceive android.intent.action.TIMEZONE_CHANGED
03-17 17:55:18.047  1544  1558 W BroadcastQueue: Background execution not allowed: receiving Intent { act=android.intent.action.TIMEZONE_CHANGED flg=0x20200010 (has extras) } to com.android.deskclock/.AlarmInitReceiver
03-17 17:55:18.047  1544  1544 D ConditionProviders.SCP: notifyCondition condition://android/schedule?days=6.7&start=23.30&end=10.0&exitAtAlarm=false STATE_FALSE reason=!meetsSchedule
03-17 17:55:18.047  1544  1544 D ConditionProviders.SCP: notifyCondition condition://android/schedule?days=1.2.3.4.5&start=22.0&end=7.0&exitAtAlarm=false STATE_FALSE reason=!meetsSchedule
03-17 17:55:18.047  1544  1544 D ConditionProviders.SCP: Scheduling evaluate for Sat Mar 17 22:00:00 GMT+05:30 2018 (1521304200000), in +4h4m41s953ms, now=Sat Mar 17 17:55:18 GMT+05:30 2018 (1521289518047)
03-17 17:55:09.161  1544  1657 E ActivityThread: Failed to find provider info for com.android.calendar
03-17 17:55:09.161  1544  1657 E ActivityThread: Failed to find provider info for com.android.calendar
03-17 17:55:09.162  1544  1544 D ConditionProviders.SCP: onReceive android.intent.action.TIME_SET
03-17 17:55:09.172  1544  1558 I ActivityManager: Start proc 2200:com.android.deskclock/u0a42 for broadcast com.android.deskclock/.AlarmInitReceiver
03-17 17:55:09.173  1544  1544 D ConditionProviders.SCP: notifyCondition condition://android/schedule?days=6.7&start=23.30&end=10.0&exitAtAlarm=false STATE_FALSE reason=!meetsSchedule
03-17 17:55:09.173  1544  1544 D ConditionProviders.SCP: notifyCondition condition://android/schedule?days=1.2.3.4.5&start=22.0&end=7.0&exitAtAlarm=false STATE_FALSE reason=!meetsSchedule
03-17 17:55:09.174  1544  1544 D ConditionProviders.SCP: Scheduling evaluate for Sat Mar 17 22:00:00 GMT+05:30 2018 (1521304200000), in +4h4m50s838ms, now=Sat Mar 17 17:55:09 GMT+05:30 2018 (1521289509162)
03-17 17:55:09.174  1544  1657 E ActivityThread: Failed to find provider info for com.android.calendar
03-17 17:55:09.174  1544  1657 E ActivityThread: Failed to find provider info for com.android.calendar
03-17 17:55:09.219  1686  2218 E ActivityThread: Failed to find provider info for com.android.contacts
03-17 17:55:09.281  1544  1685 W LocalDisplayAdapter: Unable to find color mode 0, ignoring request.
03-17 17:55:09.282  1818  1818 D MccTable: updateMccMncConfiguration mccmnc='310260' fromServiceState=true
03-17 17:55:09.284  1818  1818 D MccTable: updateMccMncConfiguration defaultMccMnc=
03-17 17:55:09.284  1818  1818 D MccTable: updateMccMncConfiguration: mcc=310, mnc=260
03-17 17:55:09.285  1818  1818 D MccTable: WIFI_COUNTRY_CODE set to us
03-17 17:55:09.286  1544  1874 I WifiService: WifiService trying to set country code to us with persist set to false
03-17 17:55:09.290  1544  1589 W LocalDisplayAdapter: Unable to find color mode 0, ignoring request.
03-17 17:55:09.312  1544  1555 I Telecom : PhoneAccountRegistrar: New phone account registered: [[ ] PhoneAccount: ComponentInfo{com.android.phone/com.android.services.telephony.TelephonyConnectionService}, [****], UserHandle{0} Capabilities: CallProvider MultiUser PlaceEmerg SimSub  Audio Routes: BESW Schemes: tel voicemail  Extras: null GroupId: [****]]: TSI.rPA@AAY
03-17 17:55:09.313  1544  1555 I Telecom : CallsManager: Sending phone-account ComponentInfo{com.android.phone/com.android.services.telephony.TelephonyConnectionService}, [****], UserHandle{0} registered intent as user: TSI.rPA@AAY
03-17 17:55:09.313  1544  1555 I Telecom : CallsManager: Sending phone-account registered intent to default dialer: TSI.rPA@AAY
03-17 17:55:09.313  1818  1818 I TelecomFramework: AccountEntry: Registered phoneAccount: [[ ] PhoneAccount: ComponentInfo{com.android.phone/com.android.services.telephony.TelephonyConnectionService}, [****], UserHandle{0} Capabilities: CallProvider MultiUser PlaceEmerg SimSub  Audio Routes: BESW Schemes: tel voicemail  Extras: null GroupId: [****]] with handle: ComponentInfo{com.android.phone/com.android.services.telephony.TelephonyConnectionService}, [****], UserHandle{0}
03-17 17:55:09.313  1818  1818 I TelecomFramework: PstnIncomingCallNotifier: Registering: Handler (com.android.internal.telephony.GsmCdmaPhone) {59fe3b4}
03-17 17:55:09.315  1686  2029 E ActivityThread: Failed to find provider info for com.android.contacts
03-17 17:55:09.332  1544  1554 W LocalDisplayAdapter: Unable to find color mode 0, ignoring request.
03-17 17:55:09.340  1544  1646 D WifiService: New client listening to asynchronous messages
03-17 17:55:09.349  1544  1544 D AccessibilityManagerService: Ignoring non-encryption-aware service ComponentInfo{com.example.android.apis/com.example.android.apis.accessibility.ClockBackService}
03-17 17:55:09.349  1544  1544 D AccessibilityManagerService: Ignoring non-encryption-aware service ComponentInfo{com.example.android.apis/com.example.android.apis.accessibility.MagnificationService}
03-17 17:55:09.349  1544  1544 D AccessibilityManagerService: Ignoring non-encryption-aware service ComponentInfo{com.example.android.apis/com.example.android.apis.accessibility.TaskBackService}
03-17 17:55:09.352  1544  1589 W LocalDisplayAdapter: Unable to find color mode 0, ignoring request.
03-17 17:55:09.360  1544  1685 I Telecom : PhoneAccountRegistrar: Modify account: [ComponentInfo{com.android.phone/com.android.services.telephony.TelephonyConnectionService}, [****], UserHandle{0}]: TSI.rPA@AAk
03-17 17:55:09.378  1818  1818 D MccTable: updateMccMncConfiguration mccmnc='310260' fromServiceState=false
03-17 17:55:09.378  1818  1818 D MccTable: updateMccMncConfiguration defaultMccMnc=
03-17 17:55:09.378  1818  1818 D MccTable: updateMccMncConfiguration: mcc=310, mnc=260
03-17 17:55:09.378  1818  1818 D MccTable: updateMccMncConfiguration updateConfig config={0.0 310mcc260mnc ?localeList ?layoutDir ?swdp ?wdp ?hdp ?density ?lsize ?long ?ldr ?wideColorGamut ?orien ?uimode ?night ?touch ?keyb/?/? ?nav/?}
03-17 17:55:09.379  1544  1874 I ActivityManager: Config changes=3 {1.0 310mcc260mnc [en_US] ldltr sw411dp w411dp h659dp 420dpi nrml port finger qwerty/v/v -nav/h appBounds=Rect(0, 0 - 1080, 1794) s.6}
03-17 17:55:09.380  1544  1874 I ActivityManager: Override config changes=3 {1.0 310mcc260mnc [en_US] ldltr sw411dp w411dp h659dp 420dpi nrml port finger qwerty/v/v -nav/h appBounds=Rect(0, 0 - 1080, 1794) s.6} for displayId=0
03-17 17:55:09.387  1544  1557 I UsageStatsService: Time changed in UsageStats by -8 seconds
03-17 17:55:09.388  1544  1557 I UsageStatsService: User[0] Flushing usage stats to disk
03-17 17:55:09.399  1544  1589 W LocalDisplayAdapter: Unable to find color mode 0, ignoring request.
03-17 17:55:09.400  1544  1589 W LocalDisplayAdapter: Unable to find color mode 0, ignoring request.
03-17 17:55:09.406  1544  1557 I UsageStatsDatabase: Time changed by -8s887ms. files deleted: 0 files moved: 4
03-17 17:55:09.406  1818  1818 I TelecomFramework: PstnIncomingCallNotifier: Unregistering: Handler (com.android.internal.telephony.GsmCdmaPhone) {59fe3b4}
03-17 17:55:09.408  1544  1557 I UsageStatsService: User[0] Rollover scheduled @ 2018-03-18 12:25:07(1521375907150)
03-17 17:55:09.411  1544  1869 I Telecom : PhoneAccountRegistrar: Modify account: [ComponentInfo{com.android.phone/com.android.services.telephony.TelephonyConnectionService}, [****], UserHandle{0}(addr: tel:*********** -> tel:)(subAddr: tel:*********** -> tel:)]: TSI.rPA@AAo
03-17 17:55:09.414  1818  1818 I TelecomFramework: AccountEntry: Registered phoneAccount: [[ ] PhoneAccount: ComponentInfo{com.android.phone/com.android.services.telephony.TelephonyConnectionService}, [****], UserHandle{0} Capabilities: CallProvider MultiUser PlaceEmerg SimSub  Audio Routes: BESW Schemes: tel voicemail  Extras: null GroupId: [****]] with handle: ComponentInfo{com.android.phone/com.android.services.telephony.TelephonyConnectionService}, [****], UserHandle{0}
03-17 17:55:09.415  1818  1818 I TelecomFramework: PstnIncomingCallNotifier: Registering: Handler (com.android.internal.telephony.GsmCdmaPhone) {59fe3b4}
03-17 17:55:09.427  1818  1818 D MccTable: updateMccMncConfiguration mccmnc='310260' fromServiceState=false
03-17 17:55:09.428  1818  1818 D MccTable: updateMccMncConfiguration defaultMccMnc=310260
03-17 17:55:09.428  1818  1818 D MccTable: updateMccMncConfiguration: mcc=310, mnc=260
03-17 17:55:09.428  1818  1818 D MccTable: updateMccMncConfiguration updateConfig config={0.0 310mcc260mnc ?localeList ?layoutDir ?swdp ?wdp ?hdp ?density ?lsize ?long ?ldr ?wideColorGamut ?orien ?uimode ?night ?touch ?keyb/?/? ?nav/?}
03-17 17:55:09.438  1544  1558 I ActivityManager: Start proc 2230:com.android.cellbroadcastreceiver/u0a3 for broadcast com.android.cellbroadcastreceiver/.CellBroadcastReceiver
03-17 17:55:09.466  1818  1818 D MccTable: updateMccMncConfiguration mccmnc='310260' fromServiceState=false
03-17 17:55:09.466  1818  1818 D MccTable: updateMccMncConfiguration defaultMccMnc=310260
03-17 17:55:09.466  1818  1818 D MccTable: updateMccMncConfiguration: mcc=310, mnc=260
03-17 17:55:09.466  1818  1818 D MccTable: updateMccMncConfiguration updateConfig config={0.0 310mcc260mnc ?localeList ?layoutDir ?swdp ?wdp ?hdp ?density ?lsize ?long ?ldr ?wideColorGamut ?orien ?uimode ?night ?touch ?keyb/?/? ?nav/?}
03-17 17:55:09.500  1544  1874 I Telecom : PhoneAccountRegistrar: Modify account: [ComponentInfo{com.android.phone/com.android.services.telephony.TelephonyConnectionService}, [****], UserHandle{0}]: TSI.rPA@AA0
03-17 17:55:09.522  1818  1818 I TelecomFramework: PstnIncomingCallNotifier: Unregistering: Handler (com.android.internal.telephony.GsmCdmaPhone) {59fe3b4}
03-17 17:55:09.534  1544  1554 I Telecom : PhoneAccountRegistrar: New phone account registered: [[ ] PhoneAccount: ComponentInfo{com.android.phone/com.android.services.telephony.TelephonyConnectionService}, [****], UserHandle{0} Capabilities: CallProvider MultiUser PlaceEmerg SimSub  Audio Routes: BESW Schemes: tel voicemail  Extras: null GroupId: [****]]: TSI.rPA@AA4
03-17 17:55:09.535  1544  1554 I Telecom : CallsManager: Sending phone-account ComponentInfo{com.android.phone/com.android.services.telephony.TelephonyConnectionService}, [****], UserHandle{0} registered intent as user: TSI.rPA@AA4
03-17 17:55:09.535  1544  1554 I Telecom : CallsManager: Sending phone-account registered intent to default dialer: TSI.rPA@AA4
03-17 17:55:09.536  1818  1818 I TelecomFramework: AccountEntry: Registered phoneAccount: [[ ] PhoneAccount: ComponentInfo{com.android.phone/com.android.services.telephony.TelephonyConnectionService}, [****], UserHandle{0} Capabilities: CallProvider MultiUser PlaceEmerg SimSub  Audio Routes: BESW Schemes: tel voicemail  Extras: null GroupId: [****]] with handle: ComponentInfo{com.android.phone/com.android.services.telephony.TelephonyConnectionService}, [****], UserHandle{0}
03-17 17:55:09.536  1818  1818 I TelecomFramework: PstnIncomingCallNotifier: Registering: Handler (com.android.internal.telephony.GsmCdmaPhone) {59fe3b4}
03-17 17:55:09.538  1818  1818 I TelecomFramework: TelecomAccountRegistry: Unregistering phone account ComponentInfo{com.android.phone/com.android.services.telephony.TelephonyConnectionService}, [****], UserHandle{0}.
03-17 17:55:09.539  1544  1869 I Telecom : CallsManager: Sending phone-account ComponentInfo{com.android.phone/com.android.services.telephony.TelephonyConnectionService}, [****], UserHandle{0} unregistered intent as user: TSI.uPA@ABA
03-17 17:55:09.540  1544  1869 I Telecom : CallsManager: Sending phone-account unregistered intent to default dialer: TSI.uPA@ABA
03-17 17:55:09.615  1818  1818 I TelecomFramework: PstnIncomingCallNotifier: Unregistering: Handler (com.android.internal.telephony.GsmCdmaPhone) {59fe3b4}
03-17 17:55:09.630  1544  1554 I Telecom : PhoneAccountRegistrar: Modify account: [ComponentInfo{com.android.phone/com.android.services.telephony.TelephonyConnectionService}, [****], UserHandle{0}]: TSI.rPA@ABI
03-17 17:55:09.632  1818  1818 I TelecomFramework: AccountEntry: Registered phoneAccount: [[ ] PhoneAccount: ComponentInfo{com.android.phone/com.android.services.telephony.TelephonyConnectionService}, [****], UserHandle{0} Capabilities: CallProvider MultiUser PlaceEmerg SimSub  Audio Routes: BESW Schemes: tel voicemail  Extras: null GroupId: [****]] with handle: ComponentInfo{com.android.phone/com.android.services.telephony.TelephonyConnectionService}, [****], UserHandle{0}
03-17 17:55:09.632  1818  1818 I TelecomFramework: PstnIncomingCallNotifier: Registering: Handler (com.android.internal.telephony.GsmCdmaPhone) {59fe3b4}
03-17 17:55:09.642  1818  1818 I TelecomFramework: PstnIncomingCallNotifier: Unregistering: Handler (com.android.internal.telephony.GsmCdmaPhone) {59fe3b4}
03-17 17:55:09.650  1544  1554 I Telecom : PhoneAccountRegistrar: Modify account: [ComponentInfo{com.android.phone/com.android.services.telephony.TelephonyConnectionService}, [****], UserHandle{0}]: TSI.rPA@ABU
03-17 17:55:09.651  1818  1818 I TelecomFramework: AccountEntry: Registered phoneAccount: [[ ] PhoneAccount: ComponentInfo{com.android.phone/com.android.services.telephony.TelephonyConnectionService}, [****], UserHandle{0} Capabilities: CallProvider MultiUser PlaceEmerg SimSub  Audio Routes: BESW Schemes: tel voicemail  Extras: null GroupId: [****]] with handle: ComponentInfo{com.android.phone/com.android.services.telephony.TelephonyConnectionService}, [****], UserHandle{0}
03-17 17:55:09.651  1818  1818 I TelecomFramework: PstnIncomingCallNotifier: Registering: Handler (com.android.internal.telephony.GsmCdmaPhone) {59fe3b4}
03-17 17:55:09.654  1544  1869 W ActivityManager: Unable to start service Intent { act=android.service.carrier.CarrierService pkg=com.android.carrierconfig } U=0: not found
03-17 17:55:09.655  1544  1544 D AccessibilityManagerService: Ignoring non-encryption-aware service ComponentInfo{com.example.android.apis/com.example.android.apis.accessibility.ClockBackService}
03-17 17:55:09.655  1544  1544 D AccessibilityManagerService: Ignoring non-encryption-aware service ComponentInfo{com.example.android.apis/com.example.android.apis.accessibility.MagnificationService}
03-17 17:55:09.655  1544  1544 D AccessibilityManagerService: Ignoring non-encryption-aware service ComponentInfo{com.example.android.apis/com.example.android.apis.accessibility.TaskBackService}
03-17 17:55:09.657  1544  1644 I NetworkPolicy: No policy for subscriber 310260...; generating default policy
03-17 17:55:09.658  1544  1544 I Telecom : PhoneAccountRegistrar: SimCallManager queried, returning: null: TSI.gSCMFU@ABg
03-17 17:55:09.663  1544  1874 I ActivityManager: user 0 is still locked. Cannot load recents
03-17 17:55:09.677  1818  1818 I TelecomFramework: PstnIncomingCallNotifier: Unregistering: Handler (com.android.internal.telephony.GsmCdmaPhone) {59fe3b4}
03-17 17:55:09.684  1544  1555 I Telecom : PhoneAccountRegistrar: Modify account: [ComponentInfo{com.android.phone/com.android.services.telephony.TelephonyConnectionService}, [****], UserHandle{0}]: TSI.rPA@ABk
03-17 17:55:09.685  1818  1818 I TelecomFramework: AccountEntry: Registered phoneAccount: [[ ] PhoneAccount: ComponentInfo{com.android.phone/com.android.services.telephony.TelephonyConnectionService}, [****], UserHandle{0} Capabilities: CallProvider MultiUser PlaceEmerg SimSub  Audio Routes: BESW Schemes: tel voicemail  Extras: null GroupId: [****]] with handle: ComponentInfo{com.android.phone/com.android.services.telephony.TelephonyConnectionService}, [****], UserHandle{0}
03-17 17:55:09.685  1818  1818 I TelecomFramework: PstnIncomingCallNotifier: Registering: Handler (com.android.internal.telephony.GsmCdmaPhone) {59fe3b4}
03-17 17:55:09.691  1818  1818 I TelecomFramework: PstnIncomingCallNotifier: Unregistering: Handler (com.android.internal.telephony.GsmCdmaPhone) {59fe3b4}
03-17 17:55:09.698  1544  1554 I Telecom : PhoneAccountRegistrar: Modify account: [ComponentInfo{com.android.phone/com.android.services.telephony.TelephonyConnectionService}, [****], UserHandle{0}]: TSI.rPA@ABw
03-17 17:55:09.699  1818  1818 I TelecomFramework: AccountEntry: Registered phoneAccount: [[ ] PhoneAccount: ComponentInfo{com.android.phone/com.android.services.telephony.TelephonyConnectionService}, [****], UserHandle{0} Capabilities: CallProvider MultiUser PlaceEmerg SimSub  Audio Routes: BESW Schemes: tel voicemail  Extras: null GroupId: [****]] with handle: ComponentInfo{com.android.phone/com.android.services.telephony.TelephonyConnectionService}, [****], UserHandle{0}
03-17 17:55:09.699  1818  1818 I TelecomFramework: PstnIncomingCallNotifier: Registering: Handler (com.android.internal.telephony.GsmCdmaPhone) {59fe3b4}
03-17 17:55:09.718  1544  1558 I ActivityManager: Start proc 2258:com.google.android.dialer/u0a16 for broadcast com.google.android.dialer/com.android.dialer.app.voicemail.LegacyVoicemailNotificationReceiver
03-17 17:55:09.728  1544  1555 I Telecom : PhoneAccountRegistrar: Modify account: [ComponentInfo{com.android.phone/com.android.services.telephony.TelephonyConnectionService}, [****], UserHandle{0}]: TSI.rPA@ACE
03-17 17:55:09.748  1544  1874 D ConnectivityService: registerNetworkAgent NetworkAgentInfo{ ni{[type: MOBILE[LTE], state: CONNECTED/CONNECTED, reason: connected, extra: epc.tmobile.com, failover: false, available: true, roaming: false, metered: true]}  network{100}  nethandle{429513165534}  lp{{InterfaceName: eth0 LinkAddresses: [10.0.2.15/24,]  Routes: [0.0.0.0/0 -> 10.0.2.2 eth0,] DnsAddresses: [10.0.2.3,10.0.2.4,] Domains: null MTU: 1500 TcpBufferSizes: 524288,1048576,2097152,262144,524288,1048576}}  nc{[ Transports: CELLULAR Capabilities: MMS&SUPL&FOTA&IMS&CBS&IA&INTERNET&NOT_RESTRICTED&TRUSTED&NOT_VPN LinkUpBandwidth>=51200Kbps LinkDnBandwidth>=102400Kbps Specifier: <1>]}  Score{10}  everValidated{false}  lastValidated{false}  created{false} lingering{false} explicitlySelected{false} acceptUnvalidated{false} everCaptivePortalDetected{false} lastCaptivePortalDetected{false} }
03-17 17:55:09.749  1544  1651 D ConnectivityService: NetworkAgentInfo [MOBILE (LTE) - 100] EVENT_NETWORK_INFO_CHANGED, going from null to CONNECTED
03-17 17:55:09.749  1544  1651 D ConnectivityService: Adding iface eth0 to network 100
03-17 17:55:09.751  1544  1651 D ConnectivityService: Setting DNS servers for network 100 to [/10.0.2.3, /10.0.2.4]
03-17 17:55:09.752  2258  2258 E ActivityThread: Failed to find provider info for com.google.android.gsf.gservices
03-17 17:55:09.753  2258  2258 I chatty  : uid=10016(u0_a16) identical 1 line
03-17 17:55:09.753  2258  2258 E ActivityThread: Failed to find provider info for com.google.android.gsf.gservices
03-17 17:55:09.760  1544  1651 D ConnectivityService: Switching to new default network: NetworkAgentInfo{ ni{[type: MOBILE[LTE], state: CONNECTED/CONNECTED, reason: connected, extra: epc.tmobile.com, failover: false, available: true, roaming: false, metered: true]}  network{100}  nethandle{429513165534}  lp{{InterfaceName: eth0 LinkAddresses: [10.0.2.15/24,]  Routes: [0.0.0.0/0 -> 10.0.2.2 eth0,] DnsAddresses: [10.0.2.3,10.0.2.4,] Domains: null MTU: 1500 TcpBufferSizes: 524288,1048576,2097152,262144,524288,1048576}}  nc{[ Transports: CELLULAR Capabilities: MMS&SUPL&FOTA&IMS&CBS&IA&INTERNET&NOT_RESTRICTED&TRUSTED&NOT_VPN&FOREGROUND LinkUpBandwidth>=51200Kbps LinkDnBandwidth>=102400Kbps Specifier: <1>]}  Score{10}  everValidated{false}  lastValidated{false}  created{true} lingering{false} explicitlySelected{false} acceptUnvalidated{false} everCaptivePortalDetected{false} lastCaptivePortalDetected{false} }
03-17 17:55:09.774  1544  1554 W ActivityManager: Unable to start service Intent { act=com.google.android.gms.feedback.internal.IFeedbackService pkg=com.google.android.gms } U=0: not found
03-17 17:55:09.774  2258  2258 E ActivityThread: Failed to find provider info for com.google.android.gsf.gservices
03-17 17:55:09.774  1544  1685 W ActivityManager: Unbind failed: could not find connection for android.os.BinderProxy@a5b1060
03-17 17:55:09.778  1544  1554 W ActivityManager: Unable to start service Intent { act=com.google.android.gms.phenotype.service.START pkg=com.google.android.gms } U=0: not found
03-17 17:55:09.780  1544  1685 W ActivityManager: Unbind failed: could not find connection for android.os.BinderProxy@2036919
03-17 17:55:09.786  1544  1651 D ConnectivityService: Sending CONNECTED broadcast for type 0 NetworkAgentInfo [MOBILE (LTE) - 100] isDefaultNetwork=true
03-17 17:55:09.794  1544  1555 I ActivityManager: Start proc 2292:android.process.acore/u0a1 for content provider com.android.providers.blockednumber/.BlockedNumberProvider
03-17 17:55:09.796  2258  2258 E ActivityThread: Failed to find provider info for com.google.android.gsf.gservices
